2026-09-30 11:59:03.486 [info] Reading sessions from keychain...
2026-09-30 11:59:03.486 [info] Getting sessions for all scopes...
2026-09-30 11:59:03.486 [info] Got 0 sessions for all scopes...
2026-09-30 11:59:03.486 [info] Getting sessions for all scopes...
2026-09-30 11:59:03.486 [info] Got 0 sessions for all scopes...
2026-09-30 11:59:03.486 [info] Getting sessions for all scopes...
2026-09-30 11:59:03.486 [info] Got 0 sessions for all scopes...
2026-09-30 11:59:03.486 [info] Getting sessions for all scopes...
2026-09-30 11:59:03.486 [info] Got 0 sessions for all scopes...
2026-09-30 11:59:03.486 [info] Getting sessions for read:user,user:email...
2026-09-30 11:59:03.486 [info] Got 0 sessions for read:user,user:email...
2026-09-30 11:59:03.486 [info] Getting sessions for read:user,user:email...
2026-09-30 11:59:03.486 [info] Got 0 sessions for read:user,user:email...
2026-09-30 11:59:03.486 [info] Getting sessions for all scopes...
2026-09-30 11:59:03.486 [info] Got 0 sessions for all scopes...
2026-09-30 11:59:03.487 [info] Getting sessions for all scopes...
2026-09-30 11:59:03.487 [info] Got 0 sessions for all scopes...
2026-09-30 11:59:03.487 [info] Getting sessions for read:user,user:email...
2026-09-30 11:59:03.487 [info] Got 0 sessions for read:user,user:email...
2026-09-30 11:59:04.238 [info] Getting sessions for read:user,user:email...
2026-09-30 11:59:04.239 [info] Got 0 sessions for read:user,user:email...
2026-09-30 11:59:04.239 [info] Getting sessions for read:user,user:email...
2026-09-30 11:59:04.239 [info] Got 0 sessions for read:user,user:email...
2026-09-30 11:59:04.239 [info] Getting sessions for read:user,user:email...
2026-09-30 11:59:04.239 [info] Got 0 sessions for read:user,user:email...
2026-09-30 11:59:04.240 [info] Getting sessions for read:user,user:email...
2026-09-30 11:59:04.240 [info] Got 0 sessions for read:user,user:email...
2026-09-30 11:59:04.240 [info] Getting sessions for read:user,user:email...
2026-09-30 11:59:04.240 [info] Got 0 sessions for read:user,user:email...
2026-09-30 11:59:04.553 [info] Getting sessions for all scopes...
2026-09-30 11:59:04.553 [info] Got 0 sessions for all scopes...
2026-09-30 11:59:04.554 [info] Getting sessions for all scopes...
2026-09-30 11:59:04.554 [info] Got 0 sessions for all scopes...
2026-09-30 11:59:04.554 [info] Getting sessions for all scopes...
2026-09-30 11:59:04.554 [info] Got 0 sessions for all scopes...
2026-09-30 11:59:04.554 [info] Getting sessions for all scopes...
2026-09-30 11:59:04.554 [info] Got 0 sessions for all scopes...
2026-09-30 11:59:04.641 [info] Getting sessions for all scopes...
2026-09-30 11:59:04.643 [info] Got 0 sessions for all scopes...
2026-09-30 11:59:04.782 [info] Getting sessions for all scopes...
2026-09-30 11:59:04.783 [info] Got 0 sessions for all scopes...
2026-09-30 11:59:04.783 [info] Getting sessions for all scopes...
2026-09-30 11:59:04.784 [info] Got 0 sessions for all scopes...
2026-09-30 11:59:04.784 [info] Getting sessions for all scopes...
2026-09-30 11:59:04.784 [info] Got 0 sessions for all scopes...
2026-09-30 11:59:04.784 [info] Getting sessions for all scopes...
2026-09-30 11:59:04.784 [info] Got 0 sessions for all scopes...
2026-09-30 11:59:05.635 [info] Getting sessions for repo...
2026-09-30 11:59:05.635 [info] Got 0 sessions for repo...
2026-09-30 11:59:05.635 [info] Getting sessions for repo...
2026-09-30 11:59:05.635 [info] Got 0 sessions for repo...
2026-09-30 11:59:05.636 [info] Getting sessions for repo...
2026-09-30 11:59:05.636 [info] Got 0 sessions for repo...
2026-09-30 11:59:06.739 [info] Getting sessions for repo...
2026-09-30 11:59:06.739 [info] Got 0 sessions for repo...
2026-09-30 11:59:06.739 [info] Getting sessions for repo...
2026-09-30 11:59:06.739 [info] Got 0 sessions for repo...
2026-09-30 11:59:06.739 [info] Getting sessions for repo...
2026-09-30 11:59:06.739 [info] Got 0 sessions for repo...
2026-09-30 11:59:06.740 [info] Getting sessions for repo...
2026-09-30 11:59:06.740 [info] Got 0 sessions for repo...
2026-09-30 11:59:06.740 [info] Getting sessions for repo...
2026-09-30 11:59:06.740 [info] Got 0 sessions for repo...
2026-09-30 11:59:07.586 [info] Getting sessions for all scopes...
2026-09-30 11:59:07.587 [info] Got 0 sessions for all scopes...
2026-09-30 11:59:07.587 [info] Getting sessions for all scopes...
2026-09-30 11:59:07.587 [info] Got 0 sessions for all scopes...
2026-09-30 11:59:07.587 [info] Getting sessions for all scopes...
2026-09-30 11:59:07.587 [info] Got 0 sessions for all scopes...
2026-09-30 11:59:08.022 [info] Getting sessions for all scopes...
2026-09-30 11:59:08.023 [info] Got 0 sessions for all scopes...
2026-09-30 11:59:08.023 [info] Getting sessions for all scopes...
2026-09-30 11:59:08.023 [info] Got 0 sessions for all scopes...
2026-09-30 11:59:08.023 [info] Getting sessions for all scopes...
2026-09-30 11:59:08.023 [info] Got 0 sessions for all scopes...
2026-09-30 11:59:08.023 [info] Getting sessions for all scopes...
2026-09-30 11:59:08.023 [info] Got 0 sessions for all scopes...
2026-09-30 11:59:08.023 [info] Getting sessions for all scopes...
2026-09-30 11:59:08.023 [info] Got 0 sessions for all scopes...
