2026-10-02 11:05:02.265 [info] Reading sessions from keychain...
2026-10-02 11:05:02.265 [info] Getting sessions for all scopes...
2026-10-02 11:05:02.265 [info] Got 0 sessions for all scopes...
2026-10-02 11:05:02.265 [info] Getting sessions for all scopes...
2026-10-02 11:05:02.265 [info] Got 0 sessions for all scopes...
2026-10-02 11:05:02.265 [info] Getting sessions for all scopes...
2026-10-02 11:05:02.265 [info] Got 0 sessions for all scopes...
2026-10-02 11:05:02.265 [info] Getting sessions for all scopes...
2026-10-02 11:05:02.265 [info] Got 0 sessions for all scopes...
2026-10-02 11:05:02.265 [info] Getting sessions for all scopes...
2026-10-02 11:05:02.265 [info] Got 0 sessions for all scopes...
2026-10-02 11:05:02.265 [info] Getting sessions for all scopes...
2026-10-02 11:05:02.265 [info] Got 0 sessions for all scopes...
2026-10-02 11:05:02.280 [info] Getting sessions for read:user,user:email...
2026-10-02 11:05:02.281 [info] Got 0 sessions for read:user,user:email...
2026-10-02 11:05:02.343 [info] Getting sessions for all scopes...
2026-10-02 11:05:02.344 [info] Got 0 sessions for all scopes...
2026-10-02 11:05:03.249 [info] Getting sessions for all scopes...
2026-10-02 11:05:03.249 [info] Got 0 sessions for all scopes...
2026-10-02 11:05:04.577 [info] Getting sessions for read:user,user:email...
2026-10-02 11:05:04.578 [info] Got 0 sessions for read:user,user:email...
2026-10-02 11:05:04.580 [info] Getting sessions for read:user,user:email...
2026-10-02 11:05:04.580 [info] Got 0 sessions for read:user,user:email...
2026-10-02 11:05:04.582 [info] Getting sessions for read:user,user:email...
2026-10-02 11:05:04.583 [info] Got 0 sessions for read:user,user:email...
2026-10-02 11:05:04.588 [info] Getting sessions for read:user,user:email...
2026-10-02 11:05:04.589 [info] Got 0 sessions for read:user,user:email...
2026-10-02 11:05:04.589 [info] Getting sessions for read:user,user:email...
2026-10-02 11:05:04.590 [info] Got 0 sessions for read:user,user:email...
2026-10-02 11:05:04.593 [info] Getting sessions for repo...
2026-10-02 11:05:04.594 [info] Got 0 sessions for repo...
2026-10-02 11:05:05.270 [info] Getting sessions for all scopes...
2026-10-02 11:05:05.270 [info] Got 0 sessions for all scopes...
2026-10-02 11:05:05.380 [info] Getting sessions for all scopes...
2026-10-02 11:05:05.381 [info] Got 0 sessions for all scopes...
2026-10-02 11:05:05.394 [info] Getting sessions for all scopes...
2026-10-02 11:05:05.394 [info] Got 0 sessions for all scopes...
2026-10-02 11:05:05.435 [info] Getting sessions for all scopes...
2026-10-02 11:05:05.435 [info] Got 0 sessions for all scopes...
2026-10-02 11:05:05.436 [info] Getting sessions for all scopes...
2026-10-02 11:05:05.436 [info] Got 0 sessions for all scopes...
2026-10-02 11:05:05.543 [info] Getting sessions for all scopes...
2026-10-02 11:05:05.543 [info] Got 0 sessions for all scopes...
2026-10-02 11:05:05.666 [info] Getting sessions for all scopes...
2026-10-02 11:05:05.667 [info] Got 0 sessions for all scopes...
2026-10-02 11:05:11.363 [info] Getting sessions for repo...
2026-10-02 11:05:11.364 [info] Got 0 sessions for repo...
2026-10-02 11:05:11.367 [info] Getting sessions for repo...
2026-10-02 11:05:11.367 [info] Got 0 sessions for repo...
2026-10-02 11:05:11.372 [info] Getting sessions for repo...
2026-10-02 11:05:11.372 [info] Got 0 sessions for repo...
2026-10-02 11:05:11.400 [info] Getting sessions for repo...
2026-10-02 11:05:11.400 [info] Got 0 sessions for repo...
2026-10-02 11:05:11.400 [info] Getting sessions for repo...
2026-10-02 11:05:11.400 [info] Got 0 sessions for repo...
2026-10-02 11:05:12.392 [info] Getting sessions for all scopes...
2026-10-02 11:05:12.392 [info] Got 0 sessions for all scopes...
2026-10-02 11:05:12.397 [info] Getting sessions for all scopes...
2026-10-02 11:05:12.398 [info] Got 0 sessions for all scopes...
2026-10-02 11:05:12.400 [info] Getting sessions for all scopes...
2026-10-02 11:05:12.401 [info] Got 0 sessions for all scopes...
2026-10-02 11:05:12.409 [info] Getting sessions for all scopes...
2026-10-02 11:05:12.410 [info] Got 0 sessions for all scopes...
2026-10-02 11:05:12.410 [info] Getting sessions for all scopes...
2026-10-02 11:05:12.410 [info] Got 0 sessions for all scopes...
