2026-09-29 18:33:40.205 [info] [main] Log level: Info
2026-09-29 18:33:40.208 [info] [main] Validating found git in: "git"
2026-09-29 18:33:40.209 [info] [main] Using git "2.55.0" from "git"
2026-09-29 18:33:40.209 [info] [Model][doInitialScan] Initial repository scan started
2026-09-29 18:33:40.209 [info] > git rev-parse --show-toplevel [59ms]
2026-09-29 18:33:40.225 [info] > git rev-parse --git-dir --git-common-dir --show-superproject-working-tree [116ms]
2026-09-29 18:33:41.427 [info] [Model][openRepository] Opened repository (path): /data/data/com.termux/files/home
2026-09-29 18:33:41.427 [info] [Model][openRepository] Opened repository (real path): /data/data/com.termux/files/home
2026-09-29 18:33:41.428 [info] [Model][openRepository] Opened repository (kind): repository
2026-09-29 18:33:41.619 [info] > git config --get --local core.virtualfilesystem [123ms]
2026-09-29 18:33:41.620 [warning] [Git][config] git config failed: Failed to execute git
2026-09-29 18:33:41.635 [info] > git config --get commit.template [73ms]
2026-09-29 18:33:41.688 [info] > git rev-parse --show-toplevel [103ms]
2026-09-29 18:33:41.793 [info] > git for-each-ref --format=%(refname)%00%(upstream:short)%00%(objectname)%00%(upstream:track)%00%(upstream:remotename)%00%(upstream:remoteref) refs/heads/main refs/remotes/main [113ms]
2026-09-29 18:33:42.148 [info] > git rev-parse --show-toplevel [362ms]
2026-09-29 18:33:42.153 [info] > git for-each-ref --sort -committerdate --format %(refname)%00%(objectname)%00%(*objectname) [108ms]
2026-09-29 18:33:42.281 [info] > git rev-parse --show-toplevel [84ms]
2026-09-29 18:33:42.579 [info] > git rev-parse --show-toplevel [118ms]
2026-09-29 18:33:42.700 [info] > git rev-parse --show-toplevel [38ms]
2026-09-29 18:33:43.209 [info] > git rev-parse --show-toplevel [449ms]
2026-09-29 18:33:43.351 [info] [Model][doInitialScan] Initial repository scan completed - repositories (1), closed repositories (0), parent repositories (0), unsafe repositories (0)
2026-09-29 18:33:43.390 [info] > git check-ignore -v -z --stdin [178ms]
2026-09-29 18:33:45.328 [info] > git status -z -uall [3400ms]
2026-09-29 18:33:47.472 [info] > git config --get commit.template [371ms]
2026-09-29 18:33:47.473 [info] > git for-each-ref --format=%(refname)%00%(upstream:short)%00%(objectname)%00%(upstream:track)%00%(upstream:remotename)%00%(upstream:remoteref) refs/heads/main refs/remotes/main [1457ms]
2026-09-29 18:33:47.738 [info] > git config --get --local branch.main.vscode-merge-base [201ms]
2026-09-29 18:33:47.821 [info] > git for-each-ref --format=%(refname)%00%(upstream:short)%00%(objectname)%00%(upstream:track)%00%(upstream:remotename)%00%(upstream:remoteref) refs/heads/main refs/remotes/main [162ms]
2026-09-29 18:33:47.846 [info] > git for-each-ref --format=%(refname)%00%(upstream:short)%00%(objectname)%00%(upstream:track)%00%(upstream:remotename)%00%(upstream:remoteref) refs/heads/origin/main refs/remotes/origin/main [33ms]
2026-09-29 18:33:48.156 [info] > git merge-base refs/heads/main refs/remotes/origin/main [250ms]
2026-09-29 18:33:48.326 [info] > git for-each-ref --sort -committerdate --format %(refname)%00%(objectname)%00%(*objectname) [190ms]
2026-09-29 18:33:48.372 [info] > git status -z -uall [364ms]
2026-09-29 18:33:49.359 [info] > git diff --raw --numstat --diff-filter=ADMR -z --find-renames=50% 0edc6644aa6dc81c4a7c1aee658addd5697fba4e...refs/remotes/origin/main -- [1060ms]
2026-09-29 18:33:49.367 [info] > git merge-base refs/heads/main refs/remotes/origin/main [860ms]
2026-09-29 18:33:49.465 [info] > git diff --raw --numstat --diff-filter=ADMR -z --find-renames=50% 0edc6644aa6dc81c4a7c1aee658addd5697fba4e...refs/remotes/origin/main -- [41ms]
2026-09-29 18:33:50.915 [info] > git config --get commit.template [184ms]
2026-09-29 18:33:51.316 [info] > git for-each-ref --format=%(refname)%00%(upstream:short)%00%(objectname)%00%(upstream:track)%00%(upstream:remotename)%00%(upstream:remoteref) refs/heads/main refs/remotes/main [411ms]
2026-09-29 18:33:51.584 [info] > git check-ignore -v -z --stdin [274ms]
2026-09-29 18:33:51.600 [info] > git for-each-ref --sort -committerdate --format %(refname)%00%(objectname)%00%(*objectname) [65ms]
2026-09-29 18:33:51.627 [info] > git status -z -uall [217ms]
2026-09-29 18:33:54.641 [info] > git show --textconv :README.md [237ms]
2026-09-29 18:33:54.662 [info] > git ls-files --stage -- README.md [33ms]
2026-09-29 18:33:55.122 [info] > git cat-file -s c6bdd592cd65a122bcc8a4978e0343cfcc0af740 [373ms]
2026-09-29 18:33:58.644 [info] > git check-ignore -v -z --stdin [106ms]
2026-09-29 18:36:46.125 [info] > git config --get commit.template [46ms]
2026-09-29 18:36:46.134 [info] > git for-each-ref --format=%(refname)%00%(upstream:short)%00%(objectname)%00%(upstream:track)%00%(upstream:remotename)%00%(upstream:remoteref) refs/heads/main refs/remotes/main [22ms]
2026-09-29 18:36:46.228 [info] > git for-each-ref --sort -committerdate --format %(refname)%00%(objectname)%00%(*objectname) [21ms]
2026-09-29 18:36:46.270 [info] > git status -z -uall [101ms]
2026-09-29 18:36:46.935 [info] > git check-ignore -v -z --stdin [19ms]
2026-09-29 18:36:51.407 [info] > git config --get commit.template [43ms]
2026-09-29 18:36:51.424 [info] > git for-each-ref --format=%(refname)%00%(upstream:short)%00%(objectname)%00%(upstream:track)%00%(upstream:remotename)%00%(upstream:remoteref) refs/heads/main refs/remotes/main [22ms]
2026-09-29 18:36:51.501 [info] > git status -z -uall [43ms]
2026-09-29 18:36:51.511 [info] > git for-each-ref --sort -committerdate --format %(refname)%00%(objectname)%00%(*objectname) [19ms]
2026-09-29 18:36:52.090 [info] > git check-ignore -v -z --stdin [15ms]
2026-09-29 18:36:56.607 [info] > git config --get commit.template [32ms]
2026-09-29 18:36:56.620 [info] > git for-each-ref --format=%(refname)%00%(upstream:short)%00%(objectname)%00%(upstream:track)%00%(upstream:remotename)%00%(upstream:remoteref) refs/heads/main refs/remotes/main [18ms]
2026-09-29 18:36:56.694 [info] > git status -z -uall [46ms]
2026-09-29 18:36:56.707 [info] > git for-each-ref --sort -committerdate --format %(refname)%00%(objectname)%00%(*objectname) [24ms]
2026-09-29 18:36:57.328 [info] > git check-ignore -v -z --stdin [17ms]
2026-09-29 18:37:01.830 [info] > git config --get commit.template [49ms]
2026-09-29 18:37:01.845 [info] > git for-each-ref --format=%(refname)%00%(upstream:short)%00%(objectname)%00%(upstream:track)%00%(upstream:remotename)%00%(upstream:remoteref) refs/heads/main refs/remotes/main [22ms]
2026-09-29 18:37:01.931 [info] > git status -z -uall [49ms]
2026-09-29 18:37:01.943 [info] > git for-each-ref --sort -committerdate --format %(refname)%00%(objectname)%00%(*objectname) [23ms]
2026-09-29 18:37:02.512 [info] > git check-ignore -v -z --stdin [17ms]
2026-09-29 18:37:07.065 [info] > git config --get commit.template [47ms]
2026-09-29 18:37:07.081 [info] > git for-each-ref --format=%(refname)%00%(upstream:short)%00%(objectname)%00%(upstream:track)%00%(upstream:remotename)%00%(upstream:remoteref) refs/heads/main refs/remotes/main [23ms]
2026-09-29 18:37:07.160 [info] > git status -z -uall [41ms]
2026-09-29 18:37:07.180 [info] > git for-each-ref --sort -committerdate --format %(refname)%00%(objectname)%00%(*objectname) [24ms]
2026-09-29 18:37:07.779 [info] > git check-ignore -v -z --stdin [17ms]
2026-09-29 18:37:09.085 [info] > git check-ignore -v -z --stdin [33ms]
2026-09-29 18:37:09.238 [info] > git show --textconv :Main.java [80ms]
2026-09-29 18:37:09.283 [info] > git ls-files --stage -- Main.java [57ms]
2026-09-29 18:37:09.359 [info] > git cat-file -s d9508b998b88252f972df90cf8f665c57786e712 [39ms]
2026-09-29 18:37:12.285 [info] > git config --get commit.template [37ms]
2026-09-29 18:37:12.299 [info] > git for-each-ref --format=%(refname)%00%(upstream:short)%00%(objectname)%00%(upstream:track)%00%(upstream:remotename)%00%(upstream:remoteref) refs/heads/main refs/remotes/main [19ms]
2026-09-29 18:37:12.361 [info] > git status -z -uall [35ms]
2026-09-29 18:37:12.379 [info] > git for-each-ref --sort -committerdate --format %(refname)%00%(objectname)%00%(*objectname) [20ms]
2026-09-29 18:37:12.957 [info] > git check-ignore -v -z --stdin [18ms]
2026-09-29 18:37:13.039 [info] > git show --textconv :README.md [35ms]
2026-09-29 18:37:13.054 [info] > git ls-files --stage -- README.md [17ms]
2026-09-29 18:37:13.109 [info] > git cat-file -s c6bdd592cd65a122bcc8a4978e0343cfcc0af740 [22ms]
2026-09-29 18:37:13.214 [info] > git check-ignore -v -z --stdin [21ms]
2026-09-29 18:37:16.349 [info] > git -c i18n.logOutputEncoding=UTF-8 blame --root --incremental 0edc6644aa6dc81c4a7c1aee658addd5697fba4e -- README.md [39ms]
2026-09-29 18:37:17.503 [info] > git config --get commit.template [50ms]
2026-09-29 18:37:17.511 [info] > git for-each-ref --format=%(refname)%00%(upstream:short)%00%(objectname)%00%(upstream:track)%00%(upstream:remotename)%00%(upstream:remoteref) refs/heads/main refs/remotes/main [18ms]
2026-09-29 18:37:17.582 [info] > git status -z -uall [35ms]
2026-09-29 18:37:17.600 [info] > git for-each-ref --sort -committerdate --format %(refname)%00%(objectname)%00%(*objectname) [21ms]
2026-09-29 18:37:18.316 [info] > git check-ignore -v -z --stdin [19ms]
2026-09-29 18:37:22.706 [info] > git config --get commit.template [37ms]
2026-09-29 18:37:22.723 [info] > git for-each-ref --format=%(refname)%00%(upstream:short)%00%(objectname)%00%(upstream:track)%00%(upstream:remotename)%00%(upstream:remoteref) refs/heads/main refs/remotes/main [20ms]
2026-09-29 18:37:22.798 [info] > git status -z -uall [44ms]
2026-09-29 18:37:22.806 [info] > git for-each-ref --sort -committerdate --format %(refname)%00%(objectname)%00%(*objectname) [16ms]
2026-09-29 18:37:23.412 [info] > git check-ignore -v -z --stdin [19ms]
2026-09-29 18:37:27.910 [info] > git config --get commit.template [41ms]
2026-09-29 18:37:27.923 [info] > git for-each-ref --format=%(refname)%00%(upstream:short)%00%(objectname)%00%(upstream:track)%00%(upstream:remotename)%00%(upstream:remoteref) refs/heads/main refs/remotes/main [20ms]
2026-09-29 18:37:28.002 [info] > git status -z -uall [42ms]
2026-09-29 18:37:28.020 [info] > git for-each-ref --sort -committerdate --format %(refname)%00%(objectname)%00%(*objectname) [24ms]
2026-09-29 18:37:28.801 [info] > git check-ignore -v -z --stdin [23ms]
2026-09-29 18:37:33.121 [info] > git config --get commit.template [44ms]
2026-09-29 18:37:33.132 [info] > git for-each-ref --format=%(refname)%00%(upstream:short)%00%(objectname)%00%(upstream:track)%00%(upstream:remotename)%00%(upstream:remoteref) refs/heads/main refs/remotes/main [20ms]
2026-09-29 18:37:33.208 [info] > git status -z -uall [43ms]
2026-09-29 18:37:33.220 [info] > git for-each-ref --sort -committerdate --format %(refname)%00%(objectname)%00%(*objectname) [19ms]
2026-09-29 18:37:33.833 [info] > git check-ignore -v -z --stdin [18ms]
2026-09-29 18:37:38.327 [info] > git config --get commit.template [37ms]
2026-09-29 18:37:38.341 [info] > git for-each-ref --format=%(refname)%00%(upstream:short)%00%(objectname)%00%(upstream:track)%00%(upstream:remotename)%00%(upstream:remoteref) refs/heads/main refs/remotes/main [18ms]
2026-09-29 18:37:38.414 [info] > git status -z -uall [35ms]
2026-09-29 18:37:38.433 [info] > git for-each-ref --sort -committerdate --format %(refname)%00%(objectname)%00%(*objectname) [22ms]
2026-09-29 18:37:39.021 [info] > git check-ignore -v -z --stdin [18ms]
2026-09-29 18:37:42.637 [info] > git check-ignore -v -z --stdin [17ms]
2026-09-29 18:37:43.224 [info] > git check-ignore -v -z --stdin [17ms]
2026-09-29 18:37:43.533 [info] > git config --get commit.template [38ms]
2026-09-29 18:37:43.547 [info] > git for-each-ref --format=%(refname)%00%(upstream:short)%00%(objectname)%00%(upstream:track)%00%(upstream:remotename)%00%(upstream:remoteref) refs/heads/main refs/remotes/main [18ms]
2026-09-29 18:37:43.611 [info] > git status -z -uall [36ms]
2026-09-29 18:37:43.626 [info] > git for-each-ref --sort -committerdate --format %(refname)%00%(objectname)%00%(*objectname) [19ms]
2026-09-29 18:37:44.209 [info] > git check-ignore -v -z --stdin [16ms]
2026-09-29 18:37:50.078 [info] > git config --get commit.template [38ms]
2026-09-29 18:37:50.091 [info] > git for-each-ref --format=%(refname)%00%(upstream:short)%00%(objectname)%00%(upstream:track)%00%(upstream:remotename)%00%(upstream:remoteref) refs/heads/main refs/remotes/main [19ms]
2026-09-29 18:37:50.158 [info] > git status -z -uall [36ms]
2026-09-29 18:37:50.173 [info] > git for-each-ref --sort -committerdate --format %(refname)%00%(objectname)%00%(*objectname) [18ms]
2026-09-29 18:37:50.768 [info] > git check-ignore -v -z --stdin [15ms]
2026-09-29 18:37:52.691 [info] > git check-ignore -v -z --stdin [21ms]
2026-09-29 18:37:56.073 [info] > git config --get commit.template [38ms]
2026-09-29 18:37:56.087 [info] > git for-each-ref --format=%(refname)%00%(upstream:short)%00%(objectname)%00%(upstream:track)%00%(upstream:remotename)%00%(upstream:remoteref) refs/heads/main refs/remotes/main [17ms]
2026-09-29 18:37:56.152 [info] > git status -z -uall [35ms]
2026-09-29 18:37:56.166 [info] > git for-each-ref --sort -committerdate --format %(refname)%00%(objectname)%00%(*objectname) [19ms]
2026-09-29 18:37:56.824 [info] > git check-ignore -v -z --stdin [16ms]
2026-09-29 18:38:06.104 [info] > git config --get commit.template [37ms]
2026-09-29 18:38:06.118 [info] > git for-each-ref --format=%(refname)%00%(upstream:short)%00%(objectname)%00%(upstream:track)%00%(upstream:remotename)%00%(upstream:remoteref) refs/heads/main refs/remotes/main [18ms]
2026-09-29 18:38:06.187 [info] > git status -z -uall [34ms]
2026-09-29 18:38:06.202 [info] > git for-each-ref --sort -committerdate --format %(refname)%00%(objectname)%00%(*objectname) [18ms]
2026-09-29 18:38:06.783 [info] > git check-ignore -v -z --stdin [20ms]
2026-09-29 18:38:13.091 [info] > git config --get commit.template [47ms]
2026-09-29 18:38:13.102 [info] > git for-each-ref --format=%(refname)%00%(upstream:short)%00%(objectname)%00%(upstream:track)%00%(upstream:remotename)%00%(upstream:remoteref) refs/heads/main refs/remotes/main [17ms]
2026-09-29 18:38:13.167 [info] > git status -z -uall [37ms]
2026-09-29 18:38:13.185 [info] > git for-each-ref --sort -committerdate --format %(refname)%00%(objectname)%00%(*objectname) [21ms]
2026-09-29 18:38:13.946 [info] > git check-ignore -v -z --stdin [25ms]
2026-09-29 18:38:14.881 [info] > git check-ignore -v -z --stdin [16ms]
2026-09-29 18:38:16.333 [info] > git check-ignore -v -z --stdin [35ms]
2026-09-29 18:38:18.281 [info] > git config --get commit.template [37ms]
2026-09-29 18:38:18.297 [info] > git for-each-ref --format=%(refname)%00%(upstream:short)%00%(objectname)%00%(upstream:track)%00%(upstream:remotename)%00%(upstream:remoteref) refs/heads/main refs/remotes/main [19ms]
2026-09-29 18:38:18.363 [info] > git status -z -uall [36ms]
2026-09-29 18:38:18.381 [info] > git for-each-ref --sort -committerdate --format %(refname)%00%(objectname)%00%(*objectname) [21ms]
2026-09-29 18:38:19.028 [info] > git check-ignore -v -z --stdin [19ms]
2026-09-29 18:38:23.473 [info] > git config --get commit.template [36ms]
2026-09-29 18:38:23.490 [info] > git for-each-ref --format=%(refname)%00%(upstream:short)%00%(objectname)%00%(upstream:track)%00%(upstream:remotename)%00%(upstream:remoteref) refs/heads/main refs/remotes/main [21ms]
2026-09-29 18:38:23.559 [info] > git status -z -uall [37ms]
2026-09-29 18:38:23.578 [info] > git for-each-ref --sort -committerdate --format %(refname)%00%(objectname)%00%(*objectname) [22ms]
2026-09-29 18:38:24.144 [info] > git check-ignore -v -z --stdin [17ms]
2026-09-29 18:38:26.879 [info] > git check-ignore -v -z --stdin [17ms]
2026-09-29 18:38:27.784 [info] > git check-ignore -v -z --stdin [21ms]
2026-09-29 18:38:28.674 [info] > git config --get commit.template [44ms]
2026-09-29 18:38:28.680 [info] > git for-each-ref --format=%(refname)%00%(upstream:short)%00%(objectname)%00%(upstream:track)%00%(upstream:remotename)%00%(upstream:remoteref) refs/heads/main refs/remotes/main [18ms]
2026-09-29 18:38:28.748 [info] > git status -z -uall [35ms]
2026-09-29 18:38:28.763 [info] > git for-each-ref --sort -committerdate --format %(refname)%00%(objectname)%00%(*objectname) [20ms]
2026-09-29 18:38:29.551 [info] > git check-ignore -v -z --stdin [19ms]
2026-09-29 18:38:29.786 [info] > git check-ignore -v -z --stdin [18ms]
2026-09-29 18:38:30.083 [info] > git check-ignore -v -z --stdin [18ms]
2026-09-29 18:38:31.339 [info] > git check-ignore -v -z --stdin [16ms]
2026-09-29 18:38:31.474 [info] > git check-ignore -v -z --stdin [15ms]
2026-09-29 18:38:32.794 [info] > git check-ignore -v -z --stdin [17ms]
2026-09-29 18:38:33.849 [info] > git config --get commit.template [35ms]
2026-09-29 18:38:33.864 [info] > git for-each-ref --format=%(refname)%00%(upstream:short)%00%(objectname)%00%(upstream:track)%00%(upstream:remotename)%00%(upstream:remoteref) refs/heads/main refs/remotes/main [19ms]
2026-09-29 18:38:33.928 [info] > git status -z -uall [33ms]
2026-09-29 18:38:33.941 [info] > git for-each-ref --sort -committerdate --format %(refname)%00%(objectname)%00%(*objectname) [18ms]
2026-09-29 18:38:34.531 [info] > git check-ignore -v -z --stdin [16ms]
2026-09-29 18:38:43.236 [info] > git config --get commit.template [38ms]
2026-09-29 18:38:43.249 [info] > git for-each-ref --format=%(refname)%00%(upstream:short)%00%(objectname)%00%(upstream:track)%00%(upstream:remotename)%00%(upstream:remoteref) refs/heads/main refs/remotes/main [18ms]
2026-09-29 18:38:43.312 [info] > git status -z -uall [32ms]
2026-09-29 18:38:43.328 [info] > git for-each-ref --sort -committerdate --format %(refname)%00%(objectname)%00%(*objectname) [18ms]
2026-09-29 18:38:43.903 [info] > git check-ignore -v -z --stdin [20ms]
2026-09-29 18:38:46.007 [info] > git check-ignore -v -z --stdin [20ms]
2026-09-29 18:38:46.656 [info] > git check-ignore -v -z --stdin [18ms]
2026-09-29 18:38:47.191 [info] > git check-ignore -v -z --stdin [16ms]
2026-09-29 18:38:48.432 [info] > git config --get commit.template [41ms]
2026-09-29 18:38:48.445 [info] > git for-each-ref --format=%(refname)%00%(upstream:short)%00%(objectname)%00%(upstream:track)%00%(upstream:remotename)%00%(upstream:remoteref) refs/heads/main refs/remotes/main [18ms]
2026-09-29 18:38:48.513 [info] > git status -z -uall [36ms]
2026-09-29 18:38:48.527 [info] > git for-each-ref --sort -committerdate --format %(refname)%00%(objectname)%00%(*objectname) [18ms]
2026-09-29 18:38:49.092 [info] > git check-ignore -v -z --stdin [18ms]
2026-09-29 18:38:51.594 [info] > git check-ignore -v -z --stdin [18ms]
2026-09-29 18:38:53.625 [info] > git config --get commit.template [38ms]
2026-09-29 18:38:53.639 [info] > git for-each-ref --format=%(refname)%00%(upstream:short)%00%(objectname)%00%(upstream:track)%00%(upstream:remotename)%00%(upstream:remoteref) refs/heads/main refs/remotes/main [16ms]
2026-09-29 18:38:53.708 [info] > git status -z -uall [37ms]
2026-09-29 18:38:53.724 [info] > git for-each-ref --sort -committerdate --format %(refname)%00%(objectname)%00%(*objectname) [20ms]
2026-09-29 18:38:54.332 [info] > git check-ignore -v -z --stdin [16ms]
2026-09-29 18:38:58.918 [info] > git config --get commit.template [90ms]
2026-09-29 18:38:58.959 [info] > git for-each-ref --format=%(refname)%00%(upstream:short)%00%(objectname)%00%(upstream:track)%00%(upstream:remotename)%00%(upstream:remoteref) refs/heads/main refs/remotes/main [65ms]
2026-09-29 18:38:59.082 [info] > git status -z -uall [45ms]
2026-09-29 18:38:59.099 [info] > git for-each-ref --sort -committerdate --format %(refname)%00%(objectname)%00%(*objectname) [21ms]
2026-09-29 18:39:04.213 [info] > git config --get commit.template [48ms]
2026-09-29 18:39:04.227 [info] > git for-each-ref --format=%(refname)%00%(upstream:short)%00%(objectname)%00%(upstream:track)%00%(upstream:remotename)%00%(upstream:remoteref) refs/heads/main refs/remotes/main [20ms]
2026-09-29 18:39:04.307 [info] > git status -z -uall [45ms]
2026-09-29 18:39:04.324 [info] > git for-each-ref --sort -committerdate --format %(refname)%00%(objectname)%00%(*objectname) [22ms]
2026-09-29 18:39:09.433 [info] > git config --get commit.template [48ms]
2026-09-29 18:39:09.444 [info] > git for-each-ref --format=%(refname)%00%(upstream:short)%00%(objectname)%00%(upstream:track)%00%(upstream:remotename)%00%(upstream:remoteref) refs/heads/main refs/remotes/main [18ms]
2026-09-29 18:39:09.528 [info] > git status -z -uall [45ms]
2026-09-29 18:39:09.545 [info] > git for-each-ref --sort -committerdate --format %(refname)%00%(objectname)%00%(*objectname) [22ms]
2026-09-29 18:39:14.631 [info] > git config --get commit.template [35ms]
2026-09-29 18:39:14.646 [info] > git for-each-ref --format=%(refname)%00%(upstream:short)%00%(objectname)%00%(upstream:track)%00%(upstream:remotename)%00%(upstream:remoteref) refs/heads/main refs/remotes/main [19ms]
2026-09-29 18:39:14.722 [info] > git status -z -uall [39ms]
2026-09-29 18:39:14.738 [info] > git for-each-ref --sort -committerdate --format %(refname)%00%(objectname)%00%(*objectname) [20ms]
2026-09-29 18:39:15.360 [info] > git check-ignore -v -z --stdin [18ms]
2026-09-29 18:39:15.455 [info] > git show --textconv :Main.java [41ms]
2026-09-29 18:39:15.473 [info] > git ls-files --stage -- Main.java [22ms]
2026-09-29 18:39:15.528 [info] > git cat-file -s d9508b998b88252f972df90cf8f665c57786e712 [19ms]
2026-09-29 18:39:15.628 [info] > git check-ignore -v -z --stdin [18ms]
2026-09-29 18:39:17.392 [info] > git check-ignore -v -z --stdin [19ms]
2026-09-29 18:39:17.473 [info] > git show --textconv :README.md [36ms]
2026-09-29 18:39:17.492 [info] > git ls-files --stage -- README.md [22ms]
2026-09-29 18:39:17.550 [info] > git cat-file -s c6bdd592cd65a122bcc8a4978e0343cfcc0af740 [18ms]
2026-09-29 18:39:23.717 [info] > git check-ignore -v -z --stdin [18ms]
2026-09-29 18:39:24.308 [info] > git config --get commit.template [36ms]
2026-09-29 18:39:24.323 [info] > git for-each-ref --format=%(refname)%00%(upstream:short)%00%(objectname)%00%(upstream:track)%00%(upstream:remotename)%00%(upstream:remoteref) refs/heads/main refs/remotes/main [18ms]
2026-09-29 18:39:24.391 [info] > git status -z -uall [38ms]
2026-09-29 18:39:24.406 [info] > git for-each-ref --sort -committerdate --format %(refname)%00%(objectname)%00%(*objectname) [18ms]
2026-09-29 18:39:24.811 [info] > git check-ignore -v -z --stdin [16ms]
2026-09-29 18:39:25.003 [info] > git check-ignore -v -z --stdin [16ms]
2026-09-29 18:39:25.492 [info] > git check-ignore -v -z --stdin [17ms]
2026-09-29 18:39:26.569 [info] > git check-ignore -v -z --stdin [20ms]
2026-09-29 18:39:27.823 [info] > git check-ignore -v -z --stdin [18ms]
2026-09-29 18:39:28.508 [info] > git check-ignore -v -z --stdin [18ms]
2026-09-29 18:39:29.098 [info] > git check-ignore -v -z --stdin [17ms]
2026-09-29 18:39:29.667 [info] > git check-ignore -v -z --stdin [17ms]
2026-09-29 18:39:30.288 [info] > git check-ignore -v -z --stdin [17ms]
2026-09-29 18:39:31.306 [info] > git check-ignore -v -z --stdin [16ms]
2026-09-29 18:39:32.111 [info] > git check-ignore -v -z --stdin [18ms]
2026-09-29 18:39:33.547 [info] > git check-ignore -v -z --stdin [18ms]
2026-09-29 18:39:34.509 [info] > git check-ignore -v -z --stdin [18ms]
2026-09-29 18:39:35.427 [info] > git check-ignore -v -z --stdin [18ms]
2026-09-29 18:39:36.048 [info] > git check-ignore -v -z --stdin [17ms]
2026-09-29 18:39:36.297 [info] > git config --get commit.template [40ms]
2026-09-29 18:39:36.311 [info] > git for-each-ref --format=%(refname)%00%(upstream:short)%00%(objectname)%00%(upstream:track)%00%(upstream:remotename)%00%(upstream:remoteref) refs/heads/main refs/remotes/main [18ms]
2026-09-29 18:39:36.377 [info] > git status -z -uall [36ms]
2026-09-29 18:39:36.396 [info] > git for-each-ref --sort -committerdate --format %(refname)%00%(objectname)%00%(*objectname) [23ms]
2026-09-29 18:39:36.973 [info] > git check-ignore -v -z --stdin [16ms]
2026-09-29 18:39:43.283 [info] > git check-ignore -v -z --stdin [17ms]
2026-09-29 18:39:46.311 [info] > git config --get commit.template [38ms]
2026-09-29 18:39:46.323 [info] > git for-each-ref --format=%(refname)%00%(upstream:short)%00%(objectname)%00%(upstream:track)%00%(upstream:remotename)%00%(upstream:remoteref) refs/heads/main refs/remotes/main [17ms]
2026-09-29 18:39:46.390 [info] > git status -z -uall [38ms]
2026-09-29 18:39:46.405 [info] > git for-each-ref --sort -committerdate --format %(refname)%00%(objectname)%00%(*objectname) [17ms]
2026-09-29 18:39:46.991 [info] > git check-ignore -v -z --stdin [20ms]
2026-09-29 18:39:51.504 [info] > git config --get commit.template [37ms]
2026-09-29 18:39:51.518 [info] > git for-each-ref --format=%(refname)%00%(upstream:short)%00%(objectname)%00%(upstream:track)%00%(upstream:remotename)%00%(upstream:remoteref) refs/heads/main refs/remotes/main [17ms]
2026-09-29 18:39:51.581 [info] > git status -z -uall [32ms]
2026-09-29 18:39:51.596 [info] > git for-each-ref --sort -committerdate --format %(refname)%00%(objectname)%00%(*objectname) [17ms]
2026-09-29 18:39:52.204 [info] > git check-ignore -v -z --stdin [16ms]
2026-09-29 18:39:56.695 [info] > git config --get commit.template [39ms]
2026-09-29 18:39:56.710 [info] > git for-each-ref --format=%(refname)%00%(upstream:short)%00%(objectname)%00%(upstream:track)%00%(upstream:remotename)%00%(upstream:remoteref) refs/heads/main refs/remotes/main [20ms]
2026-09-29 18:39:56.779 [info] > git status -z -uall [35ms]
2026-09-29 18:39:56.793 [info] > git for-each-ref --sort -committerdate --format %(refname)%00%(objectname)%00%(*objectname) [17ms]
2026-09-29 18:39:57.370 [info] > git check-ignore -v -z --stdin [19ms]
2026-09-29 18:40:19.349 [info] > git config --get commit.template [45ms]
2026-09-29 18:40:19.364 [info] > git for-each-ref --format=%(refname)%00%(upstream:short)%00%(objectname)%00%(upstream:track)%00%(upstream:remotename)%00%(upstream:remoteref) refs/heads/main refs/remotes/main [21ms]
2026-09-29 18:40:19.448 [info] > git status -z -uall [45ms]
2026-09-29 18:40:19.466 [info] > git for-each-ref --sort -committerdate --format %(refname)%00%(objectname)%00%(*objectname) [22ms]
2026-09-29 18:40:21.397 [info] > git check-ignore -v -z --stdin [17ms]
2026-09-29 18:40:24.569 [info] > git config --get commit.template [46ms]
2026-09-29 18:40:24.581 [info] > git for-each-ref --format=%(refname)%00%(upstream:short)%00%(objectname)%00%(upstream:track)%00%(upstream:remotename)%00%(upstream:remoteref) refs/heads/main refs/remotes/main [18ms]
2026-09-29 18:40:24.649 [info] > git status -z -uall [37ms]
2026-09-29 18:40:24.669 [info] > git for-each-ref --sort -committerdate --format %(refname)%00%(objectname)%00%(*objectname) [24ms]
2026-09-29 18:40:25.287 [info] > git check-ignore -v -z --stdin [16ms]
2026-09-29 18:40:29.770 [info] > git config --get commit.template [40ms]
2026-09-29 18:40:29.782 [info] > git for-each-ref --format=%(refname)%00%(upstream:short)%00%(objectname)%00%(upstream:track)%00%(upstream:remotename)%00%(upstream:remoteref) refs/heads/main refs/remotes/main [17ms]
2026-09-29 18:40:29.847 [info] > git status -z -uall [37ms]
2026-09-29 18:40:29.864 [info] > git for-each-ref --sort -committerdate --format %(refname)%00%(objectname)%00%(*objectname) [20ms]
2026-09-29 18:40:30.440 [info] > git check-ignore -v -z --stdin [17ms]
2026-09-29 18:40:42.271 [info] > git config --get commit.template [113ms]
2026-09-29 18:40:42.301 [info] > git for-each-ref --format=%(refname)%00%(upstream:short)%00%(objectname)%00%(upstream:track)%00%(upstream:remotename)%00%(upstream:remoteref) refs/heads/main refs/remotes/main [37ms]
2026-09-29 18:40:42.534 [info] > git status -z -uall [105ms]
2026-09-29 18:40:42.552 [info] > git for-each-ref --sort -committerdate --format %(refname)%00%(objectname)%00%(*objectname) [27ms]
2026-09-29 18:40:43.114 [info] > git check-ignore -v -z --stdin [17ms]
2026-09-29 18:40:47.641 [info] > git config --get commit.template [43ms]
2026-09-29 18:40:47.674 [info] > git for-each-ref --format=%(refname)%00%(upstream:short)%00%(objectname)%00%(upstream:track)%00%(upstream:remotename)%00%(upstream:remoteref) refs/heads/main refs/remotes/main [39ms]
2026-09-29 18:40:47.749 [info] > git status -z -uall [39ms]
2026-09-29 18:40:47.847 [info] > git for-each-ref --sort -committerdate --format %(refname)%00%(objectname)%00%(*objectname) [102ms]
2026-09-29 18:40:48.466 [info] > git check-ignore -v -z --stdin [20ms]
2026-09-29 18:40:54.454 [info] > git config --get commit.template [35ms]
2026-09-29 18:40:54.469 [info] > git for-each-ref --format=%(refname)%00%(upstream:short)%00%(objectname)%00%(upstream:track)%00%(upstream:remotename)%00%(upstream:remoteref) refs/heads/main refs/remotes/main [19ms]
2026-09-29 18:40:54.545 [info] > git status -z -uall [37ms]
2026-09-29 18:40:54.563 [info] > git for-each-ref --sort -committerdate --format %(refname)%00%(objectname)%00%(*objectname) [21ms]
2026-09-29 18:40:55.171 [info] > git check-ignore -v -z --stdin [15ms]
2026-09-29 18:40:58.892 [info] > git config --get commit.template [38ms]
2026-09-29 18:40:58.907 [info] > git for-each-ref --format=%(refname)%00%(upstream:short)%00%(objectname)%00%(upstream:track)%00%(upstream:remotename)%00%(upstream:remoteref) refs/heads/main refs/remotes/main [18ms]
2026-09-29 18:40:58.977 [info] > git status -z -uall [38ms]
2026-09-29 18:40:58.996 [info] > git for-each-ref --sort -committerdate --format %(refname)%00%(objectname)%00%(*objectname) [22ms]
2026-09-29 18:40:59.576 [info] > git check-ignore -v -z --stdin [15ms]
2026-09-29 18:40:59.651 [info] > git config --get commit.template [38ms]
2026-09-29 18:40:59.723 [info] > git show --textconv HEAD:README.md [37ms]
2026-09-29 18:40:59.726 [info] > git for-each-ref --format=%(refname)%00%(upstream:short)%00%(objectname)%00%(upstream:track)%00%(upstream:remotename)%00%(upstream:remoteref) refs/heads/main refs/remotes/main [77ms]
2026-09-29 18:40:59.738 [info] > git ls-tree -l HEAD -- README.md [18ms]
2026-09-29 18:40:59.811 [info] > git status -z -uall [40ms]
2026-09-29 18:40:59.822 [info] > git for-each-ref --sort -committerdate --format %(refname)%00%(objectname)%00%(*objectname) [19ms]
2026-09-29 18:41:00.323 [info] > git ls-files --stage -- README.md [35ms]
2026-09-29 18:41:00.359 [info] > git ls-tree -l HEAD -- README.md [40ms]
2026-09-29 18:41:00.373 [info] > git cat-file -s 1b2106812a726fe8b72154d6477605aa445e23bd [18ms]
2026-09-29 18:41:00.433 [info] > git show --textconv HEAD:README.md [21ms]
2026-09-29 18:41:00.487 [info] > git show --textconv :README.md [19ms]
2026-09-29 18:41:00.546 [info] > git check-ignore -v -z --stdin [16ms]
2026-09-29 18:41:00.790 [info] > git check-ignore -v -z --stdin [19ms]
2026-09-29 18:41:07.521 [info] > git config --get commit.template [42ms]
2026-09-29 18:41:07.536 [info] > git for-each-ref --format=%(refname)%00%(upstream:short)%00%(objectname)%00%(upstream:track)%00%(upstream:remotename)%00%(upstream:remoteref) refs/heads/main refs/remotes/main [19ms]
2026-09-29 18:41:07.603 [info] > git status -z -uall [37ms]
2026-09-29 18:41:07.622 [info] > git for-each-ref --sort -committerdate --format %(refname)%00%(objectname)%00%(*objectname) [21ms]
2026-09-29 18:41:08.224 [info] > git check-ignore -v -z --stdin [15ms]
2026-09-29 18:41:17.509 [info] > git config --get commit.template [36ms]
2026-09-29 18:41:17.524 [info] > git for-each-ref --format=%(refname)%00%(upstream:short)%00%(objectname)%00%(upstream:track)%00%(upstream:remotename)%00%(upstream:remoteref) refs/heads/main refs/remotes/main [18ms]
2026-09-29 18:41:17.591 [info] > git status -z -uall [37ms]
2026-09-29 18:41:17.610 [info] > git for-each-ref --sort -committerdate --format %(refname)%00%(objectname)%00%(*objectname) [21ms]
2026-09-29 18:41:18.181 [info] > git check-ignore -v -z --stdin [17ms]
2026-09-29 18:41:22.735 [info] > git config --get commit.template [41ms]
2026-09-29 18:41:22.747 [info] > git for-each-ref --format=%(refname)%00%(upstream:short)%00%(objectname)%00%(upstream:track)%00%(upstream:remotename)%00%(upstream:remoteref) refs/heads/main refs/remotes/main [17ms]
2026-09-29 18:41:22.813 [info] > git status -z -uall [29ms]
2026-09-29 18:41:22.828 [info] > git for-each-ref --sort -committerdate --format %(refname)%00%(objectname)%00%(*objectname) [17ms]
2026-09-29 18:41:23.415 [info] > git check-ignore -v -z --stdin [18ms]
2026-09-29 18:41:26.730 [info] > git config --get commit.template [37ms]
2026-09-29 18:41:26.743 [info] > git for-each-ref --format=%(refname)%00%(upstream:short)%00%(objectname)%00%(upstream:track)%00%(upstream:remotename)%00%(upstream:remoteref) refs/heads/main refs/remotes/main [17ms]
2026-09-29 18:41:26.807 [info] > git status -z -uall [35ms]
2026-09-29 18:41:26.822 [info] > git for-each-ref --sort -committerdate --format %(refname)%00%(objectname)%00%(*objectname) [18ms]
2026-09-29 18:41:27.081 [info] > git merge-base refs/heads/main refs/remotes/origin/main [161ms]
2026-09-29 18:41:27.120 [info] > git -c i18n.logOutputEncoding=UTF-8 blame --root --incremental 04420342cdb264a57e982cdf35d71d46c17582fe -- README.md [237ms]
2026-09-29 18:41:27.139 [info] > git diff --raw --numstat --diff-filter=ADMR -z --find-renames=50% 0edc6644aa6dc81c4a7c1aee658addd5697fba4e...refs/remotes/origin/main -- [20ms]
2026-09-29 18:41:27.550 [info] > git check-ignore -v -z --stdin [16ms]
2026-09-29 18:41:27.941 [info] > git config --get commit.template [45ms]
2026-09-29 18:41:27.975 [info] > git for-each-ref --format=%(refname)%00%(upstream:short)%00%(objectname)%00%(upstream:track)%00%(upstream:remotename)%00%(upstream:remoteref) refs/heads/main refs/remotes/main [44ms]
2026-09-29 18:41:28.048 [info] > git status -z -uall [40ms]
2026-09-29 18:41:28.053 [info] > git ls-files --stage -- README.md [81ms]
2026-09-29 18:41:28.090 [info] > git for-each-ref --sort -committerdate --format %(refname)%00%(objectname)%00%(*objectname) [45ms]
2026-09-29 18:41:28.111 [info] > git cat-file -s 1b2106812a726fe8b72154d6477605aa445e23bd [25ms]
2026-09-29 18:41:28.424 [info] > git show --textconv :README.md [235ms]
2026-09-29 18:41:28.830 [info] > git check-ignore -v -z --stdin [17ms]
2026-09-29 18:41:33.201 [info] > git config --get commit.template [39ms]
2026-09-29 18:41:33.214 [info] > git for-each-ref --format=%(refname)%00%(upstream:short)%00%(objectname)%00%(upstream:track)%00%(upstream:remotename)%00%(upstream:remoteref) refs/heads/main refs/remotes/main [16ms]
2026-09-29 18:41:33.294 [info] > git status -z -uall [45ms]
2026-09-29 18:41:33.307 [info] > git for-each-ref --sort -committerdate --format %(refname)%00%(objectname)%00%(*objectname) [22ms]
2026-09-29 18:41:33.891 [info] > git check-ignore -v -z --stdin [20ms]
2026-09-29 18:41:34.749 [info] > git config --get commit.template [46ms]
2026-09-29 18:41:34.761 [info] > git for-each-ref --format=%(refname)%00%(upstream:short)%00%(objectname)%00%(upstream:track)%00%(upstream:remotename)%00%(upstream:remoteref) refs/heads/main refs/remotes/main [19ms]
2026-09-29 18:41:34.831 [info] > git status -z -uall [36ms]
2026-09-29 18:41:34.847 [info] > git for-each-ref --sort -committerdate --format %(refname)%00%(objectname)%00%(*objectname) [17ms]
2026-09-29 18:41:34.920 [info] > git merge-base refs/heads/main refs/remotes/origin/main [17ms]
2026-09-29 18:41:35.109 [info] > git diff --raw --numstat --diff-filter=ADMR -z --find-renames=50% 04420342cdb264a57e982cdf35d71d46c17582fe...refs/remotes/origin/main -- [157ms]
2026-09-29 18:41:35.433 [info] > git check-ignore -v -z --stdin [19ms]
2026-09-29 18:41:35.952 [info] > git ls-files --stage -- README.md [21ms]
2026-09-29 18:41:36.001 [info] > git cat-file -s 1b2106812a726fe8b72154d6477605aa445e23bd [16ms]
2026-09-29 18:41:36.067 [info] > git show --textconv :README.md [18ms]
2026-09-29 18:41:38.403 [info] > git config --get commit.template [37ms]
2026-09-29 18:41:38.418 [info] > git for-each-ref --format=%(refname)%00%(upstream:short)%00%(objectname)%00%(upstream:track)%00%(upstream:remotename)%00%(upstream:remoteref) refs/heads/main refs/remotes/main [18ms]
2026-09-29 18:41:38.488 [info] > git status -z -uall [35ms]
2026-09-29 18:41:38.507 [info] > git for-each-ref --sort -committerdate --format %(refname)%00%(objectname)%00%(*objectname) [21ms]
2026-09-29 18:41:39.080 [info] > git check-ignore -v -z --stdin [16ms]
2026-09-29 18:41:44.770 [info] > git config --get commit.template [46ms]
2026-09-29 18:41:44.784 [info] > git for-each-ref --format=%(refname)%00%(upstream:short)%00%(objectname)%00%(upstream:track)%00%(upstream:remotename)%00%(upstream:remoteref) refs/heads/main refs/remotes/main [18ms]
2026-09-29 18:41:44.849 [info] > git status -z -uall [35ms]
2026-09-29 18:41:44.866 [info] > git for-each-ref --sort -committerdate --format %(refname)%00%(objectname)%00%(*objectname) [20ms]
2026-09-29 18:41:45.453 [info] > git check-ignore -v -z --stdin [17ms]
2026-09-29 18:42:39.591 [info] > git config --get commit.template [56ms]
2026-09-29 18:42:39.614 [info] > git for-each-ref --format=%(refname)%00%(upstream:short)%00%(objectname)%00%(upstream:track)%00%(upstream:remotename)%00%(upstream:remoteref) refs/heads/main refs/remotes/main [27ms]
2026-09-29 18:42:39.693 [info] > git status -z -uall [44ms]
2026-09-29 18:42:39.742 [info] > git for-each-ref --sort -committerdate --format %(refname)%00%(objectname)%00%(*objectname) [53ms]
2026-09-29 18:42:40.437 [info] > git check-ignore -v -z --stdin [17ms]
2026-09-29 18:42:44.853 [info] > git config --get commit.template [43ms]
2026-09-29 18:42:44.869 [info] > git for-each-ref --format=%(refname)%00%(upstream:short)%00%(objectname)%00%(upstream:track)%00%(upstream:remotename)%00%(upstream:remoteref) refs/heads/main refs/remotes/main [20ms]
2026-09-29 18:42:44.960 [info] > git status -z -uall [49ms]
2026-09-29 18:42:44.981 [info] > git for-each-ref --sort -committerdate --format %(refname)%00%(objectname)%00%(*objectname) [24ms]
2026-09-29 18:42:45.633 [info] > git check-ignore -v -z --stdin [19ms]
