2026-09-29 17:05:00.914 [info] [main] Log level: Info
2026-09-29 17:05:00.914 [info] [main] Validating found git in: "git"
2026-09-29 17:05:00.914 [info] [main] Using git "2.55.0" from "git"
2026-09-29 17:05:00.914 [info] [Model][doInitialScan] Initial repository scan started
2026-09-29 17:05:00.914 [info] [Model][doInitialScan] Initial repository scan completed - repositories (0), closed repositories (0), parent repositories (0), unsafe repositories (0)
2026-09-29 17:05:00.914 [info] > git rev-parse --show-toplevel [217ms]
2026-09-29 17:05:00.976 [info] > git rev-parse --git-dir --git-common-dir --show-superproject-working-tree [66ms]
2026-09-29 17:05:09.008 [info] [Model][openRepository] Opened repository (path): /data/data/com.termux/files/home
2026-09-29 17:05:09.008 [info] [Model][openRepository] Opened repository (real path): /data/data/com.termux/files/home
2026-09-29 17:05:09.008 [info] [Model][openRepository] Opened repository (kind): repository
2026-09-29 17:05:09.112 [info] > git config --get --local core.virtualfilesystem [49ms]
2026-09-29 17:05:09.113 [warning] [Git][config] git config failed: Failed to execute git
2026-09-29 17:05:09.163 [info] > git config --get commit.template [59ms]
2026-09-29 17:05:09.197 [info] > git for-each-ref --format=%(refname)%00%(upstream:short)%00%(objectname)%00%(upstream:track)%00%(upstream:remotename)%00%(upstream:remoteref) refs/heads/main refs/remotes/main [45ms]
2026-09-29 17:05:09.326 [info] > git for-each-ref --sort -committerdate --format %(refname)%00%(objectname)%00%(*objectname) [23ms]
2026-09-29 17:05:09.409 [info] > git status -z -uall [152ms]
2026-09-29 17:05:09.812 [info] > git config --get commit.template [44ms]
2026-09-29 17:05:09.813 [info] > git for-each-ref --format=%(refname)%00%(upstream:short)%00%(objectname)%00%(upstream:track)%00%(upstream:remotename)%00%(upstream:remoteref) refs/heads/main refs/remotes/main [267ms]
2026-09-29 17:05:09.863 [info] > git check-ignore -v -z --stdin [55ms]
2026-09-29 17:05:09.910 [info] > git config --get --local branch.main.vscode-merge-base [58ms]
2026-09-29 17:05:09.911 [warning] [Git][config] git config failed: Failed to execute git
2026-09-29 17:05:09.955 [info] > git for-each-ref --format=%(refname)%00%(upstream:short)%00%(objectname)%00%(upstream:track)%00%(upstream:remotename)%00%(upstream:remoteref) refs/heads/main refs/remotes/main [50ms]
2026-09-29 17:05:10.036 [info] > git status -z -uall [44ms]
2026-09-29 17:05:10.037 [info] > git reflog main --grep-reflog=branch: Created from *. [88ms]
2026-09-29 17:05:10.098 [info] > git for-each-ref --sort -committerdate --format %(refname)%00%(objectname)%00%(*objectname) [66ms]
2026-09-29 17:05:10.120 [info] > git symbolic-ref --short refs/remotes/origin/HEAD [40ms]
2026-09-29 17:05:10.120 [info] fatal: ref refs/remotes/origin/HEAD is not a symbolic ref
2026-09-29 17:05:10.120 [warning] [Repository][getDefaultBranch] Failed to get default branch details: Failed to execute git.
2026-09-29 17:05:10.343 [info] > git merge-base refs/heads/main refs/remotes/origin/main [188ms]
2026-09-29 17:05:10.381 [info] > git merge-base refs/heads/main refs/remotes/origin/main [184ms]
2026-09-29 17:05:10.421 [info] > git diff --raw --numstat --diff-filter=ADMR -z --find-renames=50% fc25f83fa3c55b8dd14e6cfb5478f9c9262337c9...refs/remotes/origin/main -- [43ms]
2026-09-29 17:05:10.437 [info] > git diff --raw --numstat --diff-filter=ADMR -z --find-renames=50% fc25f83fa3c55b8dd14e6cfb5478f9c9262337c9...refs/remotes/origin/main -- [19ms]
2026-09-29 17:05:11.789 [info] > git config --get commit.template [49ms]
2026-09-29 17:05:11.803 [info] > git for-each-ref --format=%(refname)%00%(upstream:short)%00%(objectname)%00%(upstream:track)%00%(upstream:remotename)%00%(upstream:remoteref) refs/heads/main refs/remotes/main [16ms]
2026-09-29 17:05:11.890 [info] > git status -z -uall [48ms]
2026-09-29 17:05:11.908 [info] > git for-each-ref --sort -committerdate --format %(refname)%00%(objectname)%00%(*objectname) [23ms]
2026-09-29 17:05:17.051 [info] > git config --get commit.template [69ms]
2026-09-29 17:05:17.054 [info] > git for-each-ref --format=%(refname)%00%(upstream:short)%00%(objectname)%00%(upstream:track)%00%(upstream:remotename)%00%(upstream:remoteref) refs/heads/main refs/remotes/main [18ms]
2026-09-29 17:05:17.161 [info] > git status -z -uall [54ms]
2026-09-29 17:05:17.202 [info] > git for-each-ref --sort -committerdate --format %(refname)%00%(objectname)%00%(*objectname) [44ms]
2026-09-29 17:05:22.347 [info] > git config --get commit.template [54ms]
2026-09-29 17:05:22.362 [info] > git for-each-ref --format=%(refname)%00%(upstream:short)%00%(objectname)%00%(upstream:track)%00%(upstream:remotename)%00%(upstream:remoteref) refs/heads/main refs/remotes/main [21ms]
2026-09-29 17:05:22.455 [info] > git status -z -uall [49ms]
2026-09-29 17:05:22.471 [info] > git for-each-ref --sort -committerdate --format %(refname)%00%(objectname)%00%(*objectname) [18ms]
2026-09-29 17:05:27.599 [info] > git config --get commit.template [48ms]
2026-09-29 17:05:27.614 [info] > git for-each-ref --format=%(refname)%00%(upstream:short)%00%(objectname)%00%(upstream:track)%00%(upstream:remotename)%00%(upstream:remoteref) refs/heads/main refs/remotes/main [18ms]
2026-09-29 17:05:27.702 [info] > git status -z -uall [39ms]
2026-09-29 17:05:27.717 [info] > git for-each-ref --sort -committerdate --format %(refname)%00%(objectname)%00%(*objectname) [18ms]
2026-09-29 17:07:13.060 [info] > git config --get commit.template [51ms]
2026-09-29 17:07:13.089 [info] > git for-each-ref --format=%(refname)%00%(upstream:short)%00%(objectname)%00%(upstream:track)%00%(upstream:remotename)%00%(upstream:remoteref) refs/heads/main refs/remotes/main [43ms]
2026-09-29 17:07:13.174 [info] > git for-each-ref --sort -committerdate --format %(refname)%00%(objectname)%00%(*objectname) [23ms]
2026-09-29 17:07:13.207 [info] > git status -z -uall [88ms]
2026-09-29 17:10:27.918 [info] > git config --get commit.template [69ms]
2026-09-29 17:10:27.923 [info] > git for-each-ref --format=%(refname)%00%(upstream:short)%00%(objectname)%00%(upstream:track)%00%(upstream:remotename)%00%(upstream:remoteref) refs/heads/main refs/remotes/main [37ms]
2026-09-29 17:10:28.021 [info] > git for-each-ref --sort -committerdate --format %(refname)%00%(objectname)%00%(*objectname) [34ms]
2026-09-29 17:10:28.057 [info] > git status -z -uall [103ms]
2026-09-29 17:10:33.172 [info] > git config --get commit.template [43ms]
2026-09-29 17:10:33.191 [info] > git for-each-ref --format=%(refname)%00%(upstream:short)%00%(objectname)%00%(upstream:track)%00%(upstream:remotename)%00%(upstream:remoteref) refs/heads/main refs/remotes/main [26ms]
2026-09-29 17:10:33.266 [info] > git status -z -uall [40ms]
2026-09-29 17:10:33.284 [info] > git for-each-ref --sort -committerdate --format %(refname)%00%(objectname)%00%(*objectname) [25ms]
2026-09-29 17:10:38.387 [info] > git config --get commit.template [37ms]
2026-09-29 17:10:38.406 [info] > git for-each-ref --format=%(refname)%00%(upstream:short)%00%(objectname)%00%(upstream:track)%00%(upstream:remotename)%00%(upstream:remoteref) refs/heads/main refs/remotes/main [24ms]
2026-09-29 17:10:38.490 [info] > git status -z -uall [44ms]
2026-09-29 17:10:38.499 [info] > git for-each-ref --sort -committerdate --format %(refname)%00%(objectname)%00%(*objectname) [21ms]
2026-09-29 17:10:43.577 [info] > git config --get commit.template [31ms]
2026-09-29 17:10:43.591 [info] > git for-each-ref --format=%(refname)%00%(upstream:short)%00%(objectname)%00%(upstream:track)%00%(upstream:remotename)%00%(upstream:remoteref) refs/heads/main refs/remotes/main [17ms]
2026-09-29 17:10:43.643 [info] > git status -z -uall [28ms]
2026-09-29 17:10:43.656 [info] > git for-each-ref --sort -committerdate --format %(refname)%00%(objectname)%00%(*objectname) [16ms]
2026-09-29 17:10:48.759 [info] > git config --get commit.template [37ms]
2026-09-29 17:10:48.774 [info] > git for-each-ref --format=%(refname)%00%(upstream:short)%00%(objectname)%00%(upstream:track)%00%(upstream:remotename)%00%(upstream:remoteref) refs/heads/main refs/remotes/main [19ms]
2026-09-29 17:10:48.843 [info] > git status -z -uall [39ms]
2026-09-29 17:10:48.860 [info] > git for-each-ref --sort -committerdate --format %(refname)%00%(objectname)%00%(*objectname) [21ms]
2026-09-29 17:10:53.943 [info] > git config --get commit.template [33ms]
2026-09-29 17:10:53.957 [info] > git for-each-ref --format=%(refname)%00%(upstream:short)%00%(objectname)%00%(upstream:track)%00%(upstream:remotename)%00%(upstream:remoteref) refs/heads/main refs/remotes/main [18ms]
2026-09-29 17:10:54.017 [info] > git status -z -uall [34ms]
2026-09-29 17:10:54.040 [info] > git for-each-ref --sort -committerdate --format %(refname)%00%(objectname)%00%(*objectname) [25ms]
2026-09-29 17:10:59.134 [info] > git config --get commit.template [31ms]
2026-09-29 17:10:59.148 [info] > git for-each-ref --format=%(refname)%00%(upstream:short)%00%(objectname)%00%(upstream:track)%00%(upstream:remotename)%00%(upstream:remoteref) refs/heads/main refs/remotes/main [18ms]
2026-09-29 17:10:59.205 [info] > git status -z -uall [29ms]
2026-09-29 17:10:59.219 [info] > git for-each-ref --sort -committerdate --format %(refname)%00%(objectname)%00%(*objectname) [17ms]
2026-09-29 17:11:04.322 [info] > git config --get commit.template [39ms]
2026-09-29 17:11:04.338 [info] > git for-each-ref --format=%(refname)%00%(upstream:short)%00%(objectname)%00%(upstream:track)%00%(upstream:remotename)%00%(upstream:remoteref) refs/heads/main refs/remotes/main [20ms]
2026-09-29 17:11:04.410 [info] > git status -z -uall [36ms]
2026-09-29 17:11:04.430 [info] > git for-each-ref --sort -committerdate --format %(refname)%00%(objectname)%00%(*objectname) [24ms]
2026-09-29 17:11:09.535 [info] > git config --get commit.template [40ms]
2026-09-29 17:11:09.553 [info] > git for-each-ref --format=%(refname)%00%(upstream:short)%00%(objectname)%00%(upstream:track)%00%(upstream:remotename)%00%(upstream:remoteref) refs/heads/main refs/remotes/main [23ms]
2026-09-29 17:11:09.623 [info] > git status -z -uall [38ms]
2026-09-29 17:11:09.645 [info] > git for-each-ref --sort -committerdate --format %(refname)%00%(objectname)%00%(*objectname) [25ms]
2026-09-29 17:11:14.750 [info] > git config --get commit.template [40ms]
2026-09-29 17:11:14.767 [info] > git for-each-ref --format=%(refname)%00%(upstream:short)%00%(objectname)%00%(upstream:track)%00%(upstream:remotename)%00%(upstream:remoteref) refs/heads/main refs/remotes/main [22ms]
2026-09-29 17:11:14.836 [info] > git status -z -uall [36ms]
2026-09-29 17:11:14.854 [info] > git for-each-ref --sort -committerdate --format %(refname)%00%(objectname)%00%(*objectname) [22ms]
2026-09-29 17:11:19.963 [info] > git config --get commit.template [41ms]
2026-09-29 17:11:19.978 [info] > git for-each-ref --format=%(refname)%00%(upstream:short)%00%(objectname)%00%(upstream:track)%00%(upstream:remotename)%00%(upstream:remoteref) refs/heads/main refs/remotes/main [20ms]
2026-09-29 17:11:20.064 [info] > git status -z -uall [44ms]
2026-09-29 17:11:20.086 [info] > git for-each-ref --sort -committerdate --format %(refname)%00%(objectname)%00%(*objectname) [29ms]
2026-09-29 17:12:39.397 [info] > git config --get commit.template [33ms]
2026-09-29 17:12:39.407 [info] > git for-each-ref --format=%(refname)%00%(upstream:short)%00%(objectname)%00%(upstream:track)%00%(upstream:remotename)%00%(upstream:remoteref) refs/heads/main refs/remotes/main [18ms]
2026-09-29 17:12:39.464 [info] > git status -z -uall [30ms]
2026-09-29 17:12:39.476 [info] > git for-each-ref --sort -committerdate --format %(refname)%00%(objectname)%00%(*objectname) [18ms]
2026-09-29 17:12:44.551 [info] > git config --get commit.template [31ms]
2026-09-29 17:12:44.565 [info] > git for-each-ref --format=%(refname)%00%(upstream:short)%00%(objectname)%00%(upstream:track)%00%(upstream:remotename)%00%(upstream:remoteref) refs/heads/main refs/remotes/main [18ms]
2026-09-29 17:12:44.623 [info] > git status -z -uall [30ms]
2026-09-29 17:12:44.639 [info] > git for-each-ref --sort -committerdate --format %(refname)%00%(objectname)%00%(*objectname) [19ms]
2026-09-29 17:12:47.870 [info] > git config --get commit.template [43ms]
2026-09-29 17:12:47.874 [info] > git for-each-ref --format=%(refname)%00%(upstream:short)%00%(objectname)%00%(upstream:track)%00%(upstream:remotename)%00%(upstream:remoteref) refs/heads/main refs/remotes/main [17ms]
2026-09-29 17:12:47.939 [info] > git status -z -uall [33ms]
2026-09-29 17:12:47.955 [info] > git for-each-ref --sort -committerdate --format %(refname)%00%(objectname)%00%(*objectname) [19ms]
2026-09-29 17:12:49.749 [info] > git config --get commit.template [38ms]
2026-09-29 17:12:49.760 [info] > git for-each-ref --format=%(refname)%00%(upstream:short)%00%(objectname)%00%(upstream:track)%00%(upstream:remotename)%00%(upstream:remoteref) refs/heads/main refs/remotes/main [18ms]
2026-09-29 17:12:49.824 [info] > git status -z -uall [34ms]
2026-09-29 17:12:49.843 [info] > git for-each-ref --sort -committerdate --format %(refname)%00%(objectname)%00%(*objectname) [22ms]
2026-09-29 17:12:54.927 [info] > git config --get commit.template [34ms]
2026-09-29 17:12:54.946 [info] > git for-each-ref --format=%(refname)%00%(upstream:short)%00%(objectname)%00%(upstream:track)%00%(upstream:remotename)%00%(upstream:remoteref) refs/heads/main refs/remotes/main [23ms]
2026-09-29 17:12:55.006 [info] > git status -z -uall [29ms]
2026-09-29 17:12:55.021 [info] > git for-each-ref --sort -committerdate --format %(refname)%00%(objectname)%00%(*objectname) [18ms]
2026-09-29 17:13:00.114 [info] > git config --get commit.template [41ms]
2026-09-29 17:13:00.133 [info] > git for-each-ref --format=%(refname)%00%(upstream:short)%00%(objectname)%00%(upstream:track)%00%(upstream:remotename)%00%(upstream:remoteref) refs/heads/main refs/remotes/main [24ms]
2026-09-29 17:13:00.204 [info] > git status -z -uall [34ms]
2026-09-29 17:13:00.224 [info] > git for-each-ref --sort -committerdate --format %(refname)%00%(objectname)%00%(*objectname) [24ms]
2026-09-29 17:13:05.321 [info] > git config --get commit.template [43ms]
2026-09-29 17:13:05.336 [info] > git for-each-ref --format=%(refname)%00%(upstream:short)%00%(objectname)%00%(upstream:track)%00%(upstream:remotename)%00%(upstream:remoteref) refs/heads/main refs/remotes/main [21ms]
2026-09-29 17:13:05.401 [info] > git status -z -uall [35ms]
2026-09-29 17:13:05.417 [info] > git for-each-ref --sort -committerdate --format %(refname)%00%(objectname)%00%(*objectname) [20ms]
2026-09-29 17:15:58.183 [info] > git config --get commit.template [42ms]
2026-09-29 17:15:58.197 [info] > git for-each-ref --format=%(refname)%00%(upstream:short)%00%(objectname)%00%(upstream:track)%00%(upstream:remotename)%00%(upstream:remoteref) refs/heads/main refs/remotes/main [23ms]
2026-09-29 17:15:58.284 [info] > git for-each-ref --sort -committerdate --format %(refname)%00%(objectname)%00%(*objectname) [30ms]
2026-09-29 17:15:58.301 [info] > git status -z -uall [78ms]
2026-09-29 17:16:03.427 [info] > git config --get commit.template [48ms]
2026-09-29 17:16:03.432 [info] > git for-each-ref --format=%(refname)%00%(upstream:short)%00%(objectname)%00%(upstream:track)%00%(upstream:remotename)%00%(upstream:remoteref) refs/heads/main refs/remotes/main [18ms]
2026-09-29 17:16:03.498 [info] > git status -z -uall [36ms]
2026-09-29 17:16:03.514 [info] > git for-each-ref --sort -committerdate --format %(refname)%00%(objectname)%00%(*objectname) [21ms]
2026-09-29 17:16:08.617 [info] > git config --get commit.template [41ms]
2026-09-29 17:16:08.635 [info] > git for-each-ref --format=%(refname)%00%(upstream:short)%00%(objectname)%00%(upstream:track)%00%(upstream:remotename)%00%(upstream:remoteref) refs/heads/main refs/remotes/main [23ms]
2026-09-29 17:16:08.707 [info] > git status -z -uall [36ms]
2026-09-29 17:16:08.726 [info] > git for-each-ref --sort -committerdate --format %(refname)%00%(objectname)%00%(*objectname) [22ms]
2026-09-29 17:16:13.827 [info] > git config --get commit.template [40ms]
2026-09-29 17:16:13.842 [info] > git for-each-ref --format=%(refname)%00%(upstream:short)%00%(objectname)%00%(upstream:track)%00%(upstream:remotename)%00%(upstream:remoteref) refs/heads/main refs/remotes/main [20ms]
2026-09-29 17:16:13.913 [info] > git status -z -uall [37ms]
2026-09-29 17:16:13.932 [info] > git for-each-ref --sort -committerdate --format %(refname)%00%(objectname)%00%(*objectname) [23ms]
2026-09-29 17:16:19.013 [info] > git config --get commit.template [33ms]
2026-09-29 17:16:19.025 [info] > git for-each-ref --format=%(refname)%00%(upstream:short)%00%(objectname)%00%(upstream:track)%00%(upstream:remotename)%00%(upstream:remoteref) refs/heads/main refs/remotes/main [18ms]
2026-09-29 17:16:19.086 [info] > git status -z -uall [35ms]
2026-09-29 17:16:19.102 [info] > git for-each-ref --sort -committerdate --format %(refname)%00%(objectname)%00%(*objectname) [19ms]
2026-09-29 17:16:24.196 [info] > git config --get commit.template [34ms]
2026-09-29 17:16:24.213 [info] > git for-each-ref --format=%(refname)%00%(upstream:short)%00%(objectname)%00%(upstream:track)%00%(upstream:remotename)%00%(upstream:remoteref) refs/heads/main refs/remotes/main [21ms]
2026-09-29 17:16:24.279 [info] > git status -z -uall [32ms]
2026-09-29 17:16:24.296 [info] > git for-each-ref --sort -committerdate --format %(refname)%00%(objectname)%00%(*objectname) [18ms]
2026-09-29 17:16:29.399 [info] > git config --get commit.template [41ms]
2026-09-29 17:16:29.417 [info] > git for-each-ref --format=%(refname)%00%(upstream:short)%00%(objectname)%00%(upstream:track)%00%(upstream:remotename)%00%(upstream:remoteref) refs/heads/main refs/remotes/main [23ms]
2026-09-29 17:16:29.488 [info] > git status -z -uall [38ms]
2026-09-29 17:16:29.504 [info] > git for-each-ref --sort -committerdate --format %(refname)%00%(objectname)%00%(*objectname) [18ms]
2026-09-29 17:16:34.614 [info] > git config --get commit.template [40ms]
2026-09-29 17:16:34.629 [info] > git for-each-ref --format=%(refname)%00%(upstream:short)%00%(objectname)%00%(upstream:track)%00%(upstream:remotename)%00%(upstream:remoteref) refs/heads/main refs/remotes/main [21ms]
2026-09-29 17:16:34.707 [info] > git status -z -uall [41ms]
2026-09-29 17:16:34.727 [info] > git for-each-ref --sort -committerdate --format %(refname)%00%(objectname)%00%(*objectname) [24ms]
2026-09-29 17:16:39.822 [info] > git config --get commit.template [41ms]
2026-09-29 17:16:39.835 [info] > git for-each-ref --format=%(refname)%00%(upstream:short)%00%(objectname)%00%(upstream:track)%00%(upstream:remotename)%00%(upstream:remoteref) refs/heads/main refs/remotes/main [18ms]
2026-09-29 17:16:39.887 [info] > git status -z -uall [27ms]
2026-09-29 17:16:39.904 [info] > git for-each-ref --sort -committerdate --format %(refname)%00%(objectname)%00%(*objectname) [19ms]
2026-09-29 17:16:45.011 [info] > git config --get commit.template [44ms]
2026-09-29 17:16:45.029 [info] > git for-each-ref --format=%(refname)%00%(upstream:short)%00%(objectname)%00%(upstream:track)%00%(upstream:remotename)%00%(upstream:remoteref) refs/heads/main refs/remotes/main [22ms]
2026-09-29 17:16:45.098 [info] > git status -z -uall [33ms]
2026-09-29 17:16:45.119 [info] > git for-each-ref --sort -committerdate --format %(refname)%00%(objectname)%00%(*objectname) [25ms]
2026-09-29 17:16:50.206 [info] > git config --get commit.template [32ms]
2026-09-29 17:16:50.221 [info] > git for-each-ref --format=%(refname)%00%(upstream:short)%00%(objectname)%00%(upstream:track)%00%(upstream:remotename)%00%(upstream:remoteref) refs/heads/main refs/remotes/main [20ms]
2026-09-29 17:16:50.284 [info] > git status -z -uall [31ms]
2026-09-29 17:16:50.301 [info] > git for-each-ref --sort -committerdate --format %(refname)%00%(objectname)%00%(*objectname) [21ms]
2026-09-29 17:16:55.395 [info] > git config --get commit.template [35ms]
2026-09-29 17:16:55.409 [info] > git for-each-ref --format=%(refname)%00%(upstream:short)%00%(objectname)%00%(upstream:track)%00%(upstream:remotename)%00%(upstream:remoteref) refs/heads/main refs/remotes/main [19ms]
2026-09-29 17:16:55.469 [info] > git status -z -uall [32ms]
2026-09-29 17:16:55.486 [info] > git for-each-ref --sort -committerdate --format %(refname)%00%(objectname)%00%(*objectname) [21ms]
2026-09-29 17:17:00.582 [info] > git config --get commit.template [38ms]
2026-09-29 17:17:00.597 [info] > git for-each-ref --format=%(refname)%00%(upstream:short)%00%(objectname)%00%(upstream:track)%00%(upstream:remotename)%00%(upstream:remoteref) refs/heads/main refs/remotes/main [18ms]
2026-09-29 17:17:00.660 [info] > git status -z -uall [33ms]
2026-09-29 17:17:00.678 [info] > git for-each-ref --sort -committerdate --format %(refname)%00%(objectname)%00%(*objectname) [21ms]
2026-09-29 17:17:05.775 [info] > git config --get commit.template [40ms]
2026-09-29 17:17:05.788 [info] > git for-each-ref --format=%(refname)%00%(upstream:short)%00%(objectname)%00%(upstream:track)%00%(upstream:remotename)%00%(upstream:remoteref) refs/heads/main refs/remotes/main [16ms]
2026-09-29 17:17:05.848 [info] > git status -z -uall [30ms]
2026-09-29 17:17:05.866 [info] > git for-each-ref --sort -committerdate --format %(refname)%00%(objectname)%00%(*objectname) [20ms]
2026-09-29 17:17:10.972 [info] > git config --get commit.template [43ms]
2026-09-29 17:17:10.983 [info] > git for-each-ref --format=%(refname)%00%(upstream:short)%00%(objectname)%00%(upstream:track)%00%(upstream:remotename)%00%(upstream:remoteref) refs/heads/main refs/remotes/main [19ms]
2026-09-29 17:17:11.047 [info] > git status -z -uall [29ms]
2026-09-29 17:17:11.062 [info] > git for-each-ref --sort -committerdate --format %(refname)%00%(objectname)%00%(*objectname) [18ms]
2026-09-29 17:17:16.164 [info] > git config --get commit.template [41ms]
2026-09-29 17:17:16.176 [info] > git for-each-ref --format=%(refname)%00%(upstream:short)%00%(objectname)%00%(upstream:track)%00%(upstream:remotename)%00%(upstream:remoteref) refs/heads/main refs/remotes/main [17ms]
2026-09-29 17:17:16.235 [info] > git status -z -uall [31ms]
2026-09-29 17:17:16.254 [info] > git for-each-ref --sort -committerdate --format %(refname)%00%(objectname)%00%(*objectname) [22ms]
2026-09-29 17:17:21.341 [info] > git config --get commit.template [31ms]
2026-09-29 17:17:21.354 [info] > git for-each-ref --format=%(refname)%00%(upstream:short)%00%(objectname)%00%(upstream:track)%00%(upstream:remotename)%00%(upstream:remoteref) refs/heads/main refs/remotes/main [19ms]
2026-09-29 17:17:21.410 [info] > git status -z -uall [30ms]
2026-09-29 17:17:21.425 [info] > git for-each-ref --sort -committerdate --format %(refname)%00%(objectname)%00%(*objectname) [18ms]
2026-09-29 17:17:26.515 [info] > git config --get commit.template [35ms]
2026-09-29 17:17:26.529 [info] > git for-each-ref --format=%(refname)%00%(upstream:short)%00%(objectname)%00%(upstream:track)%00%(upstream:remotename)%00%(upstream:remoteref) refs/heads/main refs/remotes/main [18ms]
2026-09-29 17:17:26.591 [info] > git status -z -uall [30ms]
2026-09-29 17:17:26.608 [info] > git for-each-ref --sort -committerdate --format %(refname)%00%(objectname)%00%(*objectname) [20ms]
2026-09-29 17:17:31.705 [info] > git config --get commit.template [41ms]
2026-09-29 17:17:31.713 [info] > git for-each-ref --format=%(refname)%00%(upstream:short)%00%(objectname)%00%(upstream:track)%00%(upstream:remotename)%00%(upstream:remoteref) refs/heads/main refs/remotes/main [19ms]
2026-09-29 17:17:31.775 [info] > git status -z -uall [30ms]
2026-09-29 17:17:31.796 [info] > git for-each-ref --sort -committerdate --format %(refname)%00%(objectname)%00%(*objectname) [23ms]
2026-09-29 17:17:39.593 [info] > git config --get commit.template [42ms]
2026-09-29 17:17:39.621 [info] > git for-each-ref --format=%(refname)%00%(upstream:short)%00%(objectname)%00%(upstream:track)%00%(upstream:remotename)%00%(upstream:remoteref) refs/heads/main refs/remotes/main [38ms]
2026-09-29 17:17:39.679 [info] > git status -z -uall [30ms]
2026-09-29 17:17:39.697 [info] > git for-each-ref --sort -committerdate --format %(refname)%00%(objectname)%00%(*objectname) [20ms]
