2026-09-29 17:17:55.596 [info] Reading sessions from keychain...
2026-09-29 17:17:55.596 [info] Getting sessions for all scopes...
2026-09-29 17:17:55.596 [info] Got 0 sessions for all scopes...
2026-09-29 17:17:55.596 [info] Getting sessions for all scopes...
2026-09-29 17:17:55.596 [info] Got 0 sessions for all scopes...
2026-09-29 17:17:55.596 [info] Getting sessions for all scopes...
2026-09-29 17:17:55.596 [info] Got 0 sessions for all scopes...
2026-09-29 17:17:55.596 [info] Getting sessions for all scopes...
2026-09-29 17:17:55.596 [info] Got 0 sessions for all scopes...
2026-09-29 17:17:55.596 [info] Getting sessions for read:user,user:email...
2026-09-29 17:17:55.596 [info] Got 0 sessions for read:user,user:email...
2026-09-29 17:17:55.596 [info] Getting sessions for read:user,user:email...
2026-09-29 17:17:55.596 [info] Got 0 sessions for read:user,user:email...
2026-09-29 17:17:55.596 [info] Getting sessions for all scopes...
2026-09-29 17:17:55.596 [info] Got 0 sessions for all scopes...
2026-09-29 17:17:55.596 [info] Getting sessions for all scopes...
2026-09-29 17:17:55.596 [info] Got 0 sessions for all scopes...
2026-09-29 17:17:56.744 [info] Getting sessions for all scopes...
2026-09-29 17:17:56.745 [info] Got 0 sessions for all scopes...
2026-09-29 17:17:57.035 [info] Getting sessions for all scopes...
2026-09-29 17:17:57.036 [info] Got 0 sessions for all scopes...
2026-09-29 17:17:57.037 [info] Getting sessions for all scopes...
2026-09-29 17:17:57.037 [info] Got 0 sessions for all scopes...
2026-09-29 17:17:57.520 [info] Getting sessions for repo...
2026-09-29 17:17:57.520 [info] Got 0 sessions for repo...
2026-09-29 17:17:57.521 [info] Getting sessions for repo...
2026-09-29 17:17:57.521 [info] Got 0 sessions for repo...
2026-09-29 17:17:57.623 [info] Getting sessions for all scopes...
2026-09-29 17:17:57.623 [info] Got 0 sessions for all scopes...
2026-09-29 17:17:58.015 [info] Getting sessions for all scopes...
2026-09-29 17:17:58.015 [info] Got 0 sessions for all scopes...
2026-09-29 17:17:58.015 [info] Getting sessions for all scopes...
2026-09-29 17:17:58.015 [info] Got 0 sessions for all scopes...
2026-09-29 17:18:01.495 [info] Getting sessions for read:user,repo,user:email,workflow...
2026-09-29 17:18:01.495 [info] Got 0 sessions for read:user,repo,user:email,workflow...
