2026-09-29 17:17:57.832 [info] [main] Log level: Info
2026-09-29 17:17:57.832 [info] [main] Validating found git in: "git"
2026-09-29 17:17:57.832 [info] [main] Using git "2.55.0" from "git"
2026-09-29 17:17:57.832 [info] [Model][doInitialScan] Initial repository scan started
2026-09-29 17:17:57.832 [info] > git rev-parse --show-toplevel [24ms]
2026-09-29 17:17:57.832 [info] > git rev-parse --git-dir --git-common-dir --show-superproject-working-tree [87ms]
2026-09-29 17:17:58.224 [info] [Model][openRepository] Opened repository (path): /data/data/com.termux/files/home
2026-09-29 17:17:58.224 [info] [Model][openRepository] Opened repository (real path): /data/data/com.termux/files/home
2026-09-29 17:17:58.225 [info] [Model][openRepository] Opened repository (kind): repository
2026-09-29 17:17:58.320 [info] [Model][doInitialScan] Initial repository scan completed - repositories (1), closed repositories (0), parent repositories (0), unsafe repositories (0)
2026-09-29 17:17:58.386 [info] > git config --get --local core.virtualfilesystem [103ms]
2026-09-29 17:17:58.388 [warning] [Git][config] git config failed: Failed to execute git
2026-09-29 17:17:58.458 [info] > git config --get commit.template [75ms]
2026-09-29 17:17:58.473 [info] > git for-each-ref --format=%(refname)%00%(upstream:short)%00%(objectname)%00%(upstream:track)%00%(upstream:remotename)%00%(upstream:remoteref) refs/heads/main refs/remotes/main [34ms]
2026-09-29 17:17:58.597 [info] > git status -z -uall [73ms]
2026-09-29 17:17:58.615 [info] > git for-each-ref --sort -committerdate --format %(refname)%00%(objectname)%00%(*objectname) [39ms]
2026-09-29 17:17:59.462 [info] > git config --get commit.template [164ms]
2026-09-29 17:17:59.464 [info] > git for-each-ref --format=%(refname)%00%(upstream:short)%00%(objectname)%00%(upstream:track)%00%(upstream:remotename)%00%(upstream:remoteref) refs/heads/main refs/remotes/main [564ms]
2026-09-29 17:17:59.585 [info] > git config --get --local branch.main.vscode-merge-base [69ms]
2026-09-29 17:17:59.586 [warning] [Git][config] git config failed: Failed to execute git
2026-09-29 17:17:59.659 [info] > git for-each-ref --format=%(refname)%00%(upstream:short)%00%(objectname)%00%(upstream:track)%00%(upstream:remotename)%00%(upstream:remoteref) refs/heads/main refs/remotes/main [85ms]
2026-09-29 17:17:59.792 [info] > git status -z -uall [76ms]
2026-09-29 17:17:59.794 [info] > git reflog main --grep-reflog=branch: Created from *. [157ms]
2026-09-29 17:17:59.870 [info] > git for-each-ref --sort -committerdate --format %(refname)%00%(objectname)%00%(*objectname) [96ms]
2026-09-29 17:17:59.913 [info] > git symbolic-ref --short refs/remotes/origin/HEAD [72ms]
2026-09-29 17:18:00.267 [info] > git for-each-ref --format=%(refname)%00%(upstream:short)%00%(objectname)%00%(upstream:track)%00%(upstream:remotename)%00%(upstream:remoteref) refs/heads/origin/main refs/remotes/origin/main [304ms]
2026-09-29 17:18:00.336 [info] > git check-ignore -v -z --stdin [77ms]
2026-09-29 17:18:00.374 [info] > git config --add --local branch.main.vscode-merge-base origin/main [60ms]
2026-09-29 17:18:00.629 [info] > git config --get commit.template [215ms]
2026-09-29 17:18:00.637 [info] > git for-each-ref --format=%(refname)%00%(upstream:short)%00%(objectname)%00%(upstream:track)%00%(upstream:remotename)%00%(upstream:remoteref) refs/heads/main refs/remotes/main [172ms]
2026-09-29 17:18:00.729 [info] > git status -z -uall [46ms]
2026-09-29 17:18:00.749 [info] > git for-each-ref --sort -committerdate --format %(refname)%00%(objectname)%00%(*objectname) [25ms]
2026-09-29 17:18:01.028 [info] > git merge-base refs/heads/main refs/remotes/origin/main [167ms]
2026-09-29 17:18:01.074 [info] > git merge-base refs/heads/main refs/remotes/origin/main [264ms]
2026-09-29 17:18:01.133 [info] > git diff --raw --numstat --diff-filter=ADMR -z --find-renames=50% fc25f83fa3c55b8dd14e6cfb5478f9c9262337c9...refs/remotes/origin/main -- [60ms]
2026-09-29 17:18:01.459 [info] > git diff --raw --numstat --diff-filter=ADMR -z --find-renames=50% fc25f83fa3c55b8dd14e6cfb5478f9c9262337c9...refs/remotes/origin/main -- [331ms]
2026-09-29 17:18:03.151 [info] > git config --get commit.template [52ms]
2026-09-29 17:18:03.165 [info] > git for-each-ref --format=%(refname)%00%(upstream:short)%00%(objectname)%00%(upstream:track)%00%(upstream:remotename)%00%(upstream:remoteref) refs/heads/main refs/remotes/main [18ms]
2026-09-29 17:18:03.262 [info] > git status -z -uall [51ms]
2026-09-29 17:18:03.279 [info] > git for-each-ref --sort -committerdate --format %(refname)%00%(objectname)%00%(*objectname) [20ms]
2026-09-29 17:18:08.413 [info] > git config --get commit.template [50ms]
2026-09-29 17:18:08.424 [info] > git for-each-ref --format=%(refname)%00%(upstream:short)%00%(objectname)%00%(upstream:track)%00%(upstream:remotename)%00%(upstream:remoteref) refs/heads/main refs/remotes/main [18ms]
2026-09-29 17:18:08.523 [info] > git status -z -uall [54ms]
2026-09-29 17:18:08.537 [info] > git for-each-ref --sort -committerdate --format %(refname)%00%(objectname)%00%(*objectname) [20ms]
2026-09-29 17:19:13.881 [info] > git config --get commit.template [43ms]
2026-09-29 17:19:13.898 [info] > git for-each-ref --format=%(refname)%00%(upstream:short)%00%(objectname)%00%(upstream:track)%00%(upstream:remotename)%00%(upstream:remoteref) refs/heads/main refs/remotes/main [21ms]
2026-09-29 17:19:13.982 [info] > git status -z -uall [43ms]
2026-09-29 17:19:13.999 [info] > git for-each-ref --sort -committerdate --format %(refname)%00%(objectname)%00%(*objectname) [20ms]
2026-09-29 17:19:19.112 [info] > git config --get commit.template [47ms]
2026-09-29 17:19:19.125 [info] > git for-each-ref --format=%(refname)%00%(upstream:short)%00%(objectname)%00%(upstream:track)%00%(upstream:remotename)%00%(upstream:remoteref) refs/heads/main refs/remotes/main [18ms]
2026-09-29 17:19:19.213 [info] > git status -z -uall [44ms]
2026-09-29 17:19:19.229 [info] > git for-each-ref --sort -committerdate --format %(refname)%00%(objectname)%00%(*objectname) [19ms]
2026-09-29 17:19:24.346 [info] > git config --get commit.template [44ms]
2026-09-29 17:19:24.361 [info] > git for-each-ref --format=%(refname)%00%(upstream:short)%00%(objectname)%00%(upstream:track)%00%(upstream:remotename)%00%(upstream:remoteref) refs/heads/main refs/remotes/main [19ms]
2026-09-29 17:19:24.455 [info] > git status -z -uall [52ms]
2026-09-29 17:19:24.471 [info] > git for-each-ref --sort -committerdate --format %(refname)%00%(objectname)%00%(*objectname) [19ms]
2026-09-29 17:19:49.590 [info] > git config --get commit.template [69ms]
2026-09-29 17:19:49.607 [info] > git for-each-ref --format=%(refname)%00%(upstream:short)%00%(objectname)%00%(upstream:track)%00%(upstream:remotename)%00%(upstream:remoteref) refs/heads/main refs/remotes/main [30ms]
2026-09-29 17:19:49.710 [info] > git status -z -uall [58ms]
2026-09-29 17:19:49.748 [info] > git for-each-ref --sort -committerdate --format %(refname)%00%(objectname)%00%(*objectname) [46ms]
2026-09-29 17:19:54.873 [info] > git config --get commit.template [34ms]
2026-09-29 17:19:54.889 [info] > git for-each-ref --format=%(refname)%00%(upstream:short)%00%(objectname)%00%(upstream:track)%00%(upstream:remotename)%00%(upstream:remoteref) refs/heads/main refs/remotes/main [19ms]
2026-09-29 17:19:54.949 [info] > git status -z -uall [30ms]
2026-09-29 17:19:54.964 [info] > git for-each-ref --sort -committerdate --format %(refname)%00%(objectname)%00%(*objectname) [18ms]
2026-09-29 17:20:00.057 [info] > git config --get commit.template [32ms]
2026-09-29 17:20:00.071 [info] > git for-each-ref --format=%(refname)%00%(upstream:short)%00%(objectname)%00%(upstream:track)%00%(upstream:remotename)%00%(upstream:remoteref) refs/heads/main refs/remotes/main [17ms]
2026-09-29 17:20:00.136 [info] > git status -z -uall [36ms]
2026-09-29 17:20:00.158 [info] > git for-each-ref --sort -committerdate --format %(refname)%00%(objectname)%00%(*objectname) [25ms]
2026-09-29 17:20:05.260 [info] > git config --get commit.template [40ms]
2026-09-29 17:20:05.269 [info] > git for-each-ref --format=%(refname)%00%(upstream:short)%00%(objectname)%00%(upstream:track)%00%(upstream:remotename)%00%(upstream:remoteref) refs/heads/main refs/remotes/main [17ms]
2026-09-29 17:20:05.330 [info] > git status -z -uall [35ms]
2026-09-29 17:20:05.348 [info] > git for-each-ref --sort -committerdate --format %(refname)%00%(objectname)%00%(*objectname) [20ms]
2026-09-29 17:20:10.435 [info] > git config --get commit.template [36ms]
2026-09-29 17:20:10.452 [info] > git for-each-ref --format=%(refname)%00%(upstream:short)%00%(objectname)%00%(upstream:track)%00%(upstream:remotename)%00%(upstream:remoteref) refs/heads/main refs/remotes/main [21ms]
2026-09-29 17:20:10.521 [info] > git status -z -uall [39ms]
2026-09-29 17:20:10.532 [info] > git for-each-ref --sort -committerdate --format %(refname)%00%(objectname)%00%(*objectname) [19ms]
2026-09-29 17:20:15.625 [info] > git config --get commit.template [38ms]
2026-09-29 17:20:15.640 [info] > git for-each-ref --format=%(refname)%00%(upstream:short)%00%(objectname)%00%(upstream:track)%00%(upstream:remotename)%00%(upstream:remoteref) refs/heads/main refs/remotes/main [19ms]
2026-09-29 17:20:15.705 [info] > git status -z -uall [30ms]
2026-09-29 17:20:15.720 [info] > git for-each-ref --sort -committerdate --format %(refname)%00%(objectname)%00%(*objectname) [17ms]
2026-09-29 17:20:20.809 [info] > git config --get commit.template [38ms]
2026-09-29 17:20:20.827 [info] > git for-each-ref --format=%(refname)%00%(upstream:short)%00%(objectname)%00%(upstream:track)%00%(upstream:remotename)%00%(upstream:remoteref) refs/heads/main refs/remotes/main [22ms]
2026-09-29 17:20:20.897 [info] > git status -z -uall [35ms]
2026-09-29 17:20:20.911 [info] > git for-each-ref --sort -committerdate --format %(refname)%00%(objectname)%00%(*objectname) [20ms]
2026-09-29 17:20:26.010 [info] > git config --get commit.template [43ms]
2026-09-29 17:20:26.025 [info] > git for-each-ref --format=%(refname)%00%(upstream:short)%00%(objectname)%00%(upstream:track)%00%(upstream:remotename)%00%(upstream:remoteref) refs/heads/main refs/remotes/main [18ms]
2026-09-29 17:20:26.086 [info] > git status -z -uall [31ms]
2026-09-29 17:20:26.101 [info] > git for-each-ref --sort -committerdate --format %(refname)%00%(objectname)%00%(*objectname) [18ms]
2026-09-29 17:20:31.205 [info] > git config --get commit.template [48ms]
2026-09-29 17:20:31.217 [info] > git for-each-ref --format=%(refname)%00%(upstream:short)%00%(objectname)%00%(upstream:track)%00%(upstream:remotename)%00%(upstream:remoteref) refs/heads/main refs/remotes/main [23ms]
2026-09-29 17:20:31.289 [info] > git status -z -uall [41ms]
2026-09-29 17:20:31.309 [info] > git for-each-ref --sort -committerdate --format %(refname)%00%(objectname)%00%(*objectname) [23ms]
2026-09-29 17:20:38.770 [info] > git config --get commit.template [39ms]
2026-09-29 17:20:38.783 [info] > git for-each-ref --format=%(refname)%00%(upstream:short)%00%(objectname)%00%(upstream:track)%00%(upstream:remotename)%00%(upstream:remoteref) refs/heads/main refs/remotes/main [18ms]
2026-09-29 17:20:38.858 [info] > git status -z -uall [42ms]
2026-09-29 17:20:38.876 [info] > git for-each-ref --sort -committerdate --format %(refname)%00%(objectname)%00%(*objectname) [21ms]
2026-09-29 17:20:43.970 [info] > git config --get commit.template [38ms]
2026-09-29 17:20:43.986 [info] > git for-each-ref --format=%(refname)%00%(upstream:short)%00%(objectname)%00%(upstream:track)%00%(upstream:remotename)%00%(upstream:remoteref) refs/heads/main refs/remotes/main [21ms]
2026-09-29 17:20:44.055 [info] > git status -z -uall [35ms]
2026-09-29 17:20:44.074 [info] > git for-each-ref --sort -committerdate --format %(refname)%00%(objectname)%00%(*objectname) [23ms]
2026-09-29 17:20:49.179 [info] > git config --get commit.template [46ms]
2026-09-29 17:20:49.190 [info] > git for-each-ref --format=%(refname)%00%(upstream:short)%00%(objectname)%00%(upstream:track)%00%(upstream:remotename)%00%(upstream:remoteref) refs/heads/main refs/remotes/main [19ms]
2026-09-29 17:20:49.250 [info] > git status -z -uall [32ms]
2026-09-29 17:20:49.266 [info] > git for-each-ref --sort -committerdate --format %(refname)%00%(objectname)%00%(*objectname) [19ms]
2026-09-29 17:20:54.368 [info] > git config --get commit.template [42ms]
2026-09-29 17:20:54.383 [info] > git for-each-ref --format=%(refname)%00%(upstream:short)%00%(objectname)%00%(upstream:track)%00%(upstream:remotename)%00%(upstream:remoteref) refs/heads/main refs/remotes/main [18ms]
2026-09-29 17:20:54.451 [info] > git status -z -uall [32ms]
2026-09-29 17:20:54.468 [info] > git for-each-ref --sort -committerdate --format %(refname)%00%(objectname)%00%(*objectname) [19ms]
2026-09-29 17:20:59.553 [info] > git config --get commit.template [40ms]
2026-09-29 17:20:59.570 [info] > git for-each-ref --format=%(refname)%00%(upstream:short)%00%(objectname)%00%(upstream:track)%00%(upstream:remotename)%00%(upstream:remoteref) refs/heads/main refs/remotes/main [20ms]
2026-09-29 17:20:59.641 [info] > git status -z -uall [35ms]
2026-09-29 17:20:59.657 [info] > git for-each-ref --sort -committerdate --format %(refname)%00%(objectname)%00%(*objectname) [20ms]
2026-09-29 17:21:04.762 [info] > git config --get commit.template [46ms]
2026-09-29 17:21:04.773 [info] > git for-each-ref --format=%(refname)%00%(upstream:short)%00%(objectname)%00%(upstream:track)%00%(upstream:remotename)%00%(upstream:remoteref) refs/heads/main refs/remotes/main [16ms]
2026-09-29 17:21:04.841 [info] > git status -z -uall [34ms]
2026-09-29 17:21:04.858 [info] > git for-each-ref --sort -committerdate --format %(refname)%00%(objectname)%00%(*objectname) [20ms]
2026-09-29 17:21:09.947 [info] > git config --get commit.template [36ms]
2026-09-29 17:21:09.965 [info] > git for-each-ref --format=%(refname)%00%(upstream:short)%00%(objectname)%00%(upstream:track)%00%(upstream:remotename)%00%(upstream:remoteref) refs/heads/main refs/remotes/main [23ms]
2026-09-29 17:21:10.035 [info] > git status -z -uall [37ms]
2026-09-29 17:21:10.053 [info] > git for-each-ref --sort -committerdate --format %(refname)%00%(objectname)%00%(*objectname) [21ms]
2026-09-29 17:21:15.152 [info] > git config --get commit.template [41ms]
2026-09-29 17:21:15.163 [info] > git for-each-ref --format=%(refname)%00%(upstream:short)%00%(objectname)%00%(upstream:track)%00%(upstream:remotename)%00%(upstream:remoteref) refs/heads/main refs/remotes/main [18ms]
2026-09-29 17:21:15.232 [info] > git status -z -uall [33ms]
2026-09-29 17:21:15.248 [info] > git for-each-ref --sort -committerdate --format %(refname)%00%(objectname)%00%(*objectname) [18ms]
2026-09-29 17:21:20.748 [info] > git config --get commit.template [41ms]
2026-09-29 17:21:20.766 [info] > git for-each-ref --format=%(refname)%00%(upstream:short)%00%(objectname)%00%(upstream:track)%00%(upstream:remotename)%00%(upstream:remoteref) refs/heads/main refs/remotes/main [20ms]
2026-09-29 17:21:20.839 [info] > git status -z -uall [36ms]
2026-09-29 17:21:20.852 [info] > git for-each-ref --sort -committerdate --format %(refname)%00%(objectname)%00%(*objectname) [21ms]
2026-09-29 17:21:25.949 [info] > git config --get commit.template [37ms]
2026-09-29 17:21:25.960 [info] > git for-each-ref --format=%(refname)%00%(upstream:short)%00%(objectname)%00%(upstream:track)%00%(upstream:remotename)%00%(upstream:remoteref) refs/heads/main refs/remotes/main [18ms]
2026-09-29 17:21:26.024 [info] > git status -z -uall [32ms]
2026-09-29 17:21:26.042 [info] > git for-each-ref --sort -committerdate --format %(refname)%00%(objectname)%00%(*objectname) [20ms]
2026-09-29 17:21:31.141 [info] > git config --get commit.template [45ms]
2026-09-29 17:21:31.149 [info] > git for-each-ref --format=%(refname)%00%(upstream:short)%00%(objectname)%00%(upstream:track)%00%(upstream:remotename)%00%(upstream:remoteref) refs/heads/main refs/remotes/main [18ms]
2026-09-29 17:21:31.217 [info] > git status -z -uall [38ms]
2026-09-29 17:21:31.232 [info] > git for-each-ref --sort -committerdate --format %(refname)%00%(objectname)%00%(*objectname) [19ms]
2026-09-29 17:21:36.325 [info] > git config --get commit.template [41ms]
2026-09-29 17:21:36.344 [info] > git for-each-ref --format=%(refname)%00%(upstream:short)%00%(objectname)%00%(upstream:track)%00%(upstream:remotename)%00%(upstream:remoteref) refs/heads/main refs/remotes/main [22ms]
2026-09-29 17:21:36.419 [info] > git status -z -uall [32ms]
2026-09-29 17:21:36.433 [info] > git for-each-ref --sort -committerdate --format %(refname)%00%(objectname)%00%(*objectname) [18ms]
2026-09-29 17:21:42.333 [info] > git config --get commit.template [45ms]
2026-09-29 17:21:42.353 [info] > git for-each-ref --format=%(refname)%00%(upstream:short)%00%(objectname)%00%(upstream:track)%00%(upstream:remotename)%00%(upstream:remoteref) refs/heads/main refs/remotes/main [27ms]
2026-09-29 17:21:42.413 [info] > git status -z -uall [32ms]
2026-09-29 17:21:42.433 [info] > git for-each-ref --sort -committerdate --format %(refname)%00%(objectname)%00%(*objectname) [25ms]
2026-09-29 17:21:47.524 [info] > git config --get commit.template [35ms]
2026-09-29 17:21:47.538 [info] > git for-each-ref --format=%(refname)%00%(upstream:short)%00%(objectname)%00%(upstream:track)%00%(upstream:remotename)%00%(upstream:remoteref) refs/heads/main refs/remotes/main [19ms]
2026-09-29 17:21:47.600 [info] > git status -z -uall [34ms]
2026-09-29 17:21:47.617 [info] > git for-each-ref --sort -committerdate --format %(refname)%00%(objectname)%00%(*objectname) [20ms]
2026-09-29 17:21:52.713 [info] > git config --get commit.template [41ms]
2026-09-29 17:21:52.725 [info] > git for-each-ref --format=%(refname)%00%(upstream:short)%00%(objectname)%00%(upstream:track)%00%(upstream:remotename)%00%(upstream:remoteref) refs/heads/main refs/remotes/main [20ms]
2026-09-29 17:21:52.799 [info] > git status -z -uall [39ms]
2026-09-29 17:21:52.816 [info] > git for-each-ref --sort -committerdate --format %(refname)%00%(objectname)%00%(*objectname) [21ms]
2026-09-29 17:21:57.912 [info] > git config --get commit.template [38ms]
2026-09-29 17:21:57.928 [info] > git for-each-ref --format=%(refname)%00%(upstream:short)%00%(objectname)%00%(upstream:track)%00%(upstream:remotename)%00%(upstream:remoteref) refs/heads/main refs/remotes/main [21ms]
2026-09-29 17:21:57.991 [info] > git status -z -uall [31ms]
2026-09-29 17:21:58.009 [info] > git for-each-ref --sort -committerdate --format %(refname)%00%(objectname)%00%(*objectname) [20ms]
2026-09-29 17:22:04.662 [info] > git config --get commit.template [39ms]
2026-09-29 17:22:04.677 [info] > git for-each-ref --format=%(refname)%00%(upstream:short)%00%(objectname)%00%(upstream:track)%00%(upstream:remotename)%00%(upstream:remoteref) refs/heads/main refs/remotes/main [20ms]
2026-09-29 17:22:04.744 [info] > git status -z -uall [35ms]
2026-09-29 17:22:04.758 [info] > git for-each-ref --sort -committerdate --format %(refname)%00%(objectname)%00%(*objectname) [20ms]
2026-09-29 17:22:09.850 [info] > git config --get commit.template [36ms]
2026-09-29 17:22:09.863 [info] > git for-each-ref --format=%(refname)%00%(upstream:short)%00%(objectname)%00%(upstream:track)%00%(upstream:remotename)%00%(upstream:remoteref) refs/heads/main refs/remotes/main [18ms]
2026-09-29 17:22:09.934 [info] > git status -z -uall [34ms]
2026-09-29 17:22:09.950 [info] > git for-each-ref --sort -committerdate --format %(refname)%00%(objectname)%00%(*objectname) [19ms]
2026-09-29 17:22:15.053 [info] > git config --get commit.template [47ms]
2026-09-29 17:22:15.063 [info] > git for-each-ref --format=%(refname)%00%(upstream:short)%00%(objectname)%00%(upstream:track)%00%(upstream:remotename)%00%(upstream:remoteref) refs/heads/main refs/remotes/main [19ms]
2026-09-29 17:22:15.127 [info] > git status -z -uall [32ms]
2026-09-29 17:22:15.142 [info] > git for-each-ref --sort -committerdate --format %(refname)%00%(objectname)%00%(*objectname) [18ms]
2026-09-29 17:22:20.239 [info] > git config --get commit.template [42ms]
2026-09-29 17:22:20.257 [info] > git for-each-ref --format=%(refname)%00%(upstream:short)%00%(objectname)%00%(upstream:track)%00%(upstream:remotename)%00%(upstream:remoteref) refs/heads/main refs/remotes/main [20ms]
2026-09-29 17:22:20.327 [info] > git status -z -uall [38ms]
2026-09-29 17:22:20.347 [info] > git for-each-ref --sort -committerdate --format %(refname)%00%(objectname)%00%(*objectname) [23ms]
2026-09-29 17:22:52.988 [info] > git config --get commit.template [53ms]
2026-09-29 17:22:53.007 [info] > git for-each-ref --format=%(refname)%00%(upstream:short)%00%(objectname)%00%(upstream:track)%00%(upstream:remotename)%00%(upstream:remoteref) refs/heads/main refs/remotes/main [33ms]
2026-09-29 17:22:53.077 [info] > git status -z -uall [34ms]
2026-09-29 17:22:53.093 [info] > git for-each-ref --sort -committerdate --format %(refname)%00%(objectname)%00%(*objectname) [19ms]
2026-09-29 17:22:58.188 [info] > git config --get commit.template [37ms]
2026-09-29 17:22:58.200 [info] > git for-each-ref --format=%(refname)%00%(upstream:short)%00%(objectname)%00%(upstream:track)%00%(upstream:remotename)%00%(upstream:remoteref) refs/heads/main refs/remotes/main [19ms]
2026-09-29 17:22:58.270 [info] > git status -z -uall [38ms]
2026-09-29 17:22:58.291 [info] > git for-each-ref --sort -committerdate --format %(refname)%00%(objectname)%00%(*objectname) [24ms]
2026-09-29 17:23:04.148 [info] > git config --get commit.template [38ms]
2026-09-29 17:23:04.164 [info] > git for-each-ref --format=%(refname)%00%(upstream:short)%00%(objectname)%00%(upstream:track)%00%(upstream:remotename)%00%(upstream:remoteref) refs/heads/main refs/remotes/main [20ms]
2026-09-29 17:23:04.233 [info] > git status -z -uall [35ms]
2026-09-29 17:23:04.251 [info] > git for-each-ref --sort -committerdate --format %(refname)%00%(objectname)%00%(*objectname) [22ms]
2026-09-29 17:23:09.349 [info] > git config --get commit.template [38ms]
2026-09-29 17:23:09.366 [info] > git for-each-ref --format=%(refname)%00%(upstream:short)%00%(objectname)%00%(upstream:track)%00%(upstream:remotename)%00%(upstream:remoteref) refs/heads/main refs/remotes/main [19ms]
2026-09-29 17:23:09.438 [info] > git status -z -uall [36ms]
2026-09-29 17:23:09.455 [info] > git for-each-ref --sort -committerdate --format %(refname)%00%(objectname)%00%(*objectname) [20ms]
2026-09-29 17:23:14.552 [info] > git config --get commit.template [39ms]
2026-09-29 17:23:14.566 [info] > git for-each-ref --format=%(refname)%00%(upstream:short)%00%(objectname)%00%(upstream:track)%00%(upstream:remotename)%00%(upstream:remoteref) refs/heads/main refs/remotes/main [19ms]
2026-09-29 17:23:14.634 [info] > git status -z -uall [32ms]
2026-09-29 17:23:14.650 [info] > git for-each-ref --sort -committerdate --format %(refname)%00%(objectname)%00%(*objectname) [19ms]
2026-09-29 17:23:19.740 [info] > git config --get commit.template [35ms]
2026-09-29 17:23:19.756 [info] > git for-each-ref --format=%(refname)%00%(upstream:short)%00%(objectname)%00%(upstream:track)%00%(upstream:remotename)%00%(upstream:remoteref) refs/heads/main refs/remotes/main [19ms]
2026-09-29 17:23:19.820 [info] > git status -z -uall [35ms]
2026-09-29 17:23:19.838 [info] > git for-each-ref --sort -committerdate --format %(refname)%00%(objectname)%00%(*objectname) [22ms]
2026-09-29 17:23:24.936 [info] > git config --get commit.template [40ms]
2026-09-29 17:23:24.948 [info] > git for-each-ref --format=%(refname)%00%(upstream:short)%00%(objectname)%00%(upstream:track)%00%(upstream:remotename)%00%(upstream:remoteref) refs/heads/main refs/remotes/main [19ms]
2026-09-29 17:23:25.023 [info] > git status -z -uall [37ms]
2026-09-29 17:23:25.043 [info] > git for-each-ref --sort -committerdate --format %(refname)%00%(objectname)%00%(*objectname) [23ms]
2026-09-29 17:23:30.130 [info] > git config --get commit.template [36ms]
2026-09-29 17:23:30.141 [info] > git for-each-ref --format=%(refname)%00%(upstream:short)%00%(objectname)%00%(upstream:track)%00%(upstream:remotename)%00%(upstream:remoteref) refs/heads/main refs/remotes/main [21ms]
2026-09-29 17:23:30.202 [info] > git status -z -uall [31ms]
2026-09-29 17:23:30.218 [info] > git for-each-ref --sort -committerdate --format %(refname)%00%(objectname)%00%(*objectname) [18ms]
2026-09-29 17:23:35.312 [info] > git config --get commit.template [39ms]
2026-09-29 17:23:35.324 [info] > git for-each-ref --format=%(refname)%00%(upstream:short)%00%(objectname)%00%(upstream:track)%00%(upstream:remotename)%00%(upstream:remoteref) refs/heads/main refs/remotes/main [17ms]
2026-09-29 17:23:35.386 [info] > git status -z -uall [34ms]
2026-09-29 17:23:35.401 [info] > git for-each-ref --sort -committerdate --format %(refname)%00%(objectname)%00%(*objectname) [19ms]
2026-09-29 17:23:41.073 [info] > git config --get commit.template [123ms]
2026-09-29 17:23:41.102 [info] > git for-each-ref --format=%(refname)%00%(upstream:short)%00%(objectname)%00%(upstream:track)%00%(upstream:remotename)%00%(upstream:remoteref) refs/heads/main refs/remotes/main [46ms]
2026-09-29 17:23:41.287 [info] > git status -z -uall [102ms]
2026-09-29 17:23:41.325 [info] > git for-each-ref --sort -committerdate --format %(refname)%00%(objectname)%00%(*objectname) [59ms]
2026-09-29 17:23:46.534 [info] > git config --get commit.template [119ms]
2026-09-29 17:23:46.586 [info] > git for-each-ref --format=%(refname)%00%(upstream:short)%00%(objectname)%00%(upstream:track)%00%(upstream:remotename)%00%(upstream:remoteref) refs/heads/main refs/remotes/main [63ms]
2026-09-29 17:23:46.793 [info] > git status -z -uall [104ms]
2026-09-29 17:23:46.896 [info] > git for-each-ref --sort -committerdate --format %(refname)%00%(objectname)%00%(*objectname) [110ms]
2026-09-29 17:23:49.461 [info] > git check-ignore -v -z --stdin [34ms]
2026-09-29 17:24:12.529 [info] > git config --get commit.template [105ms]
2026-09-29 17:24:12.573 [info] > git for-each-ref --format=%(refname)%00%(upstream:short)%00%(objectname)%00%(upstream:track)%00%(upstream:remotename)%00%(upstream:remoteref) refs/heads/main refs/remotes/main [87ms]
2026-09-29 17:24:12.716 [info] > git status -z -uall [66ms]
2026-09-29 17:24:12.750 [info] > git for-each-ref --sort -committerdate --format %(refname)%00%(objectname)%00%(*objectname) [37ms]
2026-09-29 17:24:17.848 [info] > git config --get commit.template [39ms]
2026-09-29 17:24:17.863 [info] > git for-each-ref --format=%(refname)%00%(upstream:short)%00%(objectname)%00%(upstream:track)%00%(upstream:remotename)%00%(upstream:remoteref) refs/heads/main refs/remotes/main [19ms]
2026-09-29 17:24:17.951 [info] > git status -z -uall [49ms]
2026-09-29 17:24:17.967 [info] > git for-each-ref --sort -committerdate --format %(refname)%00%(objectname)%00%(*objectname) [20ms]
2026-09-29 17:24:21.765 [info] > git config --get commit.template [40ms]
2026-09-29 17:24:21.779 [info] > git for-each-ref --format=%(refname)%00%(upstream:short)%00%(objectname)%00%(upstream:track)%00%(upstream:remotename)%00%(upstream:remoteref) refs/heads/main refs/remotes/main [18ms]
2026-09-29 17:24:21.855 [info] > git status -z -uall [40ms]
2026-09-29 17:24:21.871 [info] > git for-each-ref --sort -committerdate --format %(refname)%00%(objectname)%00%(*objectname) [18ms]
2026-09-29 17:24:23.079 [info] > git config --get commit.template [45ms]
2026-09-29 17:24:23.093 [info] > git for-each-ref --format=%(refname)%00%(upstream:short)%00%(objectname)%00%(upstream:track)%00%(upstream:remotename)%00%(upstream:remoteref) refs/heads/main refs/remotes/main [18ms]
2026-09-29 17:24:23.172 [info] > git status -z -uall [44ms]
2026-09-29 17:24:23.189 [info] > git for-each-ref --sort -committerdate --format %(refname)%00%(objectname)%00%(*objectname) [19ms]
2026-09-29 17:24:28.302 [info] > git config --get commit.template [45ms]
2026-09-29 17:24:28.317 [info] > git for-each-ref --format=%(refname)%00%(upstream:short)%00%(objectname)%00%(upstream:track)%00%(upstream:remotename)%00%(upstream:remoteref) refs/heads/main refs/remotes/main [18ms]
2026-09-29 17:24:28.395 [info] > git status -z -uall [40ms]
2026-09-29 17:24:28.410 [info] > git for-each-ref --sort -committerdate --format %(refname)%00%(objectname)%00%(*objectname) [18ms]
2026-09-29 17:24:33.526 [info] > git config --get commit.template [44ms]
2026-09-29 17:24:33.541 [info] > git for-each-ref --format=%(refname)%00%(upstream:short)%00%(objectname)%00%(upstream:track)%00%(upstream:remotename)%00%(upstream:remoteref) refs/heads/main refs/remotes/main [20ms]
2026-09-29 17:24:33.625 [info] > git status -z -uall [44ms]
2026-09-29 17:24:33.642 [info] > git for-each-ref --sort -committerdate --format %(refname)%00%(objectname)%00%(*objectname) [20ms]
2026-09-29 17:24:47.926 [info] > git config --get commit.template [53ms]
2026-09-29 17:24:47.938 [info] > git for-each-ref --format=%(refname)%00%(upstream:short)%00%(objectname)%00%(upstream:track)%00%(upstream:remotename)%00%(upstream:remoteref) refs/heads/main refs/remotes/main [19ms]
2026-09-29 17:24:48.019 [info] > git status -z -uall [40ms]
2026-09-29 17:24:48.034 [info] > git for-each-ref --sort -committerdate --format %(refname)%00%(objectname)%00%(*objectname) [19ms]
2026-09-29 17:24:53.147 [info] > git config --get commit.template [45ms]
2026-09-29 17:24:53.163 [info] > git for-each-ref --format=%(refname)%00%(upstream:short)%00%(objectname)%00%(upstream:track)%00%(upstream:remotename)%00%(upstream:remoteref) refs/heads/main refs/remotes/main [19ms]
2026-09-29 17:24:53.249 [info] > git status -z -uall [47ms]
2026-09-29 17:24:53.261 [info] > git for-each-ref --sort -committerdate --format %(refname)%00%(objectname)%00%(*objectname) [18ms]
2026-09-29 17:24:58.371 [info] > git config --get commit.template [39ms]
2026-09-29 17:24:58.385 [info] > git for-each-ref --format=%(refname)%00%(upstream:short)%00%(objectname)%00%(upstream:track)%00%(upstream:remotename)%00%(upstream:remoteref) refs/heads/main refs/remotes/main [18ms]
2026-09-29 17:24:58.468 [info] > git status -z -uall [44ms]
2026-09-29 17:24:58.485 [info] > git for-each-ref --sort -committerdate --format %(refname)%00%(objectname)%00%(*objectname) [20ms]
2026-09-29 17:25:03.598 [info] > git config --get commit.template [41ms]
2026-09-29 17:25:03.612 [info] > git for-each-ref --format=%(refname)%00%(upstream:short)%00%(objectname)%00%(upstream:track)%00%(upstream:remotename)%00%(upstream:remoteref) refs/heads/main refs/remotes/main [18ms]
2026-09-29 17:25:03.693 [info] > git status -z -uall [44ms]
2026-09-29 17:25:03.713 [info] > git for-each-ref --sort -committerdate --format %(refname)%00%(objectname)%00%(*objectname) [22ms]
2026-09-29 17:25:13.845 [info] > git config --get commit.template [45ms]
2026-09-29 17:25:13.860 [info] > git for-each-ref --format=%(refname)%00%(upstream:short)%00%(objectname)%00%(upstream:track)%00%(upstream:remotename)%00%(upstream:remoteref) refs/heads/main refs/remotes/main [19ms]
2026-09-29 17:25:13.948 [info] > git status -z -uall [42ms]
2026-09-29 17:25:13.965 [info] > git for-each-ref --sort -committerdate --format %(refname)%00%(objectname)%00%(*objectname) [20ms]
2026-09-29 17:25:19.096 [info] > git config --get commit.template [60ms]
2026-09-29 17:25:19.116 [info] > git for-each-ref --format=%(refname)%00%(upstream:short)%00%(objectname)%00%(upstream:track)%00%(upstream:remotename)%00%(upstream:remoteref) refs/heads/main refs/remotes/main [26ms]
2026-09-29 17:25:19.199 [info] > git status -z -uall [41ms]
2026-09-29 17:25:19.214 [info] > git for-each-ref --sort -committerdate --format %(refname)%00%(objectname)%00%(*objectname) [18ms]
2026-09-29 17:25:24.327 [info] > git config --get commit.template [44ms]
2026-09-29 17:25:24.341 [info] > git for-each-ref --format=%(refname)%00%(upstream:short)%00%(objectname)%00%(upstream:track)%00%(upstream:remotename)%00%(upstream:remoteref) refs/heads/main refs/remotes/main [17ms]
2026-09-29 17:25:24.421 [info] > git status -z -uall [44ms]
2026-09-29 17:25:24.438 [info] > git for-each-ref --sort -committerdate --format %(refname)%00%(objectname)%00%(*objectname) [21ms]
2026-09-29 17:25:29.544 [info] > git config --get commit.template [40ms]
2026-09-29 17:25:29.560 [info] > git for-each-ref --format=%(refname)%00%(upstream:short)%00%(objectname)%00%(upstream:track)%00%(upstream:remotename)%00%(upstream:remoteref) refs/heads/main refs/remotes/main [18ms]
2026-09-29 17:25:29.641 [info] > git status -z -uall [41ms]
2026-09-29 17:25:29.657 [info] > git for-each-ref --sort -committerdate --format %(refname)%00%(objectname)%00%(*objectname) [18ms]
2026-09-29 17:25:32.813 [info] > git config --get commit.template [44ms]
2026-09-29 17:25:32.830 [info] > git for-each-ref --format=%(refname)%00%(upstream:short)%00%(objectname)%00%(upstream:track)%00%(upstream:remotename)%00%(upstream:remoteref) refs/heads/main refs/remotes/main [19ms]
2026-09-29 17:25:32.907 [info] > git status -z -uall [39ms]
2026-09-29 17:25:32.925 [info] > git for-each-ref --sort -committerdate --format %(refname)%00%(objectname)%00%(*objectname) [20ms]
2026-09-29 17:25:33.004 [info] > git merge-base refs/heads/main refs/remotes/origin/main [20ms]
2026-09-29 17:25:33.176 [info] > git diff --raw --numstat --diff-filter=ADMR -z --find-renames=50% fc25f83fa3c55b8dd14e6cfb5478f9c9262337c9...refs/remotes/origin/main -- [127ms]
2026-09-29 17:25:34.767 [info] > git config --get commit.template [45ms]
2026-09-29 17:25:34.786 [info] > git for-each-ref --format=%(refname)%00%(upstream:short)%00%(objectname)%00%(upstream:track)%00%(upstream:remotename)%00%(upstream:remoteref) refs/heads/main refs/remotes/main [22ms]
2026-09-29 17:25:34.872 [info] > git status -z -uall [42ms]
2026-09-29 17:25:34.889 [info] > git for-each-ref --sort -committerdate --format %(refname)%00%(objectname)%00%(*objectname) [19ms]
2026-09-29 17:25:40.002 [info] > git config --get commit.template [46ms]
2026-09-29 17:25:40.018 [info] > git for-each-ref --format=%(refname)%00%(upstream:short)%00%(objectname)%00%(upstream:track)%00%(upstream:remotename)%00%(upstream:remoteref) refs/heads/main refs/remotes/main [19ms]
2026-09-29 17:25:40.102 [info] > git status -z -uall [43ms]
2026-09-29 17:25:40.118 [info] > git for-each-ref --sort -committerdate --format %(refname)%00%(objectname)%00%(*objectname) [18ms]
2026-09-29 17:25:45.234 [info] > git config --get commit.template [49ms]
2026-09-29 17:25:45.245 [info] > git for-each-ref --format=%(refname)%00%(upstream:short)%00%(objectname)%00%(upstream:track)%00%(upstream:remotename)%00%(upstream:remoteref) refs/heads/main refs/remotes/main [19ms]
2026-09-29 17:25:45.330 [info] > git status -z -uall [40ms]
2026-09-29 17:25:45.345 [info] > git for-each-ref --sort -committerdate --format %(refname)%00%(objectname)%00%(*objectname) [18ms]
2026-09-29 17:25:50.479 [info] > git config --get commit.template [55ms]
2026-09-29 17:25:50.493 [info] > git for-each-ref --format=%(refname)%00%(upstream:short)%00%(objectname)%00%(upstream:track)%00%(upstream:remotename)%00%(upstream:remoteref) refs/heads/main refs/remotes/main [21ms]
2026-09-29 17:25:50.620 [info] > git status -z -uall [82ms]
2026-09-29 17:25:50.622 [info] > git for-each-ref --sort -committerdate --format %(refname)%00%(objectname)%00%(*objectname) [44ms]
2026-09-29 17:26:46.379 [info] > git config --get commit.template [72ms]
2026-09-29 17:26:46.412 [info] > git for-each-ref --format=%(refname)%00%(upstream:short)%00%(objectname)%00%(upstream:track)%00%(upstream:remotename)%00%(upstream:remoteref) refs/heads/main refs/remotes/main [37ms]
2026-09-29 17:26:46.569 [info] > git status -z -uall [103ms]
2026-09-29 17:26:46.601 [info] > git for-each-ref --sort -committerdate --format %(refname)%00%(objectname)%00%(*objectname) [58ms]
2026-09-29 17:26:51.733 [info] > git config --get commit.template [49ms]
2026-09-29 17:26:51.756 [info] > git for-each-ref --format=%(refname)%00%(upstream:short)%00%(objectname)%00%(upstream:track)%00%(upstream:remotename)%00%(upstream:remoteref) refs/heads/main refs/remotes/main [29ms]
2026-09-29 17:26:51.857 [info] > git status -z -uall [54ms]
2026-09-29 17:26:51.880 [info] > git for-each-ref --sort -committerdate --format %(refname)%00%(objectname)%00%(*objectname) [28ms]
2026-09-29 17:26:56.994 [info] > git config --get commit.template [46ms]
2026-09-29 17:26:57.002 [info] > git for-each-ref --format=%(refname)%00%(upstream:short)%00%(objectname)%00%(upstream:track)%00%(upstream:remotename)%00%(upstream:remoteref) refs/heads/main refs/remotes/main [18ms]
2026-09-29 17:26:57.075 [info] > git status -z -uall [39ms]
2026-09-29 17:26:57.091 [info] > git for-each-ref --sort -committerdate --format %(refname)%00%(objectname)%00%(*objectname) [18ms]
2026-09-29 17:27:02.211 [info] > git config --get commit.template [52ms]
2026-09-29 17:27:02.226 [info] > git for-each-ref --format=%(refname)%00%(upstream:short)%00%(objectname)%00%(upstream:track)%00%(upstream:remotename)%00%(upstream:remoteref) refs/heads/main refs/remotes/main [23ms]
2026-09-29 17:27:02.310 [info] > git status -z -uall [43ms]
2026-09-29 17:27:02.331 [info] > git for-each-ref --sort -committerdate --format %(refname)%00%(objectname)%00%(*objectname) [24ms]
2026-09-29 17:27:07.442 [info] > git config --get commit.template [44ms]
2026-09-29 17:27:07.458 [info] > git for-each-ref --format=%(refname)%00%(upstream:short)%00%(objectname)%00%(upstream:track)%00%(upstream:remotename)%00%(upstream:remoteref) refs/heads/main refs/remotes/main [18ms]
2026-09-29 17:27:07.534 [info] > git status -z -uall [40ms]
2026-09-29 17:27:07.551 [info] > git for-each-ref --sort -committerdate --format %(refname)%00%(objectname)%00%(*objectname) [19ms]
2026-09-29 17:27:12.663 [info] > git config --get commit.template [43ms]
2026-09-29 17:27:12.680 [info] > git for-each-ref --format=%(refname)%00%(upstream:short)%00%(objectname)%00%(upstream:track)%00%(upstream:remotename)%00%(upstream:remoteref) refs/heads/main refs/remotes/main [20ms]
2026-09-29 17:27:12.765 [info] > git status -z -uall [44ms]
2026-09-29 17:27:12.779 [info] > git for-each-ref --sort -committerdate --format %(refname)%00%(objectname)%00%(*objectname) [20ms]
2026-09-29 17:27:17.889 [info] > git config --get commit.template [42ms]
2026-09-29 17:27:17.906 [info] > git for-each-ref --format=%(refname)%00%(upstream:short)%00%(objectname)%00%(upstream:track)%00%(upstream:remotename)%00%(upstream:remoteref) refs/heads/main refs/remotes/main [19ms]
2026-09-29 17:27:17.987 [info] > git status -z -uall [43ms]
2026-09-29 17:27:18.006 [info] > git for-each-ref --sort -committerdate --format %(refname)%00%(objectname)%00%(*objectname) [22ms]
2026-09-29 17:27:23.115 [info] > git config --get commit.template [43ms]
2026-09-29 17:27:23.127 [info] > git for-each-ref --format=%(refname)%00%(upstream:short)%00%(objectname)%00%(upstream:track)%00%(upstream:remotename)%00%(upstream:remoteref) refs/heads/main refs/remotes/main [17ms]
2026-09-29 17:27:23.210 [info] > git status -z -uall [44ms]
2026-09-29 17:27:23.231 [info] > git for-each-ref --sort -committerdate --format %(refname)%00%(objectname)%00%(*objectname) [23ms]
2026-09-29 17:27:28.352 [info] > git config --get commit.template [55ms]
2026-09-29 17:27:28.371 [info] > git for-each-ref --format=%(refname)%00%(upstream:short)%00%(objectname)%00%(upstream:track)%00%(upstream:remotename)%00%(upstream:remoteref) refs/heads/main refs/remotes/main [24ms]
2026-09-29 17:27:28.486 [info] > git status -z -uall [68ms]
2026-09-29 17:27:28.530 [info] > git for-each-ref --sort -committerdate --format %(refname)%00%(objectname)%00%(*objectname) [51ms]
