0 verbose cli /data/data/com.termux/files/usr/bin/node /data/data/com.termux/files/usr/bin/npm
1 info using npm@11.20.0
2 info using node@v26.4.0
3 silly config load:file:/data/data/com.termux/files/usr/lib/node_modules/npm/npmrc
4 silly config load:file:/data/data/com.termux/files/home/.npmrc
5 silly config load:file:/data/data/com.termux/files/usr/etc/npmrc
6 verbose title npm create vite@latest todo-frontend --template react
7 verbose argv "create" "vite@latest" "todo-frontend" "--" "--template" "react"
8 verbose logfile logs-max:10 dir:/data/data/com.termux/files/home/.npm/_logs/2026-10-02T04_52_43_975Z-
9 verbose logfile /data/data/com.termux/files/home/.npm/_logs/2026-10-02T04_52_43_975Z-debug-0.log
10 silly logfile done cleaning log files
11 silly packumentCache heap:1174405120 maxSize:293601280 maxEntrySize:146800640
12 http fetch GET 200 https://registry.npmjs.org/create-vite 675ms (cache miss)
13 silly packumentCache heap:1174405120 maxSize:293601280 maxEntrySize:146800640
14 silly idealTree buildDeps
15 silly fetch manifest create-vite@9.2.1
16 silly packumentCache full:https://registry.npmjs.org/create-vite cache-miss
17 http fetch GET 200 https://registry.npmjs.org/create-vite 633ms (cache miss)
18 silly packumentCache full:https://registry.npmjs.org/create-vite set size:undefined disposed:false
19 silly placeDep ROOT create-vite@9.2.1 OK for:  want: 9.2.1
20 silly reify moves {}
21 silly audit bulk request { 'create-vite': [ '9.2.1' ] }
22 http cache create-vite@https://registry.npmjs.org/create-vite/-/create-vite-9.2.1.tgz 2ms (cache hit)
23 silly tarball no local data for create-vite@https://registry.npmjs.org/create-vite/-/create-vite-9.2.1.tgz. Extracting by manifest.
24 http fetch POST 200 https://registry.npmjs.org/-/npm/v1/security/advisories/bulk 441ms
25 silly audit report {}
26 http fetch GET 200 https://registry.npmjs.org/create-vite/-/create-vite-9.2.1.tgz 1096ms (cache miss)
