0 verbose cli /data/data/com.termux/files/usr/bin/node /data/data/com.termux/files/usr/opt/nodejs-24/bin/npm
1 info using npm@11.16.0
2 info using node@v26.4.0
3 silly config load:file:/data/data/com.termux/files/usr/opt/nodejs-24/lib/node_modules/npm/npmrc
4 silly config load:file:/data/data/com.termux/files/home/.cache/typescript/6.0/.npmrc
5 silly config load:file:/data/data/com.termux/files/home/.npmrc
6 silly config load:file:/data/data/com.termux/files/usr/etc/npmrc
7 verbose title npm install types-registry@latest
8 verbose argv "install" "--ignore-scripts" "types-registry@latest"
9 verbose logfile logs-max:10 dir:/data/data/com.termux/files/home/.npm/_logs/2026-10-02T05_03_37_316Z-
10 verbose logfile /data/data/com.termux/files/home/.npm/_logs/2026-10-02T05_03_37_316Z-debug-0.log
11 silly logfile done cleaning log files
12 silly packumentCache heap:1174405120 maxSize:293601280 maxEntrySize:146800640
13 silly packumentCache corgi:https://registry.npmjs.org/types-registry cache-miss
14 http fetch GET 200 https://registry.npmjs.org/types-registry 706ms (cache miss)
15 silly packumentCache corgi:https://registry.npmjs.org/types-registry set size:undefined disposed:false
16 silly idealTree buildDeps
17 silly fetch manifest types-registry@0.1.788
18 silly packumentCache full:https://registry.npmjs.org/types-registry cache-miss
19 http fetch GET 200 https://registry.npmjs.org/types-registry 543ms (cache miss)
20 silly packumentCache full:https://registry.npmjs.org/types-registry set size:undefined disposed:false
21 silly placeDep ROOT types-registry@0.1.788 OK for:  want: 0.1.788
22 silly reify moves {}
23 silly audit bulk request { 'types-registry': [ '0.1.788' ] }
24 http cache types-registry@https://registry.npmjs.org/types-registry/-/types-registry-0.1.788.tgz 1ms (cache hit)
25 silly tarball no local data for types-registry@https://registry.npmjs.org/types-registry/-/types-registry-0.1.788.tgz. Extracting by manifest.
26 http fetch POST 200 https://registry.npmjs.org/-/npm/v1/security/advisories/bulk 395ms
27 silly audit report {}
28 http fetch GET 200 https://registry.npmjs.org/types-registry/-/types-registry-0.1.788.tgz 548ms (cache miss)
29 silly ADD node_modules/types-registry
30 verbose cwd /data/data/com.termux/files/home/.cache/typescript/6.0
31 verbose os Linux 6.6.82-android15-8-g076ac12bde16-ab13715361-4k
32 verbose node v26.4.0
33 verbose npm  v11.16.0
34 verbose exit 0
35 info ok
