0 verbose cli /data/data/com.termux/files/usr/bin/node /data/data/com.termux/files/usr/opt/nodejs-24/bin/npm
1 info using npm@11.16.0
2 info using node@v26.4.0
3 silly config load:file:/data/data/com.termux/files/usr/opt/nodejs-24/lib/node_modules/npm/npmrc
4 silly config load:file:/data/data/com.termux/files/home/.cache/typescript/6.0/.npmrc
5 silly config load:file:/data/data/com.termux/files/home/.npmrc
6 silly config load:file:/data/data/com.termux/files/usr/etc/npmrc
7 verbose title npm install @types/react@ts6.0
8 verbose argv "install" "--ignore-scripts" "@types/react@ts6.0" "--save-dev" "--user-agent" "typesInstaller/6.0.3"
9 verbose logfile logs-max:10 dir:/data/data/com.termux/files/home/.npm/_logs/2026-10-02T05_03_44_308Z-
10 verbose logfile /data/data/com.termux/files/home/.npm/_logs/2026-10-02T05_03_44_308Z-debug-0.log
11 silly logfile done cleaning log files
12 silly packumentCache heap:1174405120 maxSize:293601280 maxEntrySize:146800640
13 silly packumentCache corgi:https://registry.npmjs.org/@types%2freact cache-miss
14 http fetch GET 200 https://registry.npmjs.org/@types%2freact 729ms (cache miss)
15 silly packumentCache corgi:https://registry.npmjs.org/@types%2freact set size:undefined disposed:false
16 silly idealTree buildDeps
17 silly fetch manifest @types/react@19.3.0
18 silly packumentCache full:https://registry.npmjs.org/@types%2freact cache-miss
19 http fetch GET 200 https://registry.npmjs.org/@types%2freact 179ms (cache revalidated)
20 silly packumentCache full:https://registry.npmjs.org/@types%2freact set size:2642161 disposed:false
21 silly placeDep ROOT @types/react@19.3.0 OK for:  want: 19.3.0
22 silly fetch manifest csstype@^3.2.2
23 silly packumentCache full:https://registry.npmjs.org/csstype cache-miss
24 http fetch GET 200 https://registry.npmjs.org/csstype 122ms (cache revalidated)
25 silly packumentCache full:https://registry.npmjs.org/csstype set size:274189 disposed:false
26 silly placeDep ROOT csstype@3.2.3 OK for: @types/react@19.3.0 want: ^3.2.2
27 silly reify moves {}
28 silly audit bulk request {
28 silly audit   'types-registry': [ '0.1.788' ],
28 silly audit   '@types/react': [ '19.3.0' ],
28 silly audit   csstype: [ '3.2.3' ]
28 silly audit }
29 http cache csstype@https://registry.npmjs.org/csstype/-/csstype-3.2.3.tgz 0ms (cache hit)
30 http cache @types/react@https://registry.npmjs.org/@types/react/-/react-19.3.0.tgz 0ms (cache hit)
31 http fetch POST 200 https://registry.npmjs.org/-/npm/v1/security/advisories/bulk 598ms
32 silly audit report {}
33 silly ADD node_modules/csstype
34 silly ADD node_modules/@types/react
35 verbose cwd /data/data/com.termux/files/home/.cache/typescript/6.0
36 verbose os Linux 6.6.82-android15-8-g076ac12bde16-ab13715361-4k
37 verbose node v26.4.0
38 verbose npm  v11.16.0
39 verbose exit 0
40 info ok
