2026-10-02 11:05:04.544 [info] [main] Log level: Info
2026-10-02 11:05:04.544 [info] [main] Validating found git in: "git"
2026-10-02 11:05:04.544 [info] [main] Using git "2.55.0" from "git"
2026-10-02 11:05:04.544 [info] [Model][doInitialScan] Initial repository scan started
2026-10-02 11:05:04.544 [info] > git rev-parse --show-toplevel [1019ms]
2026-10-02 11:05:04.544 [info] > git rev-parse --git-dir --git-common-dir --show-superproject-working-tree [223ms]
2026-10-02 11:05:05.082 [info] [Model][openRepository] Opened repository (path): /data/data/com.termux/files/home
2026-10-02 11:05:05.082 [info] [Model][openRepository] Opened repository (real path): /data/data/com.termux/files/home
2026-10-02 11:05:05.082 [info] [Model][openRepository] Opened repository (kind): repository
2026-10-02 11:05:05.250 [info] > git config --get commit.template [54ms]
2026-10-02 11:05:05.253 [info] > git config --get --local core.virtualfilesystem [108ms]
2026-10-02 11:05:05.254 [warning] [Git][config] git config failed: Failed to execute git
2026-10-02 11:05:05.330 [info] > git rev-parse --show-toplevel [97ms]
2026-10-02 11:05:05.388 [info] > git for-each-ref --format=%(refname)%00%(upstream:short)%00%(objectname)%00%(upstream:track)%00%(upstream:remotename)%00%(upstream:remoteref) refs/heads/main refs/remotes/main [71ms]
2026-10-02 11:05:05.398 [info] > git rev-parse --show-toplevel [24ms]
2026-10-02 11:05:05.545 [info] > git rev-parse --show-toplevel [113ms]
2026-10-02 11:05:05.598 [info] > git for-each-ref --sort -committerdate --format %(refname)%00%(objectname)%00%(*objectname) [65ms]
2026-10-02 11:05:05.615 [info] > git rev-parse --show-toplevel [30ms]
2026-10-02 11:05:05.676 [info] > git rev-parse --show-toplevel [23ms]
2026-10-02 11:05:05.733 [info] > git status -z -uall [248ms]
2026-10-02 11:05:08.617 [info] > git config --get commit.template [201ms]
2026-10-02 11:05:08.618 [info] > git for-each-ref --format=%(refname)%00%(upstream:short)%00%(objectname)%00%(upstream:track)%00%(upstream:remotename)%00%(upstream:remoteref) refs/heads/main refs/remotes/main [2535ms]
2026-10-02 11:05:08.666 [info] > git rev-parse --show-toplevel [2947ms]
2026-10-02 11:05:08.794 [info] > git config --get --local branch.main.vscode-merge-base [130ms]
2026-10-02 11:05:08.845 [info] > git rev-parse --show-toplevel [123ms]
2026-10-02 11:05:08.851 [info] > git for-each-ref --format=%(refname)%00%(upstream:short)%00%(objectname)%00%(upstream:track)%00%(upstream:remotename)%00%(upstream:remoteref) refs/heads/main refs/remotes/main [68ms]
2026-10-02 11:05:08.903 [info] > git for-each-ref --format=%(refname)%00%(upstream:short)%00%(objectname)%00%(upstream:track)%00%(upstream:remotename)%00%(upstream:remoteref) refs/heads/origin/main refs/remotes/origin/main [62ms]
2026-10-02 11:05:09.063 [info] > git rev-parse --show-toplevel [173ms]
2026-10-02 11:05:09.130 [info] > git merge-base refs/heads/main refs/remotes/origin/main [175ms]
2026-10-02 11:05:09.183 [info] > git for-each-ref --sort -committerdate --format %(refname)%00%(objectname)%00%(*objectname) [125ms]
2026-10-02 11:05:09.188 [info] > git status -z -uall [178ms]
2026-10-02 11:05:09.189 [info] > git rev-parse --show-toplevel [75ms]
2026-10-02 11:05:11.240 [info] > git diff --raw --numstat --diff-filter=ADMR -z --find-renames=50% 04420342cdb264a57e982cdf35d71d46c17582fe...refs/remotes/origin/main -- [2062ms]
2026-10-02 11:05:11.251 [info] > git merge-base refs/heads/main refs/remotes/origin/main [1914ms]
2026-10-02 11:05:11.304 [info] > git rev-parse --show-toplevel [85ms]
2026-10-02 11:05:11.359 [info] > git diff --raw --numstat --diff-filter=ADMR -z --find-renames=50% 04420342cdb264a57e982cdf35d71d46c17582fe...refs/remotes/origin/main -- [59ms]
2026-10-02 11:05:11.374 [info] > git rev-parse --show-toplevel [21ms]
2026-10-02 11:05:11.389 [info] [Model][doInitialScan] Initial repository scan completed - repositories (1), closed repositories (0), parent repositories (0), unsafe repositories (0)
2026-10-02 11:05:12.091 [info] > git check-ignore -v -z --stdin [74ms]
2026-10-02 11:05:16.465 [info] > git config --get commit.template [46ms]
2026-10-02 11:05:16.479 [info] > git for-each-ref --format=%(refname)%00%(upstream:short)%00%(objectname)%00%(upstream:track)%00%(upstream:remotename)%00%(upstream:remoteref) refs/heads/main refs/remotes/main [18ms]
2026-10-02 11:05:16.600 [info] > git for-each-ref --sort -committerdate --format %(refname)%00%(objectname)%00%(*objectname) [17ms]
2026-10-02 11:05:16.640 [info] > git status -z -uall [108ms]
2026-10-02 11:06:23.213 [info] > git config --get commit.template [59ms]
2026-10-02 11:06:23.224 [info] > git for-each-ref --format=%(refname)%00%(upstream:short)%00%(objectname)%00%(upstream:track)%00%(upstream:remotename)%00%(upstream:remoteref) refs/heads/main refs/remotes/main [19ms]
2026-10-02 11:06:23.350 [info] > git for-each-ref --sort -committerdate --format %(refname)%00%(objectname)%00%(*objectname) [19ms]
2026-10-02 11:06:23.522 [info] > git status -z -uall [243ms]
2026-10-02 11:06:28.727 [info] > git config --get commit.template [60ms]
2026-10-02 11:06:28.742 [info] > git for-each-ref --format=%(refname)%00%(upstream:short)%00%(objectname)%00%(upstream:track)%00%(upstream:remotename)%00%(upstream:remoteref) refs/heads/main refs/remotes/main [19ms]
2026-10-02 11:06:28.853 [info] > git for-each-ref --sort -committerdate --format %(refname)%00%(objectname)%00%(*objectname) [17ms]
2026-10-02 11:06:28.889 [info] > git status -z -uall [97ms]
2026-10-02 11:06:34.071 [info] > git config --get commit.template [45ms]
2026-10-02 11:06:34.085 [info] > git for-each-ref --format=%(refname)%00%(upstream:short)%00%(objectname)%00%(upstream:track)%00%(upstream:remotename)%00%(upstream:remoteref) refs/heads/main refs/remotes/main [17ms]
2026-10-02 11:06:34.188 [info] > git for-each-ref --sort -committerdate --format %(refname)%00%(objectname)%00%(*objectname) [17ms]
2026-10-02 11:06:34.224 [info] > git status -z -uall [97ms]
2026-10-02 11:06:39.410 [info] > git config --get commit.template [45ms]
2026-10-02 11:06:39.423 [info] > git for-each-ref --format=%(refname)%00%(upstream:short)%00%(objectname)%00%(upstream:track)%00%(upstream:remotename)%00%(upstream:remoteref) refs/heads/main refs/remotes/main [17ms]
2026-10-02 11:06:39.530 [info] > git for-each-ref --sort -committerdate --format %(refname)%00%(objectname)%00%(*objectname) [17ms]
2026-10-02 11:06:39.570 [info] > git status -z -uall [98ms]
2026-10-02 11:07:56.502 [info] > git config --get commit.template [135ms]
2026-10-02 11:07:56.689 [info] > git for-each-ref --format=%(refname)%00%(upstream:short)%00%(objectname)%00%(upstream:track)%00%(upstream:remotename)%00%(upstream:remoteref) refs/heads/main refs/remotes/main [195ms]
2026-10-02 11:07:56.809 [info] > git for-each-ref --sort -committerdate --format %(refname)%00%(objectname)%00%(*objectname) [22ms]
2026-10-02 11:07:57.427 [info] > git status -z -uall [687ms]
2026-10-02 11:12:21.799 [info] > git config --get commit.template [45ms]
2026-10-02 11:12:21.817 [info] > git for-each-ref --format=%(refname)%00%(upstream:short)%00%(objectname)%00%(upstream:track)%00%(upstream:remotename)%00%(upstream:remoteref) refs/heads/main refs/remotes/main [32ms]
2026-10-02 11:12:21.899 [info] > git for-each-ref --sort -committerdate --format %(refname)%00%(objectname)%00%(*objectname) [17ms]
2026-10-02 11:12:22.486 [info] > git status -z -uall [641ms]
2026-10-02 11:12:27.676 [info] > git config --get commit.template [44ms]
2026-10-02 11:12:27.684 [info] > git for-each-ref --format=%(refname)%00%(upstream:short)%00%(objectname)%00%(upstream:track)%00%(upstream:remotename)%00%(upstream:remoteref) refs/heads/main refs/remotes/main [20ms]
2026-10-02 11:12:27.766 [info] > git for-each-ref --sort -committerdate --format %(refname)%00%(objectname)%00%(*objectname) [19ms]
2026-10-02 11:12:27.900 [info] > git status -z -uall [183ms]
2026-10-02 11:12:33.115 [info] > git config --get commit.template [41ms]
2026-10-02 11:12:33.130 [info] > git for-each-ref --format=%(refname)%00%(upstream:short)%00%(objectname)%00%(upstream:track)%00%(upstream:remotename)%00%(upstream:remoteref) refs/heads/main refs/remotes/main [20ms]
2026-10-02 11:12:33.211 [info] > git for-each-ref --sort -committerdate --format %(refname)%00%(objectname)%00%(*objectname) [17ms]
2026-10-02 11:12:33.265 [info] > git status -z -uall [102ms]
2026-10-02 11:12:35.961 [info] > git check-ignore -v -z --stdin [16ms]
2026-10-02 11:12:38.459 [info] > git config --get commit.template [43ms]
2026-10-02 11:12:38.472 [info] > git for-each-ref --format=%(refname)%00%(upstream:short)%00%(objectname)%00%(upstream:track)%00%(upstream:remotename)%00%(upstream:remoteref) refs/heads/main refs/remotes/main [18ms]
2026-10-02 11:12:38.562 [info] > git for-each-ref --sort -committerdate --format %(refname)%00%(objectname)%00%(*objectname) [16ms]
2026-10-02 11:12:38.612 [info] > git status -z -uall [102ms]
2026-10-02 11:12:43.811 [info] > git config --get commit.template [50ms]
2026-10-02 11:12:43.825 [info] > git for-each-ref --format=%(refname)%00%(upstream:short)%00%(objectname)%00%(upstream:track)%00%(upstream:remotename)%00%(upstream:remoteref) refs/heads/main refs/remotes/main [20ms]
2026-10-02 11:12:43.915 [info] > git for-each-ref --sort -committerdate --format %(refname)%00%(objectname)%00%(*objectname) [18ms]
2026-10-02 11:12:43.969 [info] > git status -z -uall [107ms]
2026-10-02 11:12:49.188 [info] > git config --get commit.template [49ms]
2026-10-02 11:12:49.204 [info] > git for-each-ref --format=%(refname)%00%(upstream:short)%00%(objectname)%00%(upstream:track)%00%(upstream:remotename)%00%(upstream:remoteref) refs/heads/main refs/remotes/main [21ms]
2026-10-02 11:12:49.325 [info] > git for-each-ref --sort -committerdate --format %(refname)%00%(objectname)%00%(*objectname) [18ms]
2026-10-02 11:12:49.361 [info] > git status -z -uall [105ms]
2026-10-02 11:12:54.572 [info] > git config --get commit.template [55ms]
2026-10-02 11:12:54.588 [info] > git for-each-ref --format=%(refname)%00%(upstream:short)%00%(objectname)%00%(upstream:track)%00%(upstream:remotename)%00%(upstream:remoteref) refs/heads/main refs/remotes/main [21ms]
2026-10-02 11:12:54.712 [info] > git for-each-ref --sort -committerdate --format %(refname)%00%(objectname)%00%(*objectname) [18ms]
2026-10-02 11:12:54.748 [info] > git status -z -uall [104ms]
2026-10-02 11:12:59.949 [info] > git config --get commit.template [56ms]
2026-10-02 11:12:59.965 [info] > git for-each-ref --format=%(refname)%00%(upstream:short)%00%(objectname)%00%(upstream:track)%00%(upstream:remotename)%00%(upstream:remoteref) refs/heads/main refs/remotes/main [21ms]
2026-10-02 11:13:00.082 [info] > git for-each-ref --sort -committerdate --format %(refname)%00%(objectname)%00%(*objectname) [17ms]
2026-10-02 11:13:00.124 [info] > git status -z -uall [104ms]
2026-10-02 11:13:05.294 [info] > git config --get commit.template [55ms]
2026-10-02 11:13:05.308 [info] > git for-each-ref --format=%(refname)%00%(upstream:short)%00%(objectname)%00%(upstream:track)%00%(upstream:remotename)%00%(upstream:remoteref) refs/heads/main refs/remotes/main [25ms]
2026-10-02 11:13:05.416 [info] > git for-each-ref --sort -committerdate --format %(refname)%00%(objectname)%00%(*objectname) [17ms]
2026-10-02 11:13:05.464 [info] > git status -z -uall [111ms]
2026-10-02 11:16:04.570 [info] > git config --get commit.template [87ms]
2026-10-02 11:16:04.598 [info] > git for-each-ref --format=%(refname)%00%(upstream:short)%00%(objectname)%00%(upstream:track)%00%(upstream:remotename)%00%(upstream:remoteref) refs/heads/main refs/remotes/main [36ms]
2026-10-02 11:16:04.744 [info] > git for-each-ref --sort -committerdate --format %(refname)%00%(objectname)%00%(*objectname) [30ms]
2026-10-02 11:16:04.916 [info] > git status -z -uall [259ms]
2026-10-02 11:16:10.131 [info] > git config --get commit.template [63ms]
2026-10-02 11:16:10.140 [info] > git for-each-ref --format=%(refname)%00%(upstream:short)%00%(objectname)%00%(upstream:track)%00%(upstream:remotename)%00%(upstream:remoteref) refs/heads/main refs/remotes/main [22ms]
2026-10-02 11:16:10.387 [info] > git for-each-ref --sort -committerdate --format %(refname)%00%(objectname)%00%(*objectname) [145ms]
2026-10-02 11:16:10.391 [info] > git status -z -uall [203ms]
2026-10-02 11:16:10.470 [info] > git -c i18n.logOutputEncoding=UTF-8 log --format=%H%n%aN%n%aE%n%at%n%ct%n%P%n%D%n%B -z --shortstat --diff-merges=first-parent -n50 --skip=0 --topo-order --decorate=full --stdin [162ms]
2026-10-02 11:16:12.051 [info] > git check-ignore -v -z --stdin [30ms]
2026-10-02 11:16:12.869 [info] > git merge-base main origin/main [21ms]
2026-10-02 11:16:15.627 [info] > git config --get commit.template [72ms]
2026-10-02 11:16:15.648 [info] > git for-each-ref --format=%(refname)%00%(upstream:short)%00%(objectname)%00%(upstream:track)%00%(upstream:remotename)%00%(upstream:remoteref) refs/heads/main refs/remotes/main [26ms]
2026-10-02 11:16:15.801 [info] > git for-each-ref --sort -committerdate --format %(refname)%00%(objectname)%00%(*objectname) [27ms]
2026-10-02 11:16:15.834 [info] > git status -z -uall [125ms]
2026-10-02 11:16:21.180 [info] > git config --get commit.template [134ms]
2026-10-02 11:16:21.253 [info] > git for-each-ref --format=%(refname)%00%(upstream:short)%00%(objectname)%00%(upstream:track)%00%(upstream:remotename)%00%(upstream:remoteref) refs/heads/main refs/remotes/main [84ms]
2026-10-02 11:16:21.460 [info] > git for-each-ref --sort -committerdate --format %(refname)%00%(objectname)%00%(*objectname) [44ms]
2026-10-02 11:16:21.574 [info] > git status -z -uall [242ms]
2026-10-02 11:16:27.563 [info] > git config --get commit.template [48ms]
2026-10-02 11:16:27.580 [info] > git for-each-ref --format=%(refname)%00%(upstream:short)%00%(objectname)%00%(upstream:track)%00%(upstream:remotename)%00%(upstream:remoteref) refs/heads/main refs/remotes/main [21ms]
2026-10-02 11:16:27.690 [info] > git for-each-ref --sort -committerdate --format %(refname)%00%(objectname)%00%(*objectname) [17ms]
2026-10-02 11:16:27.725 [info] > git status -z -uall [98ms]
2026-10-02 11:16:32.928 [info] > git config --get commit.template [63ms]
2026-10-02 11:16:32.942 [info] > git for-each-ref --format=%(refname)%00%(upstream:short)%00%(objectname)%00%(upstream:track)%00%(upstream:remotename)%00%(upstream:remoteref) refs/heads/main refs/remotes/main [22ms]
2026-10-02 11:16:33.078 [info] > git for-each-ref --sort -committerdate --format %(refname)%00%(objectname)%00%(*objectname) [22ms]
2026-10-02 11:16:33.121 [info] > git status -z -uall [122ms]
2026-10-02 11:16:38.312 [info] > git config --get commit.template [54ms]
2026-10-02 11:16:38.325 [info] > git for-each-ref --format=%(refname)%00%(upstream:short)%00%(objectname)%00%(upstream:track)%00%(upstream:remotename)%00%(upstream:remoteref) refs/heads/main refs/remotes/main [17ms]
2026-10-02 11:16:38.434 [info] > git for-each-ref --sort -committerdate --format %(refname)%00%(objectname)%00%(*objectname) [19ms]
2026-10-02 11:16:38.469 [info] > git status -z -uall [101ms]
2026-10-02 11:16:43.657 [info] > git config --get commit.template [56ms]
2026-10-02 11:16:43.670 [info] > git for-each-ref --format=%(refname)%00%(upstream:short)%00%(objectname)%00%(upstream:track)%00%(upstream:remotename)%00%(upstream:remoteref) refs/heads/main refs/remotes/main [20ms]
2026-10-02 11:16:43.807 [info] > git for-each-ref --sort -committerdate --format %(refname)%00%(objectname)%00%(*objectname) [17ms]
2026-10-02 11:16:43.840 [info] > git status -z -uall [108ms]
2026-10-02 11:16:49.029 [info] > git config --get commit.template [53ms]
2026-10-02 11:16:49.050 [info] > git for-each-ref --format=%(refname)%00%(upstream:short)%00%(objectname)%00%(upstream:track)%00%(upstream:remotename)%00%(upstream:remoteref) refs/heads/main refs/remotes/main [26ms]
2026-10-02 11:16:49.211 [info] > git for-each-ref --sort -committerdate --format %(refname)%00%(objectname)%00%(*objectname) [35ms]
2026-10-02 11:16:49.266 [info] > git status -z -uall [156ms]
2026-10-02 11:16:54.524 [info] > git config --get commit.template [68ms]
2026-10-02 11:16:54.550 [info] > git for-each-ref --format=%(refname)%00%(upstream:short)%00%(objectname)%00%(upstream:track)%00%(upstream:remotename)%00%(upstream:remoteref) refs/heads/main refs/remotes/main [34ms]
2026-10-02 11:16:54.718 [info] > git for-each-ref --sort -committerdate --format %(refname)%00%(objectname)%00%(*objectname) [32ms]
2026-10-02 11:16:54.769 [info] > git status -z -uall [154ms]
2026-10-02 11:16:59.978 [info] > git config --get commit.template [57ms]
2026-10-02 11:16:59.995 [info] > git for-each-ref --format=%(refname)%00%(upstream:short)%00%(objectname)%00%(upstream:track)%00%(upstream:remotename)%00%(upstream:remoteref) refs/heads/main refs/remotes/main [23ms]
2026-10-02 11:17:00.142 [info] > git for-each-ref --sort -committerdate --format %(refname)%00%(objectname)%00%(*objectname) [29ms]
2026-10-02 11:17:00.175 [info] > git status -z -uall [123ms]
2026-10-02 11:17:05.385 [info] > git config --get commit.template [68ms]
2026-10-02 11:17:05.405 [info] > git for-each-ref --format=%(refname)%00%(upstream:short)%00%(objectname)%00%(upstream:track)%00%(upstream:remotename)%00%(upstream:remoteref) refs/heads/main refs/remotes/main [23ms]
2026-10-02 11:17:05.575 [info] > git for-each-ref --sort -committerdate --format %(refname)%00%(objectname)%00%(*objectname) [44ms]
2026-10-02 11:17:05.656 [info] > git status -z -uall [186ms]
2026-10-02 11:17:10.942 [info] > git config --get commit.template [57ms]
2026-10-02 11:17:10.957 [info] > git for-each-ref --format=%(refname)%00%(upstream:short)%00%(objectname)%00%(upstream:track)%00%(upstream:remotename)%00%(upstream:remoteref) refs/heads/main refs/remotes/main [21ms]
2026-10-02 11:17:11.085 [info] > git for-each-ref --sort -committerdate --format %(refname)%00%(objectname)%00%(*objectname) [21ms]
2026-10-02 11:17:11.126 [info] > git status -z -uall [115ms]
2026-10-02 11:17:16.313 [info] > git config --get commit.template [62ms]
2026-10-02 11:17:16.336 [info] > git for-each-ref --format=%(refname)%00%(upstream:short)%00%(objectname)%00%(upstream:track)%00%(upstream:remotename)%00%(upstream:remoteref) refs/heads/main refs/remotes/main [28ms]
2026-10-02 11:17:16.487 [info] > git for-each-ref --sort -committerdate --format %(refname)%00%(objectname)%00%(*objectname) [31ms]
2026-10-02 11:17:16.547 [info] > git status -z -uall [148ms]
2026-10-02 11:17:21.862 [info] > git config --get commit.template [46ms]
2026-10-02 11:17:21.875 [info] > git for-each-ref --format=%(refname)%00%(upstream:short)%00%(objectname)%00%(upstream:track)%00%(upstream:remotename)%00%(upstream:remoteref) refs/heads/main refs/remotes/main [17ms]
2026-10-02 11:17:21.979 [info] > git for-each-ref --sort -committerdate --format %(refname)%00%(objectname)%00%(*objectname) [18ms]
2026-10-02 11:17:22.020 [info] > git status -z -uall [102ms]
2026-10-02 11:17:27.197 [info] > git config --get commit.template [57ms]
2026-10-02 11:17:27.211 [info] > git for-each-ref --format=%(refname)%00%(upstream:short)%00%(objectname)%00%(upstream:track)%00%(upstream:remotename)%00%(upstream:remoteref) refs/heads/main refs/remotes/main [19ms]
2026-10-02 11:17:27.331 [info] > git for-each-ref --sort -committerdate --format %(refname)%00%(objectname)%00%(*objectname) [17ms]
2026-10-02 11:17:27.374 [info] > git status -z -uall [112ms]
2026-10-02 11:17:32.587 [info] > git config --get commit.template [64ms]
2026-10-02 11:17:32.601 [info] > git for-each-ref --format=%(refname)%00%(upstream:short)%00%(objectname)%00%(upstream:track)%00%(upstream:remotename)%00%(upstream:remoteref) refs/heads/main refs/remotes/main [25ms]
2026-10-02 11:17:32.744 [info] > git for-each-ref --sort -committerdate --format %(refname)%00%(objectname)%00%(*objectname) [26ms]
2026-10-02 11:17:32.793 [info] > git status -z -uall [130ms]
2026-10-02 11:17:37.989 [info] > git config --get commit.template [59ms]
2026-10-02 11:17:38.005 [info] > git for-each-ref --format=%(refname)%00%(upstream:short)%00%(objectname)%00%(upstream:track)%00%(upstream:remotename)%00%(upstream:remoteref) refs/heads/main refs/remotes/main [20ms]
2026-10-02 11:17:38.138 [info] > git for-each-ref --sort -committerdate --format %(refname)%00%(objectname)%00%(*objectname) [20ms]
2026-10-02 11:17:38.169 [info] > git status -z -uall [108ms]
2026-10-02 11:17:43.372 [info] > git config --get commit.template [69ms]
2026-10-02 11:17:43.380 [info] > git for-each-ref --format=%(refname)%00%(upstream:short)%00%(objectname)%00%(upstream:track)%00%(upstream:remotename)%00%(upstream:remoteref) refs/heads/main refs/remotes/main [22ms]
2026-10-02 11:17:43.512 [info] > git for-each-ref --sort -committerdate --format %(refname)%00%(objectname)%00%(*objectname) [24ms]
2026-10-02 11:17:43.553 [info] > git status -z -uall [117ms]
2026-10-02 11:17:48.755 [info] > git config --get commit.template [56ms]
2026-10-02 11:17:48.772 [info] > git for-each-ref --format=%(refname)%00%(upstream:short)%00%(objectname)%00%(upstream:track)%00%(upstream:remotename)%00%(upstream:remoteref) refs/heads/main refs/remotes/main [21ms]
2026-10-02 11:17:48.900 [info] > git for-each-ref --sort -committerdate --format %(refname)%00%(objectname)%00%(*objectname) [21ms]
2026-10-02 11:17:48.942 [info] > git status -z -uall [114ms]
2026-10-02 11:17:54.138 [info] > git config --get commit.template [58ms]
2026-10-02 11:17:54.153 [info] > git for-each-ref --format=%(refname)%00%(upstream:short)%00%(objectname)%00%(upstream:track)%00%(upstream:remotename)%00%(upstream:remoteref) refs/heads/main refs/remotes/main [21ms]
2026-10-02 11:17:54.278 [info] > git for-each-ref --sort -committerdate --format %(refname)%00%(objectname)%00%(*objectname) [17ms]
2026-10-02 11:17:54.311 [info] > git status -z -uall [106ms]
2026-10-02 11:17:59.550 [info] > git config --get commit.template [46ms]
2026-10-02 11:17:59.564 [info] > git for-each-ref --format=%(refname)%00%(upstream:short)%00%(objectname)%00%(upstream:track)%00%(upstream:remotename)%00%(upstream:remoteref) refs/heads/main refs/remotes/main [19ms]
2026-10-02 11:17:59.694 [info] > git for-each-ref --sort -committerdate --format %(refname)%00%(objectname)%00%(*objectname) [22ms]
2026-10-02 11:17:59.725 [info] > git status -z -uall [106ms]
2026-10-02 11:18:04.919 [info] > git config --get commit.template [61ms]
2026-10-02 11:18:04.937 [info] > git for-each-ref --format=%(refname)%00%(upstream:short)%00%(objectname)%00%(upstream:track)%00%(upstream:remotename)%00%(upstream:remoteref) refs/heads/main refs/remotes/main [24ms]
2026-10-02 11:18:05.067 [info] > git for-each-ref --sort -committerdate --format %(refname)%00%(objectname)%00%(*objectname) [18ms]
2026-10-02 11:18:05.102 [info] > git status -z -uall [111ms]
2026-10-02 11:18:10.301 [info] > git config --get commit.template [56ms]
2026-10-02 11:18:10.316 [info] > git for-each-ref --format=%(refname)%00%(upstream:short)%00%(objectname)%00%(upstream:track)%00%(upstream:remotename)%00%(upstream:remoteref) refs/heads/main refs/remotes/main [20ms]
2026-10-02 11:18:10.447 [info] > git for-each-ref --sort -committerdate --format %(refname)%00%(objectname)%00%(*objectname) [20ms]
2026-10-02 11:18:10.475 [info] > git status -z -uall [106ms]
2026-10-02 11:18:15.678 [info] > git config --get commit.template [66ms]
2026-10-02 11:18:15.692 [info] > git for-each-ref --format=%(refname)%00%(upstream:short)%00%(objectname)%00%(upstream:track)%00%(upstream:remotename)%00%(upstream:remoteref) refs/heads/main refs/remotes/main [23ms]
2026-10-02 11:18:15.819 [info] > git for-each-ref --sort -committerdate --format %(refname)%00%(objectname)%00%(*objectname) [20ms]
2026-10-02 11:18:15.871 [info] > git status -z -uall [129ms]
2026-10-02 11:18:24.264 [info] > git config --get commit.template [82ms]
2026-10-02 11:18:24.281 [info] > git for-each-ref --format=%(refname)%00%(upstream:short)%00%(objectname)%00%(upstream:track)%00%(upstream:remotename)%00%(upstream:remoteref) refs/heads/main refs/remotes/main [30ms]
2026-10-02 11:18:24.472 [info] > git for-each-ref --sort -committerdate --format %(refname)%00%(objectname)%00%(*objectname) [31ms]
2026-10-02 11:18:24.626 [info] > git status -z -uall [253ms]
2026-10-02 11:18:29.838 [info] > git config --get commit.template [70ms]
2026-10-02 11:18:29.843 [info] > git for-each-ref --format=%(refname)%00%(upstream:short)%00%(objectname)%00%(upstream:track)%00%(upstream:remotename)%00%(upstream:remoteref) refs/heads/main refs/remotes/main [21ms]
2026-10-02 11:18:30.010 [info] > git for-each-ref --sort -committerdate --format %(refname)%00%(objectname)%00%(*objectname) [21ms]
2026-10-02 11:18:30.026 [info] > git status -z -uall [124ms]
2026-10-02 11:18:35.241 [info] > git config --get commit.template [65ms]
2026-10-02 11:18:35.255 [info] > git for-each-ref --format=%(refname)%00%(upstream:short)%00%(objectname)%00%(upstream:track)%00%(upstream:remotename)%00%(upstream:remoteref) refs/heads/main refs/remotes/main [22ms]
2026-10-02 11:18:35.375 [info] > git for-each-ref --sort -committerdate --format %(refname)%00%(objectname)%00%(*objectname) [17ms]
2026-10-02 11:18:35.421 [info] > git status -z -uall [118ms]
2026-10-02 11:18:40.670 [info] > git config --get commit.template [70ms]
2026-10-02 11:18:40.710 [info] > git for-each-ref --format=%(refname)%00%(upstream:short)%00%(objectname)%00%(upstream:track)%00%(upstream:remotename)%00%(upstream:remoteref) refs/heads/main refs/remotes/main [50ms]
2026-10-02 11:18:40.870 [info] > git for-each-ref --sort -committerdate --format %(refname)%00%(objectname)%00%(*objectname) [37ms]
2026-10-02 11:18:41.254 [info] > git status -z -uall [481ms]
2026-10-02 11:18:47.163 [info] > git config --get commit.template [80ms]
2026-10-02 11:18:47.179 [info] > git for-each-ref --format=%(refname)%00%(upstream:short)%00%(objectname)%00%(upstream:track)%00%(upstream:remotename)%00%(upstream:remoteref) refs/heads/main refs/remotes/main [22ms]
2026-10-02 11:18:47.341 [info] > git for-each-ref --sort -committerdate --format %(refname)%00%(objectname)%00%(*objectname) [21ms]
2026-10-02 11:18:47.390 [info] > git status -z -uall [138ms]
2026-10-02 11:18:52.598 [info] > git config --get commit.template [66ms]
2026-10-02 11:18:52.616 [info] > git for-each-ref --format=%(refname)%00%(upstream:short)%00%(objectname)%00%(upstream:track)%00%(upstream:remotename)%00%(upstream:remoteref) refs/heads/main refs/remotes/main [23ms]
2026-10-02 11:18:52.762 [info] > git for-each-ref --sort -committerdate --format %(refname)%00%(objectname)%00%(*objectname) [17ms]
2026-10-02 11:18:52.789 [info] > git status -z -uall [109ms]
2026-10-02 11:18:58.019 [info] > git config --get commit.template [69ms]
2026-10-02 11:18:58.036 [info] > git for-each-ref --format=%(refname)%00%(upstream:short)%00%(objectname)%00%(upstream:track)%00%(upstream:remotename)%00%(upstream:remoteref) refs/heads/main refs/remotes/main [22ms]
2026-10-02 11:18:58.200 [info] > git for-each-ref --sort -committerdate --format %(refname)%00%(objectname)%00%(*objectname) [19ms]
2026-10-02 11:18:58.220 [info] > git status -z -uall [112ms]
2026-10-02 11:19:03.437 [info] > git config --get commit.template [73ms]
2026-10-02 11:19:03.458 [info] > git for-each-ref --format=%(refname)%00%(upstream:short)%00%(objectname)%00%(upstream:track)%00%(upstream:remotename)%00%(upstream:remoteref) refs/heads/main refs/remotes/main [27ms]
2026-10-02 11:19:03.631 [info] > git for-each-ref --sort -committerdate --format %(refname)%00%(objectname)%00%(*objectname) [28ms]
2026-10-02 11:19:03.649 [info] > git status -z -uall [117ms]
2026-10-02 11:19:08.877 [info] > git config --get commit.template [79ms]
2026-10-02 11:19:08.896 [info] > git for-each-ref --format=%(refname)%00%(upstream:short)%00%(objectname)%00%(upstream:track)%00%(upstream:remotename)%00%(upstream:remoteref) refs/heads/main refs/remotes/main [24ms]
2026-10-02 11:19:09.066 [info] > git for-each-ref --sort -committerdate --format %(refname)%00%(objectname)%00%(*objectname) [18ms]
2026-10-02 11:19:09.082 [info] > git status -z -uall [112ms]
2026-10-02 11:19:14.316 [info] > git config --get commit.template [79ms]
2026-10-02 11:19:14.332 [info] > git for-each-ref --format=%(refname)%00%(upstream:short)%00%(objectname)%00%(upstream:track)%00%(upstream:remotename)%00%(upstream:remoteref) refs/heads/main refs/remotes/main [22ms]
2026-10-02 11:19:14.505 [info] > git for-each-ref --sort -committerdate --format %(refname)%00%(objectname)%00%(*objectname) [17ms]
2026-10-02 11:19:14.520 [info] > git status -z -uall [109ms]
2026-10-02 11:19:19.757 [info] > git config --get commit.template [81ms]
2026-10-02 11:19:19.775 [info] > git for-each-ref --format=%(refname)%00%(upstream:short)%00%(objectname)%00%(upstream:track)%00%(upstream:remotename)%00%(upstream:remoteref) refs/heads/main refs/remotes/main [23ms]
2026-10-02 11:19:19.955 [info] > git for-each-ref --sort -committerdate --format %(refname)%00%(objectname)%00%(*objectname) [20ms]
2026-10-02 11:19:19.969 [info] > git status -z -uall [114ms]
2026-10-02 11:19:25.185 [info] > git config --get commit.template [80ms]
2026-10-02 11:19:25.199 [info] > git for-each-ref --format=%(refname)%00%(upstream:short)%00%(objectname)%00%(upstream:track)%00%(upstream:remotename)%00%(upstream:remoteref) refs/heads/main refs/remotes/main [19ms]
2026-10-02 11:19:25.398 [info] > git for-each-ref --sort -committerdate --format %(refname)%00%(objectname)%00%(*objectname) [19ms]
2026-10-02 11:19:25.411 [info] > git status -z -uall [114ms]
2026-10-02 11:19:28.652 [info] > git check-ignore -v -z --stdin [18ms]
2026-10-02 11:19:28.840 [info] > git show --textconv :README.md [91ms]
2026-10-02 11:19:28.853 [info] > git ls-files --stage -- README.md [19ms]
2026-10-02 11:19:28.952 [info] > git cat-file -s 1b2106812a726fe8b72154d6477605aa445e23bd [17ms]
2026-10-02 11:19:29.124 [info] > git -c i18n.logOutputEncoding=UTF-8 blame --root --incremental 04420342cdb264a57e982cdf35d71d46c17582fe -- README.md [22ms]
2026-10-02 11:19:29.273 [info] > git check-ignore -v -z --stdin [29ms]
2026-10-02 11:19:30.642 [info] > git config --get commit.template [90ms]
2026-10-02 11:19:30.659 [info] > git for-each-ref --format=%(refname)%00%(upstream:short)%00%(objectname)%00%(upstream:track)%00%(upstream:remotename)%00%(upstream:remoteref) refs/heads/main refs/remotes/main [22ms]
2026-10-02 11:19:30.864 [info] > git for-each-ref --sort -committerdate --format %(refname)%00%(objectname)%00%(*objectname) [39ms]
2026-10-02 11:19:30.887 [info] > git status -z -uall [143ms]
2026-10-02 11:19:32.984 [info] > git check-ignore -v -z --stdin [20ms]
2026-10-02 11:19:36.147 [info] > git config --get commit.template [75ms]
2026-10-02 11:19:36.162 [info] > git for-each-ref --format=%(refname)%00%(upstream:short)%00%(objectname)%00%(upstream:track)%00%(upstream:remotename)%00%(upstream:remoteref) refs/heads/main refs/remotes/main [21ms]
2026-10-02 11:19:36.340 [info] > git for-each-ref --sort -committerdate --format %(refname)%00%(objectname)%00%(*objectname) [19ms]
2026-10-02 11:19:36.351 [info] > git status -z -uall [113ms]
2026-10-02 11:19:38.410 [info] > git check-ignore -v -z --stdin [23ms]
2026-10-02 11:19:41.630 [info] > git config --get commit.template [89ms]
2026-10-02 11:19:41.644 [info] > git for-each-ref --format=%(refname)%00%(upstream:short)%00%(objectname)%00%(upstream:track)%00%(upstream:remotename)%00%(upstream:remoteref) refs/heads/main refs/remotes/main [19ms]
2026-10-02 11:19:41.840 [info] > git for-each-ref --sort -committerdate --format %(refname)%00%(objectname)%00%(*objectname) [22ms]
2026-10-02 11:19:41.842 [info] > git status -z -uall [106ms]
2026-10-02 11:19:43.884 [info] > git check-ignore -v -z --stdin [17ms]
2026-10-02 11:19:47.140 [info] > git config --get commit.template [93ms]
2026-10-02 11:19:47.157 [info] > git for-each-ref --format=%(refname)%00%(upstream:short)%00%(objectname)%00%(upstream:track)%00%(upstream:remotename)%00%(upstream:remoteref) refs/heads/main refs/remotes/main [21ms]
2026-10-02 11:19:47.349 [info] > git status -z -uall [112ms]
2026-10-02 11:19:47.350 [info] > git for-each-ref --sort -committerdate --format %(refname)%00%(objectname)%00%(*objectname) [19ms]
2026-10-02 11:19:49.495 [info] > git check-ignore -v -z --stdin [15ms]
2026-10-02 11:19:52.624 [info] > git config --get commit.template [89ms]
2026-10-02 11:19:52.639 [info] > git for-each-ref --format=%(refname)%00%(upstream:short)%00%(objectname)%00%(upstream:track)%00%(upstream:remotename)%00%(upstream:remoteref) refs/heads/main refs/remotes/main [19ms]
2026-10-02 11:19:52.824 [info] > git for-each-ref --sort -committerdate --format %(refname)%00%(objectname)%00%(*objectname) [20ms]
2026-10-02 11:19:52.832 [info] > git status -z -uall [109ms]
2026-10-02 11:19:54.932 [info] > git check-ignore -v -z --stdin [17ms]
2026-10-02 11:19:58.092 [info] > git config --get commit.template [90ms]
2026-10-02 11:19:58.110 [info] > git for-each-ref --format=%(refname)%00%(upstream:short)%00%(objectname)%00%(upstream:track)%00%(upstream:remotename)%00%(upstream:remoteref) refs/heads/main refs/remotes/main [21ms]
2026-10-02 11:19:58.318 [info] > git status -z -uall [112ms]
2026-10-02 11:19:58.337 [info] > git for-each-ref --sort -committerdate --format %(refname)%00%(objectname)%00%(*objectname) [35ms]
2026-10-02 11:20:00.415 [info] > git check-ignore -v -z --stdin [20ms]
2026-10-02 11:20:03.618 [info] > git config --get commit.template [99ms]
2026-10-02 11:20:03.637 [info] > git for-each-ref --format=%(refname)%00%(upstream:short)%00%(objectname)%00%(upstream:track)%00%(upstream:remotename)%00%(upstream:remoteref) refs/heads/main refs/remotes/main [22ms]
2026-10-02 11:20:03.848 [info] > git status -z -uall [115ms]
2026-10-02 11:20:03.883 [info] > git for-each-ref --sort -committerdate --format %(refname)%00%(objectname)%00%(*objectname) [50ms]
2026-10-02 11:20:06.701 [info] > git check-ignore -v -z --stdin [16ms]
2026-10-02 11:20:09.164 [info] > git config --get commit.template [102ms]
2026-10-02 11:20:09.180 [info] > git for-each-ref --format=%(refname)%00%(upstream:short)%00%(objectname)%00%(upstream:track)%00%(upstream:remotename)%00%(upstream:remoteref) refs/heads/main refs/remotes/main [21ms]
2026-10-02 11:20:09.391 [info] > git status -z -uall [112ms]
2026-10-02 11:20:09.409 [info] > git for-each-ref --sort -committerdate --format %(refname)%00%(objectname)%00%(*objectname) [30ms]
2026-10-02 11:20:11.426 [info] > git check-ignore -v -z --stdin [19ms]
2026-10-02 11:20:14.680 [info] > git config --get commit.template [102ms]
2026-10-02 11:20:14.695 [info] > git for-each-ref --format=%(refname)%00%(upstream:short)%00%(objectname)%00%(upstream:track)%00%(upstream:remotename)%00%(upstream:remoteref) refs/heads/main refs/remotes/main [20ms]
2026-10-02 11:20:14.908 [info] > git status -z -uall [107ms]
2026-10-02 11:20:14.927 [info] > git for-each-ref --sort -committerdate --format %(refname)%00%(objectname)%00%(*objectname) [37ms]
2026-10-02 11:20:17.046 [info] > git check-ignore -v -z --stdin [21ms]
2026-10-02 11:20:20.199 [info] > git config --get commit.template [98ms]
2026-10-02 11:20:20.220 [info] > git for-each-ref --format=%(refname)%00%(upstream:short)%00%(objectname)%00%(upstream:track)%00%(upstream:remotename)%00%(upstream:remoteref) refs/heads/main refs/remotes/main [27ms]
2026-10-02 11:20:20.405 [info] > git for-each-ref --sort -committerdate --format %(refname)%00%(objectname)%00%(*objectname) [18ms]
2026-10-02 11:20:20.407 [info] > git status -z -uall [102ms]
2026-10-02 11:20:22.413 [info] > git check-ignore -v -z --stdin [15ms]
2026-10-02 11:20:25.586 [info] > git config --get commit.template [53ms]
2026-10-02 11:20:25.600 [info] > git for-each-ref --format=%(refname)%00%(upstream:short)%00%(objectname)%00%(upstream:track)%00%(upstream:remotename)%00%(upstream:remoteref) refs/heads/main refs/remotes/main [19ms]
2026-10-02 11:20:25.711 [info] > git for-each-ref --sort -committerdate --format %(refname)%00%(objectname)%00%(*objectname) [17ms]
2026-10-02 11:20:25.751 [info] > git status -z -uall [107ms]
2026-10-02 11:20:27.786 [info] > git check-ignore -v -z --stdin [15ms]
2026-10-02 11:20:30.971 [info] > git config --get commit.template [49ms]
2026-10-02 11:20:30.985 [info] > git for-each-ref --format=%(refname)%00%(upstream:short)%00%(objectname)%00%(upstream:track)%00%(upstream:remotename)%00%(upstream:remoteref) refs/heads/main refs/remotes/main [17ms]
2026-10-02 11:20:31.097 [info] > git for-each-ref --sort -committerdate --format %(refname)%00%(objectname)%00%(*objectname) [17ms]
2026-10-02 11:20:31.134 [info] > git status -z -uall [101ms]
2026-10-02 11:20:33.083 [info] > git check-ignore -v -z --stdin [16ms]
2026-10-02 11:20:36.359 [info] > git config --get commit.template [49ms]
2026-10-02 11:20:36.375 [info] > git for-each-ref --format=%(refname)%00%(upstream:short)%00%(objectname)%00%(upstream:track)%00%(upstream:remotename)%00%(upstream:remoteref) refs/heads/main refs/remotes/main [19ms]
2026-10-02 11:20:36.496 [info] > git for-each-ref --sort -committerdate --format %(refname)%00%(objectname)%00%(*objectname) [17ms]
2026-10-02 11:20:36.525 [info] > git status -z -uall [100ms]
2026-10-02 11:20:38.520 [info] > git check-ignore -v -z --stdin [16ms]
2026-10-02 11:20:41.753 [info] > git config --get commit.template [53ms]
2026-10-02 11:20:41.767 [info] > git for-each-ref --format=%(refname)%00%(upstream:short)%00%(objectname)%00%(upstream:track)%00%(upstream:remotename)%00%(upstream:remoteref) refs/heads/main refs/remotes/main [18ms]
2026-10-02 11:20:41.894 [info] > git for-each-ref --sort -committerdate --format %(refname)%00%(objectname)%00%(*objectname) [17ms]
2026-10-02 11:20:41.935 [info] > git status -z -uall [113ms]
2026-10-02 11:20:43.879 [info] > git check-ignore -v -z --stdin [17ms]
2026-10-02 11:20:47.142 [info] > git config --get commit.template [53ms]
2026-10-02 11:20:47.157 [info] > git for-each-ref --format=%(refname)%00%(upstream:short)%00%(objectname)%00%(upstream:track)%00%(upstream:remotename)%00%(upstream:remoteref) refs/heads/main refs/remotes/main [19ms]
2026-10-02 11:20:47.286 [info] > git for-each-ref --sort -committerdate --format %(refname)%00%(objectname)%00%(*objectname) [19ms]
2026-10-02 11:20:47.313 [info] > git status -z -uall [104ms]
2026-10-02 11:20:49.335 [info] > git check-ignore -v -z --stdin [18ms]
2026-10-02 11:20:52.542 [info] > git config --get commit.template [58ms]
2026-10-02 11:20:52.556 [info] > git for-each-ref --format=%(refname)%00%(upstream:short)%00%(objectname)%00%(upstream:track)%00%(upstream:remotename)%00%(upstream:remoteref) refs/heads/main refs/remotes/main [18ms]
2026-10-02 11:20:52.700 [info] > git for-each-ref --sort -committerdate --format %(refname)%00%(objectname)%00%(*objectname) [18ms]
2026-10-02 11:20:52.720 [info] > git status -z -uall [103ms]
2026-10-02 11:20:54.787 [info] > git check-ignore -v -z --stdin [16ms]
2026-10-02 11:20:57.948 [info] > git config --get commit.template [62ms]
2026-10-02 11:20:57.962 [info] > git for-each-ref --format=%(refname)%00%(upstream:short)%00%(objectname)%00%(upstream:track)%00%(upstream:remotename)%00%(upstream:remoteref) refs/heads/main refs/remotes/main [18ms]
2026-10-02 11:20:58.106 [info] > git for-each-ref --sort -committerdate --format %(refname)%00%(objectname)%00%(*objectname) [17ms]
2026-10-02 11:20:58.127 [info] > git status -z -uall [104ms]
2026-10-02 11:21:00.069 [info] > git check-ignore -v -z --stdin [17ms]
2026-10-02 11:21:03.351 [info] > git config --get commit.template [64ms]
2026-10-02 11:21:03.364 [info] > git for-each-ref --format=%(refname)%00%(upstream:short)%00%(objectname)%00%(upstream:track)%00%(upstream:remotename)%00%(upstream:remoteref) refs/heads/main refs/remotes/main [18ms]
2026-10-02 11:21:03.514 [info] > git for-each-ref --sort -committerdate --format %(refname)%00%(objectname)%00%(*objectname) [17ms]
2026-10-02 11:21:03.534 [info] > git status -z -uall [102ms]
2026-10-02 11:21:05.795 [info] > git check-ignore -v -z --stdin [16ms]
2026-10-02 11:21:08.780 [info] > git config --get commit.template [88ms]
2026-10-02 11:21:08.797 [info] > git for-each-ref --format=%(refname)%00%(upstream:short)%00%(objectname)%00%(upstream:track)%00%(upstream:remotename)%00%(upstream:remoteref) refs/heads/main refs/remotes/main [24ms]
2026-10-02 11:21:08.956 [info] > git for-each-ref --sort -committerdate --format %(refname)%00%(objectname)%00%(*objectname) [20ms]
2026-10-02 11:21:08.978 [info] > git status -z -uall [110ms]
2026-10-02 11:21:11.014 [info] > git check-ignore -v -z --stdin [16ms]
2026-10-02 11:21:14.217 [info] > git config --get commit.template [63ms]
2026-10-02 11:21:14.233 [info] > git for-each-ref --format=%(refname)%00%(upstream:short)%00%(objectname)%00%(upstream:track)%00%(upstream:remotename)%00%(upstream:remoteref) refs/heads/main refs/remotes/main [19ms]
2026-10-02 11:21:14.389 [info] > git for-each-ref --sort -committerdate --format %(refname)%00%(objectname)%00%(*objectname) [19ms]
2026-10-02 11:21:14.404 [info] > git status -z -uall [102ms]
2026-10-02 11:21:16.551 [info] > git check-ignore -v -z --stdin [16ms]
2026-10-02 11:21:19.643 [info] > git config --get commit.template [69ms]
2026-10-02 11:21:19.657 [info] > git for-each-ref --format=%(refname)%00%(upstream:short)%00%(objectname)%00%(upstream:track)%00%(upstream:remotename)%00%(upstream:remoteref) refs/heads/main refs/remotes/main [17ms]
2026-10-02 11:21:19.811 [info] > git for-each-ref --sort -committerdate --format %(refname)%00%(objectname)%00%(*objectname) [16ms]
2026-10-02 11:21:19.828 [info] > git status -z -uall [105ms]
2026-10-02 11:21:21.817 [info] > git check-ignore -v -z --stdin [17ms]
2026-10-02 11:21:25.077 [info] > git config --get commit.template [67ms]
2026-10-02 11:21:25.091 [info] > git for-each-ref --format=%(refname)%00%(upstream:short)%00%(objectname)%00%(upstream:track)%00%(upstream:remotename)%00%(upstream:remoteref) refs/heads/main refs/remotes/main [17ms]
2026-10-02 11:21:25.246 [info] > git for-each-ref --sort -committerdate --format %(refname)%00%(objectname)%00%(*objectname) [17ms]
2026-10-02 11:21:25.261 [info] > git status -z -uall [102ms]
2026-10-02 11:21:27.257 [info] > git check-ignore -v -z --stdin [18ms]
2026-10-02 11:21:30.837 [info] > git config --get commit.template [162ms]
2026-10-02 11:21:30.857 [info] > git for-each-ref --format=%(refname)%00%(upstream:short)%00%(objectname)%00%(upstream:track)%00%(upstream:remotename)%00%(upstream:remoteref) refs/heads/main refs/remotes/main [25ms]
2026-10-02 11:21:31.153 [info] > git status -z -uall [209ms]
2026-10-02 11:21:31.155 [info] > git for-each-ref --sort -committerdate --format %(refname)%00%(objectname)%00%(*objectname) [52ms]
2026-10-02 11:21:34.074 [info] > git check-ignore -v -z --stdin [95ms]
2026-10-02 11:23:59.185 [info] > git config --get commit.template [100ms]
2026-10-02 11:23:59.208 [info] > git for-each-ref --format=%(refname)%00%(upstream:short)%00%(objectname)%00%(upstream:track)%00%(upstream:remotename)%00%(upstream:remoteref) refs/heads/main refs/remotes/main [34ms]
2026-10-02 11:23:59.391 [info] > git for-each-ref --sort -committerdate --format %(refname)%00%(objectname)%00%(*objectname) [38ms]
2026-10-02 11:24:00.104 [info] > git status -z -uall [844ms]
2026-10-02 11:24:02.137 [info] > git check-ignore -v -z --stdin [16ms]
2026-10-02 11:24:05.322 [info] > git config --get commit.template [51ms]
2026-10-02 11:24:05.336 [info] > git for-each-ref --format=%(refname)%00%(upstream:short)%00%(objectname)%00%(upstream:track)%00%(upstream:remotename)%00%(upstream:remoteref) refs/heads/main refs/remotes/main [18ms]
2026-10-02 11:24:05.450 [info] > git for-each-ref --sort -committerdate --format %(refname)%00%(objectname)%00%(*objectname) [18ms]
2026-10-02 11:24:05.487 [info] > git status -z -uall [100ms]
2026-10-02 11:24:07.402 [info] > git check-ignore -v -z --stdin [25ms]
