2026-09-29 17:04:58.411 [info] Reading sessions from keychain...
2026-09-29 17:04:58.411 [info] Getting sessions for all scopes...
2026-09-29 17:04:58.411 [info] Got 0 sessions for all scopes...
2026-09-29 17:04:58.411 [info] Getting sessions for all scopes...
2026-09-29 17:04:58.411 [info] Got 0 sessions for all scopes...
2026-09-29 17:04:58.411 [info] Getting sessions for all scopes...
2026-09-29 17:04:58.411 [info] Got 0 sessions for all scopes...
2026-09-29 17:04:58.411 [info] Getting sessions for all scopes...
2026-09-29 17:04:58.411 [info] Got 0 sessions for all scopes...
2026-09-29 17:04:58.411 [info] Getting sessions for read:user,user:email...
2026-09-29 17:04:58.411 [info] Got 0 sessions for read:user,user:email...
2026-09-29 17:04:58.411 [info] Getting sessions for read:user,user:email...
2026-09-29 17:04:58.411 [info] Got 0 sessions for read:user,user:email...
2026-09-29 17:04:58.411 [info] Getting sessions for all scopes...
2026-09-29 17:04:58.411 [info] Got 0 sessions for all scopes...
2026-09-29 17:04:58.411 [info] Getting sessions for all scopes...
2026-09-29 17:04:58.411 [info] Got 0 sessions for all scopes...
2026-09-29 17:04:58.411 [info] Getting sessions for read:user,user:email...
2026-09-29 17:04:58.411 [info] Got 0 sessions for read:user,user:email...
2026-09-29 17:04:59.167 [info] Getting sessions for all scopes...
2026-09-29 17:04:59.167 [info] Got 0 sessions for all scopes...
2026-09-29 17:04:59.168 [info] Getting sessions for all scopes...
2026-09-29 17:04:59.169 [info] Got 0 sessions for all scopes...
2026-09-29 17:04:59.170 [info] Getting sessions for all scopes...
2026-09-29 17:04:59.170 [info] Got 0 sessions for all scopes...
2026-09-29 17:04:59.170 [info] Getting sessions for all scopes...
2026-09-29 17:04:59.171 [info] Got 0 sessions for all scopes...
2026-09-29 17:05:00.920 [info] Getting sessions for repo...
2026-09-29 17:05:00.920 [info] Got 0 sessions for repo...
2026-09-29 17:05:00.921 [info] Getting sessions for repo...
2026-09-29 17:05:00.921 [info] Got 0 sessions for repo...
2026-09-29 17:05:00.921 [info] Getting sessions for repo...
2026-09-29 17:05:00.921 [info] Got 0 sessions for repo...
2026-09-29 17:05:00.927 [info] Getting sessions for read:user,user:email...
2026-09-29 17:05:00.927 [info] Got 0 sessions for read:user,user:email...
2026-09-29 17:05:00.979 [info] Getting sessions for read:user,user:email...
2026-09-29 17:05:00.979 [info] Got 0 sessions for read:user,user:email...
2026-09-29 17:05:00.979 [info] Getting sessions for read:user,user:email...
2026-09-29 17:05:00.979 [info] Got 0 sessions for read:user,user:email...
2026-09-29 17:05:00.980 [info] Getting sessions for read:user,user:email...
2026-09-29 17:05:00.980 [info] Got 0 sessions for read:user,user:email...
2026-09-29 17:05:00.980 [info] Getting sessions for read:user,user:email...
2026-09-29 17:05:00.980 [info] Got 0 sessions for read:user,user:email...
2026-09-29 17:05:01.286 [info] Getting sessions for all scopes...
2026-09-29 17:05:01.286 [info] Got 0 sessions for all scopes...
2026-09-29 17:05:01.287 [info] Getting sessions for all scopes...
2026-09-29 17:05:01.287 [info] Got 0 sessions for all scopes...
2026-09-29 17:05:01.287 [info] Getting sessions for all scopes...
2026-09-29 17:05:01.287 [info] Got 0 sessions for all scopes...
2026-09-29 17:05:01.290 [info] Getting sessions for all scopes...
2026-09-29 17:05:01.290 [info] Got 0 sessions for all scopes...
2026-09-29 17:05:01.301 [info] Getting sessions for all scopes...
2026-09-29 17:05:01.302 [info] Got 0 sessions for all scopes...
2026-09-29 17:05:01.302 [info] Getting sessions for all scopes...
2026-09-29 17:05:01.302 [info] Got 0 sessions for all scopes...
2026-09-29 17:05:01.303 [info] Getting sessions for all scopes...
2026-09-29 17:05:01.303 [info] Got 0 sessions for all scopes...
2026-09-29 17:05:01.303 [info] Getting sessions for all scopes...
2026-09-29 17:05:01.303 [info] Got 0 sessions for all scopes...
2026-09-29 17:05:01.470 [info] Getting sessions for repo...
2026-09-29 17:05:01.470 [info] Got 0 sessions for repo...
2026-09-29 17:05:01.733 [info] Getting sessions for repo...
2026-09-29 17:05:01.734 [info] Got 0 sessions for repo...
2026-09-29 17:05:01.734 [info] Getting sessions for repo...
2026-09-29 17:05:01.734 [info] Got 0 sessions for repo...
2026-09-29 17:05:01.734 [info] Getting sessions for repo...
2026-09-29 17:05:01.734 [info] Got 0 sessions for repo...
2026-09-29 17:05:01.734 [info] Getting sessions for repo...
2026-09-29 17:05:01.734 [info] Got 0 sessions for repo...
2026-09-29 17:05:01.740 [info] Getting sessions for all scopes...
2026-09-29 17:05:01.740 [info] Got 0 sessions for all scopes...
2026-09-29 17:05:01.895 [info] Getting sessions for all scopes...
2026-09-29 17:05:01.896 [info] Got 0 sessions for all scopes...
2026-09-29 17:05:01.896 [info] Getting sessions for all scopes...
2026-09-29 17:05:01.897 [info] Got 0 sessions for all scopes...
2026-09-29 17:05:01.897 [info] Getting sessions for all scopes...
2026-09-29 17:05:01.897 [info] Got 0 sessions for all scopes...
2026-09-29 17:05:01.897 [info] Getting sessions for all scopes...
2026-09-29 17:05:01.897 [info] Got 0 sessions for all scopes...
2026-09-29 17:05:09.165 [info] Getting sessions for read:user,user:email...
2026-09-29 17:05:09.165 [info] Got 0 sessions for read:user,user:email...
2026-09-29 17:05:09.318 [info] Getting sessions for all scopes...
2026-09-29 17:05:09.318 [info] Got 0 sessions for all scopes...
2026-09-29 17:05:09.368 [info] Getting sessions for repo...
2026-09-29 17:05:09.368 [info] Got 0 sessions for repo...
2026-09-29 17:05:09.380 [info] Getting sessions for all scopes...
2026-09-29 17:05:09.380 [info] Got 0 sessions for all scopes...
2026-09-29 17:05:10.435 [info] Getting sessions for read:user,repo,user:email,workflow...
2026-09-29 17:05:10.435 [info] Got 0 sessions for read:user,repo,user:email,workflow...
