2026-09-29 17:28:02.329 [info] Reading sessions from keychain...
2026-09-29 17:28:02.329 [info] Getting sessions for all scopes...
2026-09-29 17:28:02.329 [info] Got 0 sessions for all scopes...
2026-09-29 17:28:02.329 [info] Getting sessions for all scopes...
2026-09-29 17:28:02.329 [info] Got 0 sessions for all scopes...
2026-09-29 17:28:02.329 [info] Getting sessions for all scopes...
2026-09-29 17:28:02.329 [info] Got 0 sessions for all scopes...
2026-09-29 17:28:02.329 [info] Getting sessions for all scopes...
2026-09-29 17:28:02.329 [info] Got 0 sessions for all scopes...
2026-09-29 17:28:03.377 [info] Getting sessions for all scopes...
2026-09-29 17:28:03.377 [info] Got 0 sessions for all scopes...
2026-09-29 17:28:03.424 [info] Getting sessions for all scopes...
2026-09-29 17:28:03.425 [info] Got 0 sessions for all scopes...
2026-09-29 17:28:04.448 [info] Getting sessions for read:user,user:email...
2026-09-29 17:28:04.448 [info] Got 0 sessions for read:user,user:email...
2026-09-29 17:28:04.982 [info] Getting sessions for all scopes...
2026-09-29 17:28:04.982 [info] Got 0 sessions for all scopes...
2026-09-29 17:28:05.195 [info] Getting sessions for repo...
2026-09-29 17:28:05.196 [info] Got 0 sessions for repo...
2026-09-29 17:28:06.358 [info] Getting sessions for all scopes...
2026-09-29 17:28:06.358 [info] Got 0 sessions for all scopes...
2026-09-29 17:28:07.651 [info] Getting sessions for read:user,repo,user:email,workflow...
2026-09-29 17:28:07.652 [info] Got 0 sessions for read:user,repo,user:email,workflow...
2026-09-29 17:28:11.278 [info] Getting sessions for all scopes...
2026-09-29 17:28:11.278 [info] Got 0 sessions for all scopes...
