2026-09-29 18:33:38.265 [info] Reading sessions from keychain...
2026-09-29 18:33:38.265 [info] Getting sessions for all scopes...
2026-09-29 18:33:38.265 [info] Got 0 sessions for all scopes...
2026-09-29 18:33:38.265 [info] Getting sessions for all scopes...
2026-09-29 18:33:38.265 [info] Got 0 sessions for all scopes...
2026-09-29 18:33:38.265 [info] Getting sessions for all scopes...
2026-09-29 18:33:38.265 [info] Got 0 sessions for all scopes...
2026-09-29 18:33:38.265 [info] Getting sessions for all scopes...
2026-09-29 18:33:38.265 [info] Got 0 sessions for all scopes...
2026-09-29 18:33:38.265 [info] Getting sessions for read:user,user:email...
2026-09-29 18:33:38.265 [info] Got 0 sessions for read:user,user:email...
2026-09-29 18:33:38.265 [info] Getting sessions for read:user,user:email...
2026-09-29 18:33:38.265 [info] Got 0 sessions for read:user,user:email...
2026-09-29 18:33:38.265 [info] Getting sessions for all scopes...
2026-09-29 18:33:38.265 [info] Got 0 sessions for all scopes...
2026-09-29 18:33:38.265 [info] Getting sessions for all scopes...
2026-09-29 18:33:38.265 [info] Got 0 sessions for all scopes...
2026-09-29 18:33:39.176 [info] Getting sessions for all scopes...
2026-09-29 18:33:39.179 [info] Got 0 sessions for all scopes...
2026-09-29 18:33:39.182 [info] Getting sessions for all scopes...
2026-09-29 18:33:39.183 [info] Got 0 sessions for all scopes...
2026-09-29 18:33:39.183 [info] Getting sessions for all scopes...
2026-09-29 18:33:39.184 [info] Got 0 sessions for all scopes...
2026-09-29 18:33:40.366 [info] Getting sessions for repo...
2026-09-29 18:33:40.370 [info] Got 0 sessions for repo...
2026-09-29 18:33:40.776 [info] Getting sessions for repo...
2026-09-29 18:33:40.777 [info] Got 0 sessions for repo...
2026-09-29 18:33:41.726 [info] Getting sessions for all scopes...
2026-09-29 18:33:41.727 [info] Got 0 sessions for all scopes...
2026-09-29 18:33:41.727 [info] Getting sessions for all scopes...
2026-09-29 18:33:41.728 [info] Got 0 sessions for all scopes...
