2026-09-30 11:59:04.611 [info] [main] Log level: Info
2026-09-30 11:59:04.612 [info] [main] Validating found git in: "git"
2026-09-30 11:59:04.612 [info] [main] Using git "2.55.0" from "git"
2026-09-30 11:59:04.612 [info] [Model][doInitialScan] Initial repository scan started
2026-09-30 11:59:04.612 [info] > git rev-parse --show-toplevel [165ms]
2026-09-30 11:59:04.612 [info] > git rev-parse --git-dir --git-common-dir --show-superproject-working-tree [63ms]
2026-09-30 11:59:05.726 [info] [Model][openRepository] Opened repository (path): /data/data/com.termux/files/home
2026-09-30 11:59:05.726 [info] [Model][openRepository] Opened repository (real path): /data/data/com.termux/files/home
2026-09-30 11:59:05.726 [info] [Model][openRepository] Opened repository (kind): repository
2026-09-30 11:59:05.878 [info] > git config --get commit.template [51ms]
2026-09-30 11:59:05.882 [info] > git config --get --local core.virtualfilesystem [104ms]
2026-09-30 11:59:05.884 [warning] [Git][config] git config failed: Failed to execute git
2026-09-30 11:59:05.942 [info] > git rev-parse --show-toplevel [82ms]
2026-09-30 11:59:06.004 [info] > git for-each-ref --format=%(refname)%00%(upstream:short)%00%(objectname)%00%(upstream:track)%00%(upstream:remotename)%00%(upstream:remoteref) refs/heads/main refs/remotes/main [68ms]
2026-09-30 11:59:06.011 [info] > git rev-parse --show-toplevel [21ms]
2026-09-30 11:59:06.152 [info] > git status -z -uall [60ms]
2026-09-30 11:59:06.161 [info] > git rev-parse --show-toplevel [112ms]
2026-09-30 11:59:06.209 [info] > git for-each-ref --sort -committerdate --format %(refname)%00%(objectname)%00%(*objectname) [66ms]
2026-09-30 11:59:06.643 [info] > git for-each-ref --format=%(refname)%00%(upstream:short)%00%(objectname)%00%(upstream:track)%00%(upstream:remotename)%00%(upstream:remoteref) refs/heads/main refs/remotes/main [287ms]
2026-09-30 11:59:06.685 [info] > git rev-parse --show-toplevel [485ms]
2026-09-30 11:59:06.734 [info] > git config --get commit.template [99ms]
2026-09-30 11:59:06.787 [info] > git config --get --local branch.main.vscode-merge-base [103ms]
2026-09-30 11:59:06.835 [info] > git rev-parse --show-toplevel [109ms]
2026-09-30 11:59:06.839 [info] > git for-each-ref --format=%(refname)%00%(upstream:short)%00%(objectname)%00%(upstream:track)%00%(upstream:remotename)%00%(upstream:remoteref) refs/heads/main refs/remotes/main [59ms]
2026-09-30 11:59:06.899 [info] > git for-each-ref --format=%(refname)%00%(upstream:short)%00%(objectname)%00%(upstream:track)%00%(upstream:remotename)%00%(upstream:remoteref) refs/heads/origin/main refs/remotes/origin/main [72ms]
2026-09-30 11:59:07.026 [info] > git status -z -uall [40ms]
2026-09-30 11:59:07.030 [info] > git rev-parse --show-toplevel [150ms]
2026-09-30 11:59:07.047 [info] [Model][doInitialScan] Initial repository scan completed - repositories (1), closed repositories (0), parent repositories (0), unsafe repositories (0)
2026-09-30 11:59:07.057 [info] > git merge-base refs/heads/main refs/remotes/origin/main [114ms]
2026-09-30 11:59:07.103 [info] > git for-each-ref --sort -committerdate --format %(refname)%00%(objectname)%00%(*objectname) [80ms]
2026-09-30 11:59:07.173 [info] > git diff --raw --numstat --diff-filter=ADMR -z --find-renames=50% 04420342cdb264a57e982cdf35d71d46c17582fe...refs/remotes/origin/main -- [75ms]
2026-09-30 11:59:07.180 [info] > git merge-base refs/heads/main refs/remotes/origin/main [19ms]
2026-09-30 11:59:07.391 [info] > git diff --raw --numstat --diff-filter=ADMR -z --find-renames=50% 04420342cdb264a57e982cdf35d71d46c17582fe...refs/remotes/origin/main -- [170ms]
2026-09-30 11:59:08.188 [info] > git check-ignore -v -z --stdin [69ms]
2026-09-30 11:59:08.199 [info] > git check-ignore -v -z --stdin [17ms]
2026-09-30 11:59:08.562 [info] > git show --textconv :README.md [46ms]
2026-09-30 11:59:08.576 [info] > git ls-files --stage -- README.md [17ms]
2026-09-30 11:59:08.633 [info] > git cat-file -s 1b2106812a726fe8b72154d6477605aa445e23bd [17ms]
2026-09-30 11:59:08.813 [info] > git check-ignore -v -z --stdin [58ms]
2026-09-30 11:59:08.843 [info] > git -c i18n.logOutputEncoding=UTF-8 blame --root --incremental 04420342cdb264a57e982cdf35d71d46c17582fe -- README.md [32ms]
2026-09-30 11:59:11.871 [info] > git config --get commit.template [54ms]
2026-09-30 11:59:11.886 [info] > git for-each-ref --format=%(refname)%00%(upstream:short)%00%(objectname)%00%(upstream:track)%00%(upstream:remotename)%00%(upstream:remoteref) refs/heads/main refs/remotes/main [18ms]
2026-09-30 11:59:11.981 [info] > git status -z -uall [46ms]
2026-09-30 11:59:11.998 [info] > git for-each-ref --sort -committerdate --format %(refname)%00%(objectname)%00%(*objectname) [19ms]
2026-09-30 11:59:12.574 [info] > git check-ignore -v -z --stdin [16ms]
2026-09-30 11:59:17.133 [info] > git config --get commit.template [49ms]
2026-09-30 11:59:17.146 [info] > git for-each-ref --format=%(refname)%00%(upstream:short)%00%(objectname)%00%(upstream:track)%00%(upstream:remotename)%00%(upstream:remoteref) refs/heads/main refs/remotes/main [16ms]
2026-09-30 11:59:17.241 [info] > git status -z -uall [47ms]
2026-09-30 11:59:17.258 [info] > git for-each-ref --sort -committerdate --format %(refname)%00%(objectname)%00%(*objectname) [19ms]
2026-09-30 11:59:17.801 [info] > git check-ignore -v -z --stdin [19ms]
2026-09-30 11:59:22.396 [info] > git config --get commit.template [51ms]
2026-09-30 11:59:22.413 [info] > git for-each-ref --format=%(refname)%00%(upstream:short)%00%(objectname)%00%(upstream:track)%00%(upstream:remotename)%00%(upstream:remoteref) refs/heads/main refs/remotes/main [20ms]
2026-09-30 11:59:22.515 [info] > git status -z -uall [49ms]
2026-09-30 11:59:22.532 [info] > git for-each-ref --sort -committerdate --format %(refname)%00%(objectname)%00%(*objectname) [21ms]
2026-09-30 11:59:23.135 [info] > git check-ignore -v -z --stdin [17ms]
2026-09-30 11:59:27.665 [info] > git config --get commit.template [53ms]
2026-09-30 11:59:27.677 [info] > git for-each-ref --format=%(refname)%00%(upstream:short)%00%(objectname)%00%(upstream:track)%00%(upstream:remotename)%00%(upstream:remoteref) refs/heads/main refs/remotes/main [17ms]
2026-09-30 11:59:27.769 [info] > git status -z -uall [52ms]
2026-09-30 11:59:27.784 [info] > git for-each-ref --sort -committerdate --format %(refname)%00%(objectname)%00%(*objectname) [18ms]
2026-09-30 11:59:28.329 [info] > git check-ignore -v -z --stdin [16ms]
2026-09-30 11:59:32.910 [info] > git config --get commit.template [46ms]
2026-09-30 11:59:32.924 [info] > git for-each-ref --format=%(refname)%00%(upstream:short)%00%(objectname)%00%(upstream:track)%00%(upstream:remotename)%00%(upstream:remoteref) refs/heads/main refs/remotes/main [18ms]
2026-09-30 11:59:33.018 [info] > git status -z -uall [52ms]
2026-09-30 11:59:33.034 [info] > git for-each-ref --sort -committerdate --format %(refname)%00%(objectname)%00%(*objectname) [18ms]
2026-09-30 11:59:33.592 [info] > git check-ignore -v -z --stdin [16ms]
2026-09-30 11:59:38.160 [info] > git config --get commit.template [47ms]
2026-09-30 11:59:38.174 [info] > git for-each-ref --format=%(refname)%00%(upstream:short)%00%(objectname)%00%(upstream:track)%00%(upstream:remotename)%00%(upstream:remoteref) refs/heads/main refs/remotes/main [18ms]
2026-09-30 11:59:38.274 [info] > git status -z -uall [47ms]
2026-09-30 11:59:38.289 [info] > git for-each-ref --sort -committerdate --format %(refname)%00%(objectname)%00%(*objectname) [18ms]
2026-09-30 11:59:38.804 [info] > git check-ignore -v -z --stdin [15ms]
2026-09-30 11:59:52.385 [info] > git config --get commit.template [62ms]
2026-09-30 11:59:52.400 [info] > git for-each-ref --format=%(refname)%00%(upstream:short)%00%(objectname)%00%(upstream:track)%00%(upstream:remotename)%00%(upstream:remoteref) refs/heads/main refs/remotes/main [21ms]
2026-09-30 11:59:52.514 [info] > git status -z -uall [58ms]
2026-09-30 11:59:52.535 [info] > git for-each-ref --sort -committerdate --format %(refname)%00%(objectname)%00%(*objectname) [23ms]
2026-09-30 11:59:53.093 [info] > git check-ignore -v -z --stdin [18ms]
2026-09-30 11:59:58.412 [info] > git config --get commit.template [61ms]
2026-09-30 11:59:58.429 [info] > git for-each-ref --format=%(refname)%00%(upstream:short)%00%(objectname)%00%(upstream:track)%00%(upstream:remotename)%00%(upstream:remoteref) refs/heads/main refs/remotes/main [21ms]
2026-09-30 11:59:58.551 [info] > git status -z -uall [61ms]
2026-09-30 11:59:58.567 [info] > git for-each-ref --sort -committerdate --format %(refname)%00%(objectname)%00%(*objectname) [21ms]
2026-09-30 11:59:59.168 [info] > git check-ignore -v -z --stdin [19ms]
2026-09-30 12:00:03.715 [info] > git config --get commit.template [57ms]
2026-09-30 12:00:03.732 [info] > git for-each-ref --format=%(refname)%00%(upstream:short)%00%(objectname)%00%(upstream:track)%00%(upstream:remotename)%00%(upstream:remoteref) refs/heads/main refs/remotes/main [22ms]
2026-09-30 12:00:03.844 [info] > git status -z -uall [55ms]
2026-09-30 12:00:03.862 [info] > git for-each-ref --sort -committerdate --format %(refname)%00%(objectname)%00%(*objectname) [21ms]
2026-09-30 12:00:04.393 [info] > git check-ignore -v -z --stdin [18ms]
2026-09-30 12:00:09.004 [info] > git config --get commit.template [56ms]
2026-09-30 12:00:09.021 [info] > git for-each-ref --format=%(refname)%00%(upstream:short)%00%(objectname)%00%(upstream:track)%00%(upstream:remotename)%00%(upstream:remoteref) refs/heads/main refs/remotes/main [21ms]
2026-09-30 12:00:09.132 [info] > git status -z -uall [58ms]
2026-09-30 12:00:09.152 [info] > git for-each-ref --sort -committerdate --format %(refname)%00%(objectname)%00%(*objectname) [22ms]
2026-09-30 12:00:09.716 [info] > git check-ignore -v -z --stdin [18ms]
2026-09-30 12:00:14.299 [info] > git config --get commit.template [57ms]
2026-09-30 12:00:14.313 [info] > git for-each-ref --format=%(refname)%00%(upstream:short)%00%(objectname)%00%(upstream:track)%00%(upstream:remotename)%00%(upstream:remoteref) refs/heads/main refs/remotes/main [19ms]
2026-09-30 12:00:14.422 [info] > git status -z -uall [56ms]
2026-09-30 12:00:14.439 [info] > git for-each-ref --sort -committerdate --format %(refname)%00%(objectname)%00%(*objectname) [20ms]
2026-09-30 12:00:14.949 [info] > git check-ignore -v -z --stdin [17ms]
2026-09-30 12:00:19.580 [info] > git config --get commit.template [55ms]
2026-09-30 12:00:19.596 [info] > git for-each-ref --format=%(refname)%00%(upstream:short)%00%(objectname)%00%(upstream:track)%00%(upstream:remotename)%00%(upstream:remoteref) refs/heads/main refs/remotes/main [20ms]
2026-09-30 12:00:19.709 [info] > git status -z -uall [56ms]
2026-09-30 12:00:19.726 [info] > git for-each-ref --sort -committerdate --format %(refname)%00%(objectname)%00%(*objectname) [20ms]
2026-09-30 12:00:20.267 [info] > git check-ignore -v -z --stdin [17ms]
2026-09-30 12:00:24.875 [info] > git config --get commit.template [59ms]
2026-09-30 12:00:24.891 [info] > git for-each-ref --format=%(refname)%00%(upstream:short)%00%(objectname)%00%(upstream:track)%00%(upstream:remotename)%00%(upstream:remoteref) refs/heads/main refs/remotes/main [21ms]
2026-09-30 12:00:25.006 [info] > git status -z -uall [59ms]
2026-09-30 12:00:25.025 [info] > git for-each-ref --sort -committerdate --format %(refname)%00%(objectname)%00%(*objectname) [23ms]
2026-09-30 12:00:25.575 [info] > git check-ignore -v -z --stdin [16ms]
2026-09-30 12:00:30.175 [info] > git config --get commit.template [57ms]
2026-09-30 12:00:30.192 [info] > git for-each-ref --format=%(refname)%00%(upstream:short)%00%(objectname)%00%(upstream:track)%00%(upstream:remotename)%00%(upstream:remoteref) refs/heads/main refs/remotes/main [20ms]
2026-09-30 12:00:30.304 [info] > git status -z -uall [56ms]
2026-09-30 12:00:30.320 [info] > git for-each-ref --sort -committerdate --format %(refname)%00%(objectname)%00%(*objectname) [20ms]
2026-09-30 12:00:30.912 [info] > git check-ignore -v -z --stdin [19ms]
2026-09-30 12:00:35.466 [info] > git config --get commit.template [58ms]
2026-09-30 12:00:35.483 [info] > git for-each-ref --format=%(refname)%00%(upstream:short)%00%(objectname)%00%(upstream:track)%00%(upstream:remotename)%00%(upstream:remoteref) refs/heads/main refs/remotes/main [21ms]
2026-09-30 12:00:35.601 [info] > git status -z -uall [56ms]
2026-09-30 12:00:35.620 [info] > git for-each-ref --sort -committerdate --format %(refname)%00%(objectname)%00%(*objectname) [22ms]
2026-09-30 12:00:36.220 [info] > git check-ignore -v -z --stdin [19ms]
2026-09-30 12:00:40.764 [info] > git config --get commit.template [59ms]
2026-09-30 12:00:40.781 [info] > git for-each-ref --format=%(refname)%00%(upstream:short)%00%(objectname)%00%(upstream:track)%00%(upstream:remotename)%00%(upstream:remoteref) refs/heads/main refs/remotes/main [22ms]
2026-09-30 12:00:40.891 [info] > git status -z -uall [56ms]
2026-09-30 12:00:40.910 [info] > git for-each-ref --sort -committerdate --format %(refname)%00%(objectname)%00%(*objectname) [23ms]
2026-09-30 12:00:41.430 [info] > git check-ignore -v -z --stdin [22ms]
2026-09-30 12:00:46.062 [info] > git config --get commit.template [59ms]
2026-09-30 12:00:46.079 [info] > git for-each-ref --format=%(refname)%00%(upstream:short)%00%(objectname)%00%(upstream:track)%00%(upstream:remotename)%00%(upstream:remoteref) refs/heads/main refs/remotes/main [22ms]
2026-09-30 12:00:46.200 [info] > git status -z -uall [62ms]
2026-09-30 12:00:46.219 [info] > git for-each-ref --sort -committerdate --format %(refname)%00%(objectname)%00%(*objectname) [24ms]
2026-09-30 12:00:46.822 [info] > git check-ignore -v -z --stdin [17ms]
2026-09-30 12:00:51.561 [info] > git config --get commit.template [67ms]
2026-09-30 12:00:51.579 [info] > git for-each-ref --format=%(refname)%00%(upstream:short)%00%(objectname)%00%(upstream:track)%00%(upstream:remotename)%00%(upstream:remoteref) refs/heads/main refs/remotes/main [26ms]
2026-09-30 12:00:51.723 [info] > git status -z -uall [94ms]
2026-09-30 12:00:51.764 [info] > git for-each-ref --sort -committerdate --format %(refname)%00%(objectname)%00%(*objectname) [48ms]
2026-09-30 12:00:52.353 [info] > git check-ignore -v -z --stdin [19ms]
2026-09-30 12:00:56.901 [info] > git config --get commit.template [38ms]
2026-09-30 12:00:56.917 [info] > git for-each-ref --format=%(refname)%00%(upstream:short)%00%(objectname)%00%(upstream:track)%00%(upstream:remotename)%00%(upstream:remoteref) refs/heads/main refs/remotes/main [19ms]
2026-09-30 12:00:56.994 [info] > git status -z -uall [38ms]
2026-09-30 12:00:57.006 [info] > git for-each-ref --sort -committerdate --format %(refname)%00%(objectname)%00%(*objectname) [18ms]
2026-09-30 12:00:57.566 [info] > git check-ignore -v -z --stdin [23ms]
2026-09-30 12:01:02.106 [info] > git config --get commit.template [38ms]
2026-09-30 12:01:02.118 [info] > git for-each-ref --format=%(refname)%00%(upstream:short)%00%(objectname)%00%(upstream:track)%00%(upstream:remotename)%00%(upstream:remoteref) refs/heads/main refs/remotes/main [18ms]
2026-09-30 12:01:02.193 [info] > git status -z -uall [38ms]
2026-09-30 12:01:02.210 [info] > git for-each-ref --sort -committerdate --format %(refname)%00%(objectname)%00%(*objectname) [21ms]
2026-09-30 12:01:02.725 [info] > git check-ignore -v -z --stdin [17ms]
2026-09-30 12:01:07.318 [info] > git config --get commit.template [40ms]
2026-09-30 12:01:07.334 [info] > git for-each-ref --format=%(refname)%00%(upstream:short)%00%(objectname)%00%(upstream:track)%00%(upstream:remotename)%00%(upstream:remoteref) refs/heads/main refs/remotes/main [20ms]
2026-09-30 12:01:07.409 [info] > git status -z -uall [40ms]
2026-09-30 12:01:07.425 [info] > git for-each-ref --sort -committerdate --format %(refname)%00%(objectname)%00%(*objectname) [22ms]
2026-09-30 12:01:07.958 [info] > git check-ignore -v -z --stdin [20ms]
2026-09-30 12:01:12.541 [info] > git config --get commit.template [51ms]
2026-09-30 12:01:12.557 [info] > git for-each-ref --format=%(refname)%00%(upstream:short)%00%(objectname)%00%(upstream:track)%00%(upstream:remotename)%00%(upstream:remoteref) refs/heads/main refs/remotes/main [21ms]
2026-09-30 12:01:12.641 [info] > git status -z -uall [43ms]
2026-09-30 12:01:12.661 [info] > git for-each-ref --sort -committerdate --format %(refname)%00%(objectname)%00%(*objectname) [23ms]
2026-09-30 12:01:13.201 [info] > git check-ignore -v -z --stdin [20ms]
2026-09-30 12:01:24.705 [info] > git config --get commit.template [41ms]
2026-09-30 12:01:24.721 [info] > git for-each-ref --format=%(refname)%00%(upstream:short)%00%(objectname)%00%(upstream:track)%00%(upstream:remotename)%00%(upstream:remoteref) refs/heads/main refs/remotes/main [20ms]
2026-09-30 12:01:24.804 [info] > git status -z -uall [44ms]
2026-09-30 12:01:24.822 [info] > git for-each-ref --sort -committerdate --format %(refname)%00%(objectname)%00%(*objectname) [21ms]
2026-09-30 12:01:25.377 [info] > git check-ignore -v -z --stdin [18ms]
2026-09-30 12:01:35.713 [info] > git config --get commit.template [44ms]
2026-09-30 12:01:35.732 [info] > git for-each-ref --format=%(refname)%00%(upstream:short)%00%(objectname)%00%(upstream:track)%00%(upstream:remotename)%00%(upstream:remoteref) refs/heads/main refs/remotes/main [23ms]
2026-09-30 12:01:35.817 [info] > git status -z -uall [47ms]
2026-09-30 12:01:35.833 [info] > git for-each-ref --sort -committerdate --format %(refname)%00%(objectname)%00%(*objectname) [23ms]
2026-09-30 12:01:36.394 [info] > git check-ignore -v -z --stdin [16ms]
2026-09-30 12:01:40.944 [info] > git config --get commit.template [43ms]
2026-09-30 12:01:40.963 [info] > git for-each-ref --format=%(refname)%00%(upstream:short)%00%(objectname)%00%(upstream:track)%00%(upstream:remotename)%00%(upstream:remoteref) refs/heads/main refs/remotes/main [23ms]
2026-09-30 12:01:41.045 [info] > git status -z -uall [43ms]
2026-09-30 12:01:41.065 [info] > git for-each-ref --sort -committerdate --format %(refname)%00%(objectname)%00%(*objectname) [23ms]
2026-09-30 12:01:41.620 [info] > git check-ignore -v -z --stdin [18ms]
2026-09-30 12:01:46.176 [info] > git config --get commit.template [46ms]
2026-09-30 12:01:46.193 [info] > git for-each-ref --format=%(refname)%00%(upstream:short)%00%(objectname)%00%(upstream:track)%00%(upstream:remotename)%00%(upstream:remoteref) refs/heads/main refs/remotes/main [21ms]
2026-09-30 12:01:46.281 [info] > git status -z -uall [43ms]
2026-09-30 12:01:46.296 [info] > git for-each-ref --sort -committerdate --format %(refname)%00%(objectname)%00%(*objectname) [18ms]
2026-09-30 12:01:46.829 [info] > git check-ignore -v -z --stdin [21ms]
2026-09-30 12:01:51.402 [info] > git config --get commit.template [38ms]
2026-09-30 12:01:51.419 [info] > git for-each-ref --format=%(refname)%00%(upstream:short)%00%(objectname)%00%(upstream:track)%00%(upstream:remotename)%00%(upstream:remoteref) refs/heads/main refs/remotes/main [20ms]
2026-09-30 12:01:51.506 [info] > git status -z -uall [47ms]
2026-09-30 12:01:51.525 [info] > git for-each-ref --sort -committerdate --format %(refname)%00%(objectname)%00%(*objectname) [22ms]
2026-09-30 12:01:52.055 [info] > git check-ignore -v -z --stdin [18ms]
2026-09-30 12:01:56.640 [info] > git config --get commit.template [45ms]
2026-09-30 12:01:56.656 [info] > git for-each-ref --format=%(refname)%00%(upstream:short)%00%(objectname)%00%(upstream:track)%00%(upstream:remotename)%00%(upstream:remoteref) refs/heads/main refs/remotes/main [22ms]
2026-09-30 12:01:56.740 [info] > git status -z -uall [43ms]
2026-09-30 12:01:56.757 [info] > git for-each-ref --sort -committerdate --format %(refname)%00%(objectname)%00%(*objectname) [21ms]
2026-09-30 12:01:57.312 [info] > git check-ignore -v -z --stdin [19ms]
2026-09-30 12:02:01.865 [info] > git config --get commit.template [48ms]
2026-09-30 12:02:01.880 [info] > git for-each-ref --format=%(refname)%00%(upstream:short)%00%(objectname)%00%(upstream:track)%00%(upstream:remotename)%00%(upstream:remoteref) refs/heads/main refs/remotes/main [19ms]
2026-09-30 12:02:01.964 [info] > git status -z -uall [42ms]
2026-09-30 12:02:01.982 [info] > git for-each-ref --sort -committerdate --format %(refname)%00%(objectname)%00%(*objectname) [21ms]
2026-09-30 12:02:02.505 [info] > git check-ignore -v -z --stdin [18ms]
2026-09-30 12:02:07.089 [info] > git config --get commit.template [43ms]
2026-09-30 12:02:07.108 [info] > git for-each-ref --format=%(refname)%00%(upstream:short)%00%(objectname)%00%(upstream:track)%00%(upstream:remotename)%00%(upstream:remoteref) refs/heads/main refs/remotes/main [23ms]
2026-09-30 12:02:07.195 [info] > git status -z -uall [46ms]
2026-09-30 12:02:07.214 [info] > git for-each-ref --sort -committerdate --format %(refname)%00%(objectname)%00%(*objectname) [22ms]
2026-09-30 12:02:07.859 [info] > git check-ignore -v -z --stdin [18ms]
2026-09-30 12:05:33.790 [info] > git config --get commit.template [59ms]
2026-09-30 12:05:33.804 [info] > git for-each-ref --format=%(refname)%00%(upstream:short)%00%(objectname)%00%(upstream:track)%00%(upstream:remotename)%00%(upstream:remoteref) refs/heads/main refs/remotes/main [27ms]
2026-09-30 12:05:33.910 [info] > git status -z -uall [55ms]
2026-09-30 12:05:33.927 [info] > git for-each-ref --sort -committerdate --format %(refname)%00%(objectname)%00%(*objectname) [24ms]
2026-09-30 12:05:35.697 [info] > git check-ignore -v -z --stdin [22ms]
2026-09-30 12:05:39.026 [info] > git config --get commit.template [35ms]
2026-09-30 12:05:39.041 [info] > git for-each-ref --format=%(refname)%00%(upstream:short)%00%(objectname)%00%(upstream:track)%00%(upstream:remotename)%00%(upstream:remoteref) refs/heads/main refs/remotes/main [19ms]
2026-09-30 12:05:39.123 [info] > git status -z -uall [42ms]
2026-09-30 12:05:39.141 [info] > git for-each-ref --sort -committerdate --format %(refname)%00%(objectname)%00%(*objectname) [23ms]
2026-09-30 12:05:39.673 [info] > git check-ignore -v -z --stdin [17ms]
2026-09-30 12:05:44.245 [info] > git config --get commit.template [37ms]
2026-09-30 12:05:44.259 [info] > git for-each-ref --format=%(refname)%00%(upstream:short)%00%(objectname)%00%(upstream:track)%00%(upstream:remotename)%00%(upstream:remoteref) refs/heads/main refs/remotes/main [17ms]
2026-09-30 12:05:44.336 [info] > git status -z -uall [39ms]
2026-09-30 12:05:44.353 [info] > git for-each-ref --sort -committerdate --format %(refname)%00%(objectname)%00%(*objectname) [20ms]
2026-09-30 12:05:44.904 [info] > git check-ignore -v -z --stdin [16ms]
2026-09-30 12:05:49.451 [info] > git config --get commit.template [38ms]
2026-09-30 12:05:49.465 [info] > git for-each-ref --format=%(refname)%00%(upstream:short)%00%(objectname)%00%(upstream:track)%00%(upstream:remotename)%00%(upstream:remoteref) refs/heads/main refs/remotes/main [18ms]
2026-09-30 12:05:49.535 [info] > git status -z -uall [34ms]
2026-09-30 12:05:49.554 [info] > git for-each-ref --sort -committerdate --format %(refname)%00%(objectname)%00%(*objectname) [21ms]
2026-09-30 12:05:50.059 [info] > git check-ignore -v -z --stdin [18ms]
