2026-09-28 16:07:22.116 [info] Reading sessions from keychain...
2026-09-28 16:07:22.116 [info] Getting sessions for all scopes...
2026-09-28 16:07:22.116 [info] Got 0 sessions for all scopes...
2026-09-28 16:07:22.116 [info] Getting sessions for all scopes...
2026-09-28 16:07:22.116 [info] Got 0 sessions for all scopes...
2026-09-28 16:07:22.116 [info] Getting sessions for all scopes...
2026-09-28 16:07:22.116 [info] Got 0 sessions for all scopes...
2026-09-28 16:07:22.116 [info] Getting sessions for all scopes...
2026-09-28 16:07:22.116 [info] Got 0 sessions for all scopes...
2026-09-28 16:07:22.116 [info] Getting sessions for read:user,user:email...
2026-09-28 16:07:22.116 [info] Got 0 sessions for read:user,user:email...
2026-09-28 16:07:22.116 [info] Getting sessions for read:user,user:email...
2026-09-28 16:07:22.116 [info] Got 0 sessions for read:user,user:email...
2026-09-28 16:07:22.116 [info] Getting sessions for all scopes...
2026-09-28 16:07:22.116 [info] Got 0 sessions for all scopes...
2026-09-28 16:07:22.116 [info] Getting sessions for all scopes...
2026-09-28 16:07:22.116 [info] Got 0 sessions for all scopes...
2026-09-28 16:07:22.135 [info] Getting sessions for all scopes...
2026-09-28 16:07:22.135 [info] Got 0 sessions for all scopes...
2026-09-28 16:07:22.135 [info] Getting sessions for all scopes...
2026-09-28 16:07:22.136 [info] Got 0 sessions for all scopes...
2026-09-28 16:07:22.136 [info] Getting sessions for all scopes...
2026-09-28 16:07:22.136 [info] Got 0 sessions for all scopes...
2026-09-28 16:07:22.280 [info] Getting sessions for repo...
2026-09-28 16:07:22.280 [info] Got 0 sessions for repo...
2026-09-28 16:07:22.280 [info] Getting sessions for repo...
2026-09-28 16:07:22.280 [info] Got 0 sessions for repo...
2026-09-28 16:07:22.336 [info] Getting sessions for all scopes...
2026-09-28 16:07:22.337 [info] Got 0 sessions for all scopes...
2026-09-28 16:07:22.337 [info] Getting sessions for all scopes...
2026-09-28 16:07:22.337 [info] Got 0 sessions for all scopes...
