2026-10-02 09:20:55.669 [info] Reading sessions from keychain...
2026-10-02 09:20:55.669 [info] Getting sessions for all scopes...
2026-10-02 09:20:55.669 [info] Got 0 sessions for all scopes...
2026-10-02 09:20:55.669 [info] Getting sessions for all scopes...
2026-10-02 09:20:55.669 [info] Got 0 sessions for all scopes...
2026-10-02 09:20:55.669 [info] Getting sessions for all scopes...
2026-10-02 09:20:55.669 [info] Got 0 sessions for all scopes...
2026-10-02 09:20:55.669 [info] Getting sessions for all scopes...
2026-10-02 09:20:55.669 [info] Got 0 sessions for all scopes...
2026-10-02 09:20:55.669 [info] Getting sessions for all scopes...
2026-10-02 09:20:55.669 [info] Got 0 sessions for all scopes...
2026-10-02 09:20:55.669 [info] Getting sessions for all scopes...
2026-10-02 09:20:55.669 [info] Got 0 sessions for all scopes...
2026-10-02 09:20:55.917 [info] Getting sessions for read:user,user:email...
2026-10-02 09:20:55.918 [info] Got 0 sessions for read:user,user:email...
2026-10-02 09:20:56.679 [info] Getting sessions for all scopes...
2026-10-02 09:20:56.679 [info] Got 0 sessions for all scopes...
2026-10-02 09:20:56.735 [info] Getting sessions for all scopes...
2026-10-02 09:20:56.735 [info] Got 0 sessions for all scopes...
2026-10-02 09:20:56.785 [info] Getting sessions for read:user,user:email...
2026-10-02 09:20:56.785 [info] Got 0 sessions for read:user,user:email...
2026-10-02 09:20:56.830 [info] Getting sessions for read:user,user:email...
2026-10-02 09:20:56.831 [info] Got 0 sessions for read:user,user:email...
2026-10-02 09:20:56.834 [info] Getting sessions for read:user,user:email...
2026-10-02 09:20:56.834 [info] Got 0 sessions for read:user,user:email...
2026-10-02 09:20:56.837 [info] Getting sessions for read:user,user:email...
2026-10-02 09:20:56.837 [info] Got 0 sessions for read:user,user:email...
2026-10-02 09:20:56.857 [info] Getting sessions for read:user,user:email...
2026-10-02 09:20:56.857 [info] Got 0 sessions for read:user,user:email...
2026-10-02 09:20:57.435 [info] Getting sessions for repo...
2026-10-02 09:20:57.435 [info] Got 0 sessions for repo...
2026-10-02 09:20:57.759 [info] Getting sessions for all scopes...
2026-10-02 09:20:57.759 [info] Got 0 sessions for all scopes...
2026-10-02 09:20:57.848 [info] Getting sessions for all scopes...
2026-10-02 09:20:57.849 [info] Got 0 sessions for all scopes...
2026-10-02 09:20:58.242 [info] Getting sessions for all scopes...
2026-10-02 09:20:58.243 [info] Got 0 sessions for all scopes...
2026-10-02 09:20:58.387 [info] Getting sessions for all scopes...
2026-10-02 09:20:58.388 [info] Got 0 sessions for all scopes...
2026-10-02 09:20:58.894 [info] Getting sessions for all scopes...
2026-10-02 09:20:58.894 [info] Got 0 sessions for all scopes...
2026-10-02 09:20:59.290 [info] Getting sessions for all scopes...
2026-10-02 09:20:59.290 [info] Got 0 sessions for all scopes...
2026-10-02 09:20:59.328 [info] Getting sessions for repo...
2026-10-02 09:20:59.329 [info] Got 0 sessions for repo...
2026-10-02 09:20:59.335 [info] Getting sessions for repo...
2026-10-02 09:20:59.336 [info] Got 0 sessions for repo...
2026-10-02 09:20:59.378 [info] Getting sessions for repo...
2026-10-02 09:20:59.379 [info] Got 0 sessions for repo...
2026-10-02 09:20:59.382 [info] Getting sessions for repo...
2026-10-02 09:20:59.382 [info] Got 0 sessions for repo...
2026-10-02 09:21:01.063 [info] Getting sessions for repo...
2026-10-02 09:21:01.063 [info] Got 0 sessions for repo...
2026-10-02 09:21:01.365 [info] Getting sessions for all scopes...
2026-10-02 09:21:01.365 [info] Got 0 sessions for all scopes...
2026-10-02 09:21:01.366 [info] Getting sessions for all scopes...
2026-10-02 09:21:01.366 [info] Got 0 sessions for all scopes...
2026-10-02 09:21:01.420 [info] Getting sessions for all scopes...
2026-10-02 09:21:01.420 [info] Got 0 sessions for all scopes...
2026-10-02 09:21:01.425 [info] Getting sessions for all scopes...
2026-10-02 09:21:01.425 [info] Got 0 sessions for all scopes...
2026-10-02 09:21:01.705 [info] Getting sessions for all scopes...
2026-10-02 09:21:01.707 [info] Got 0 sessions for all scopes...
