2026-10-02 11:04:59.511 [info] Extension host with pid 31962 started
2026-10-02 11:04:59.511 [error] Error: EEXIST: file already exists, open '/data/data/com.termux/files/home/.local/share/code-server/User/workspaceStorage/6b2b686c/vscode.lock'
2026-10-02 11:04:59.514 [info] Lock '/data/data/com.termux/files/home/.local/share/code-server/User/workspaceStorage/6b2b686c/vscode.lock': Could not acquire lock, checking if the file is stale.
2026-10-02 11:04:59.518 [info] Lock '/data/data/com.termux/files/home/.local/share/code-server/User/workspaceStorage/6b2b686c/vscode.lock': The pid 15305 appears to be gone.
2026-10-02 11:04:59.519 [info] Lock '/data/data/com.termux/files/home/.local/share/code-server/User/workspaceStorage/6b2b686c/vscode.lock': Deleting a stale lock.
2026-10-02 11:04:59.531 [info] Lock '/data/data/com.termux/files/home/.local/share/code-server/User/workspaceStorage/6b2b686c/vscode.lock': Lock acquired.
2026-10-02 11:05:00.094 [info] ExtensionService#_doActivateExtension vscode.github-authentication, startup: false, activationEvent: 'onAuthenticationRequest:github'
2026-10-02 11:05:00.104 [info] ExtensionService#_doActivateExtension vscode.emmet, startup: false, activationEvent: 'onLanguage'
2026-10-02 11:05:00.831 [info] ExtensionService#_doActivateExtension vscode.git-base, startup: true, activationEvent: '*', root cause: vscode.git
2026-10-02 11:05:01.722 [info] ExtensionService#_doActivateExtension vscode.git, startup: true, activationEvent: '*'
2026-10-02 11:05:01.724 [info] ExtensionService#_doActivateExtension vscode.github, startup: true, activationEvent: '*'
2026-10-02 11:05:02.915 [info] Eager extensions activated
2026-10-02 11:05:02.917 [info] ExtensionService#_doActivateExtension vscode.debug-auto-launch, startup: false, activationEvent: 'onStartupFinished'
2026-10-02 11:05:02.924 [info] ExtensionService#_doActivateExtension vscode.merge-conflict, startup: false, activationEvent: 'onStartupFinished'
2026-10-02 11:05:03.279 [info] ExtensionService#_doActivateExtension vscode.configuration-editing, startup: false, activationEvent: 'onLanguage:json'
2026-10-02 11:05:03.280 [info] ExtensionService#_doActivateExtension vscode.extension-editing, startup: false, activationEvent: 'onLanguage:json'
2026-10-02 11:05:03.282 [info] ExtensionService#_doActivateExtension vscode.json-language-features, startup: false, activationEvent: 'onLanguage:json'
2026-10-02 11:05:03.283 [info] ExtensionService#_doActivateExtension vscode.npm, startup: false, activationEvent: 'onLanguage:json'
2026-10-02 11:05:05.915 [warning] [Decorations] CAPPING events from decorations provider vscode.git 2483
2026-10-02 11:05:09.280 [warning] [Decorations] CAPPING events from decorations provider vscode.git 2484
2026-10-02 11:05:11.465 [info] ExtensionService#_doActivateExtension vscode.terminal-suggest, startup: false, activationEvent: 'onTerminalShellIntegration:*'
2026-10-02 11:05:16.743 [warning] [Decorations] CAPPING events from decorations provider vscode.git 2484
2026-10-02 11:06:23.592 [warning] [Decorations] CAPPING events from decorations provider vscode.git 2484
2026-10-02 11:06:28.959 [warning] [Decorations] CAPPING events from decorations provider vscode.git 2484
2026-10-02 11:06:34.301 [warning] [Decorations] CAPPING events from decorations provider vscode.git 2484
2026-10-02 11:06:39.637 [warning] [Decorations] CAPPING events from decorations provider vscode.git 2484
2026-10-02 11:07:57.583 [warning] [Decorations] CAPPING events from decorations provider vscode.git 2484
2026-10-02 11:12:22.571 [warning] [Decorations] CAPPING events from decorations provider vscode.git 2486
2026-10-02 11:12:27.985 [warning] [Decorations] CAPPING events from decorations provider vscode.git 2485
2026-10-02 11:12:33.343 [warning] [Decorations] CAPPING events from decorations provider vscode.git 2485
2026-10-02 11:12:38.695 [warning] [Decorations] CAPPING events from decorations provider vscode.git 2485
2026-10-02 11:12:44.053 [warning] [Decorations] CAPPING events from decorations provider vscode.git 2485
2026-10-02 11:12:49.430 [warning] [Decorations] CAPPING events from decorations provider vscode.git 2485
2026-10-02 11:12:54.800 [warning] [Decorations] CAPPING events from decorations provider vscode.git 2485
2026-10-02 11:13:00.175 [warning] [Decorations] CAPPING events from decorations provider vscode.git 2485
2026-10-02 11:13:05.511 [warning] [Decorations] CAPPING events from decorations provider vscode.git 2485
2026-10-02 11:16:04.982 [warning] [Decorations] CAPPING events from decorations provider vscode.git 2485
2026-10-02 11:16:10.455 [warning] [Decorations] CAPPING events from decorations provider vscode.git 2485
2026-10-02 11:16:15.886 [warning] [Decorations] CAPPING events from decorations provider vscode.git 2485
2026-10-02 11:16:21.638 [warning] [Decorations] CAPPING events from decorations provider vscode.git 2485
2026-10-02 11:16:27.771 [warning] [Decorations] CAPPING events from decorations provider vscode.git 2485
2026-10-02 11:16:33.175 [warning] [Decorations] CAPPING events from decorations provider vscode.git 2485
2026-10-02 11:16:38.513 [warning] [Decorations] CAPPING events from decorations provider vscode.git 2485
2026-10-02 11:16:43.890 [warning] [Decorations] CAPPING events from decorations provider vscode.git 2485
2026-10-02 11:16:49.350 [warning] [Decorations] CAPPING events from decorations provider vscode.git 2485
2026-10-02 11:16:54.827 [warning] [Decorations] CAPPING events from decorations provider vscode.git 2485
2026-10-02 11:17:00.228 [warning] [Decorations] CAPPING events from decorations provider vscode.git 2485
2026-10-02 11:17:05.803 [warning] [Decorations] CAPPING events from decorations provider vscode.git 2486
2026-10-02 11:17:11.180 [warning] [Decorations] CAPPING events from decorations provider vscode.git 2524
2026-10-02 11:17:16.696 [warning] [Decorations] CAPPING events from decorations provider vscode.git 2522
2026-10-02 11:17:22.064 [warning] [Decorations] CAPPING events from decorations provider vscode.git 2522
2026-10-02 11:17:27.426 [warning] [Decorations] CAPPING events from decorations provider vscode.git 2522
2026-10-02 11:17:32.849 [warning] [Decorations] CAPPING events from decorations provider vscode.git 2522
2026-10-02 11:17:38.226 [warning] [Decorations] CAPPING events from decorations provider vscode.git 2522
2026-10-02 11:17:43.612 [warning] [Decorations] CAPPING events from decorations provider vscode.git 2522
2026-10-02 11:17:48.993 [warning] [Decorations] CAPPING events from decorations provider vscode.git 2522
2026-10-02 11:17:54.394 [warning] [Decorations] CAPPING events from decorations provider vscode.git 2522
2026-10-02 11:17:59.776 [warning] [Decorations] CAPPING events from decorations provider vscode.git 2522
2026-10-02 11:18:05.156 [warning] [Decorations] CAPPING events from decorations provider vscode.git 2522
2026-10-02 11:18:10.529 [warning] [Decorations] CAPPING events from decorations provider vscode.git 2522
2026-10-02 11:18:15.923 [warning] [Decorations] CAPPING events from decorations provider vscode.git 2522
2026-10-02 11:18:24.685 [warning] [Decorations] CAPPING events from decorations provider vscode.git 2522
2026-10-02 11:18:30.098 [warning] [Decorations] CAPPING events from decorations provider vscode.git 2522
2026-10-02 11:18:35.480 [warning] [Decorations] CAPPING events from decorations provider vscode.git 2522
2026-10-02 11:18:39.633 [info] ExtensionService#_doActivateExtension qwtel.sqlite-viewer, startup: false, activationEvent: 'onCustomEditor:sqlite-viewer.view'
2026-10-02 11:18:40.906 [info] ExtensionService#_doActivateExtension vscode.typescript-language-features, startup: false, activationEvent: 'onLanguage:jsonc'
2026-10-02 11:18:41.361 [warning] [Decorations] CAPPING events from decorations provider vscode.git 2523
2026-10-02 11:18:47.439 [warning] [Decorations] CAPPING events from decorations provider vscode.git 2525
2026-10-02 11:18:52.850 [warning] [Decorations] CAPPING events from decorations provider vscode.git 2525
2026-10-02 11:18:58.268 [warning] [Decorations] CAPPING events from decorations provider vscode.git 2525
2026-10-02 11:19:03.700 [warning] [Decorations] CAPPING events from decorations provider vscode.git 2525
2026-10-02 11:19:09.129 [warning] [Decorations] CAPPING events from decorations provider vscode.git 2525
2026-10-02 11:19:14.566 [warning] [Decorations] CAPPING events from decorations provider vscode.git 2525
2026-10-02 11:19:20.017 [warning] [Decorations] CAPPING events from decorations provider vscode.git 2525
2026-10-02 11:19:25.458 [warning] [Decorations] CAPPING events from decorations provider vscode.git 2525
2026-10-02 11:19:25.512 [info] ExtensionService#_doActivateExtension vscode.markdown-language-features, startup: false, activationEvent: 'onLanguage:markdown'
2026-10-02 11:19:30.126 [info] ExtensionService#_doActivateExtension vscode.markdown-math, startup: false, activationEvent: 'api', root cause: vscode.markdown-language-features
2026-10-02 11:19:30.128 [info] ExtensionService#_doActivateExtension vscode.mermaid-markdown-features, startup: false, activationEvent: 'api', root cause: vscode.markdown-language-features
2026-10-02 11:19:30.984 [warning] [Decorations] CAPPING events from decorations provider vscode.git 2526
2026-10-02 11:19:36.423 [warning] [Decorations] CAPPING events from decorations provider vscode.git 2526
2026-10-02 11:19:41.925 [warning] [Decorations] CAPPING events from decorations provider vscode.git 2526
2026-10-02 11:19:47.418 [warning] [Decorations] CAPPING events from decorations provider vscode.git 2526
2026-10-02 11:19:52.898 [warning] [Decorations] CAPPING events from decorations provider vscode.git 2526
2026-10-02 11:19:58.392 [warning] [Decorations] CAPPING events from decorations provider vscode.git 2527
2026-10-02 11:20:03.930 [warning] [Decorations] CAPPING events from decorations provider vscode.git 2527
2026-10-02 11:20:09.458 [warning] [Decorations] CAPPING events from decorations provider vscode.git 2527
2026-10-02 11:20:14.973 [warning] [Decorations] CAPPING events from decorations provider vscode.git 2527
2026-10-02 11:20:20.469 [warning] [Decorations] CAPPING events from decorations provider vscode.git 2527
2026-10-02 11:20:25.838 [warning] [Decorations] CAPPING events from decorations provider vscode.git 2527
2026-10-02 11:20:31.227 [warning] [Decorations] CAPPING events from decorations provider vscode.git 2527
2026-10-02 11:20:36.617 [warning] [Decorations] CAPPING events from decorations provider vscode.git 2527
2026-10-02 11:20:42.004 [warning] [Decorations] CAPPING events from decorations provider vscode.git 2527
2026-10-02 11:20:47.396 [warning] [Decorations] CAPPING events from decorations provider vscode.git 2527
2026-10-02 11:20:52.795 [warning] [Decorations] CAPPING events from decorations provider vscode.git 2527
2026-10-02 11:20:58.207 [warning] [Decorations] CAPPING events from decorations provider vscode.git 2527
2026-10-02 11:21:03.602 [warning] [Decorations] CAPPING events from decorations provider vscode.git 2527
2026-10-02 11:21:09.058 [warning] [Decorations] CAPPING events from decorations provider vscode.git 2527
2026-10-02 11:21:14.475 [warning] [Decorations] CAPPING events from decorations provider vscode.git 2527
2026-10-02 11:21:19.913 [warning] [Decorations] CAPPING events from decorations provider vscode.git 2527
2026-10-02 11:21:25.325 [warning] [Decorations] CAPPING events from decorations provider vscode.git 2527
2026-10-02 11:21:31.256 [warning] [Decorations] CAPPING events from decorations provider vscode.git 2527
2026-10-02 11:24:00.189 [warning] [Decorations] CAPPING events from decorations provider vscode.git 2527
2026-10-02 11:24:05.576 [warning] [Decorations] CAPPING events from decorations provider vscode.git 2527
