2026-09-28 16:16:33.598 [info] Reading sessions from keychain...
2026-09-28 16:16:33.598 [info] Getting sessions for all scopes...
2026-09-28 16:16:33.598 [info] Got 0 sessions for all scopes...
2026-09-28 16:16:33.598 [info] Getting sessions for all scopes...
2026-09-28 16:16:33.598 [info] Got 0 sessions for all scopes...
2026-09-28 16:16:33.598 [info] Getting sessions for all scopes...
2026-09-28 16:16:33.598 [info] Got 0 sessions for all scopes...
2026-09-28 16:16:33.598 [info] Getting sessions for all scopes...
2026-09-28 16:16:33.598 [info] Got 0 sessions for all scopes...
2026-09-28 16:16:33.598 [info] Getting sessions for read:user,user:email...
2026-09-28 16:16:33.598 [info] Got 0 sessions for read:user,user:email...
2026-09-28 16:16:33.598 [info] Getting sessions for read:user,user:email...
2026-09-28 16:16:33.598 [info] Got 0 sessions for read:user,user:email...
2026-09-28 16:16:33.598 [info] Getting sessions for all scopes...
2026-09-28 16:16:33.598 [info] Got 0 sessions for all scopes...
2026-09-28 16:16:33.598 [info] Getting sessions for all scopes...
2026-09-28 16:16:33.598 [info] Got 0 sessions for all scopes...
2026-09-28 16:16:35.132 [info] Getting sessions for all scopes...
2026-09-28 16:16:35.134 [info] Got 0 sessions for all scopes...
2026-09-28 16:16:35.457 [info] Getting sessions for all scopes...
2026-09-28 16:16:35.459 [info] Got 0 sessions for all scopes...
2026-09-28 16:16:35.461 [info] Getting sessions for all scopes...
2026-09-28 16:16:35.461 [info] Got 0 sessions for all scopes...
2026-09-28 16:16:36.153 [info] Getting sessions for all scopes...
2026-09-28 16:16:36.155 [info] Got 0 sessions for all scopes...
2026-09-28 16:16:36.434 [info] Getting sessions for repo...
2026-09-28 16:16:36.435 [info] Got 0 sessions for repo...
2026-09-28 16:16:36.436 [info] Getting sessions for repo...
2026-09-28 16:16:36.436 [info] Got 0 sessions for repo...
2026-09-28 16:16:36.903 [info] Getting sessions for all scopes...
2026-09-28 16:16:36.904 [info] Got 0 sessions for all scopes...
2026-09-28 16:16:36.905 [info] Getting sessions for all scopes...
2026-09-28 16:16:36.905 [info] Got 0 sessions for all scopes...
