2026-09-29 18:33:34.516 [info] Extension host with pid 30858 started
2026-09-29 18:33:34.541 [info] Lock '/data/data/com.termux/files/home/.local/share/code-server/User/workspaceStorage/6b2b686c/vscode.lock': Lock acquired.
2026-09-29 18:33:35.229 [info] ExtensionService#_doActivateExtension vscode.github-authentication, startup: false, activationEvent: 'onAuthenticationRequest:github'
2026-09-29 18:33:35.237 [info] ExtensionService#_doActivateExtension vscode.emmet, startup: false, activationEvent: 'onLanguage'
2026-09-29 18:33:36.258 [info] ExtensionService#_doActivateExtension vscode.git-base, startup: true, activationEvent: '*', root cause: vscode.git
2026-09-29 18:33:36.912 [info] ExtensionService#_doActivateExtension vscode.git, startup: true, activationEvent: '*'
2026-09-29 18:33:36.916 [info] ExtensionService#_doActivateExtension vscode.github, startup: true, activationEvent: '*'
2026-09-29 18:33:39.464 [info] Eager extensions activated
2026-09-29 18:33:39.468 [info] ExtensionService#_doActivateExtension vscode.debug-auto-launch, startup: false, activationEvent: 'onStartupFinished'
2026-09-29 18:33:39.471 [info] ExtensionService#_doActivateExtension vscode.merge-conflict, startup: false, activationEvent: 'onStartupFinished'
2026-09-29 18:33:43.475 [info] ExtensionService#_doActivateExtension vscode.extension-editing, startup: false, activationEvent: 'onLanguage:markdown'
2026-09-29 18:33:43.479 [info] ExtensionService#_doActivateExtension vscode.markdown-language-features, startup: false, activationEvent: 'onLanguage:markdown'
2026-09-29 18:33:57.006 [info] ExtensionService#_doActivateExtension vscode.markdown-math, startup: false, activationEvent: 'api', root cause: vscode.markdown-language-features
2026-09-29 18:33:57.009 [info] ExtensionService#_doActivateExtension vscode.mermaid-markdown-features, startup: false, activationEvent: 'api', root cause: vscode.markdown-language-features
2026-09-29 18:37:52.361 [error] [vscode.markdown-language-features] provider FAILED
2026-09-29 18:37:52.383 [error] Error: Request markdown/getUpdatePastedLinksEdit failed with message: Cannot read properties of undefined (reading 'line')
	at Bt (/data/data/com.termux/files/usr/lib/code-server/lib/vscode/extensions/markdown-language-features/dist/extension.js:4:232)
	at ve (/data/data/com.termux/files/usr/lib/code-server/lib/vscode/extensions/markdown-language-features/dist/extension.js:3:6864)
	at Immediate.<anonymous> (/data/data/com.termux/files/usr/lib/code-server/lib/vscode/extensions/markdown-language-features/dist/extension.js:3:6711)
	at process.processImmediate (node:internal/timers:504:21)
2026-09-29 18:40:21.617 [info] ExtensionService#_doActivateExtension vscode.terminal-suggest, startup: false, activationEvent: 'onTerminalShellIntegration:*'
2026-09-29 18:40:47.364 [info] ExtensionService#_doActivateExtension vscode.npm, startup: false, activationEvent: 'onTerminalQuickFixRequest:ms-vscode.npm-command'
