2026-09-29 17:27:57.381 [info] Extension host with pid 21381 started
2026-09-29 17:27:58.204 [info] ExtensionService#_doActivateExtension vscode.github-authentication, startup: false, activationEvent: 'onAuthenticationRequest:github'
2026-09-29 17:27:58.210 [info] ExtensionService#_doActivateExtension vscode.emmet, startup: false, activationEvent: 'onLanguage'
2026-09-29 17:27:58.212 [info] ExtensionService#_doActivateExtension vscode.extension-editing, startup: false, activationEvent: 'onLanguage:markdown'
2026-09-29 17:27:58.213 [info] ExtensionService#_doActivateExtension vscode.markdown-language-features, startup: false, activationEvent: 'onLanguage:markdown'
2026-09-29 17:27:58.215 [info] ExtensionService#_doActivateExtension vscode.configuration-editing, startup: false, activationEvent: 'onLanguage:json'
2026-09-29 17:27:58.216 [info] ExtensionService#_doActivateExtension vscode.json-language-features, startup: false, activationEvent: 'onLanguage:json'
2026-09-29 17:27:58.218 [info] ExtensionService#_doActivateExtension vscode.npm, startup: false, activationEvent: 'onLanguage:json'
2026-09-29 17:28:00.114 [info] ExtensionService#_doActivateExtension vscode.git-base, startup: true, activationEvent: '*', root cause: vscode.git
2026-09-29 17:28:01.348 [info] ExtensionService#_doActivateExtension vscode.git, startup: true, activationEvent: '*'
2026-09-29 17:28:01.350 [info] ExtensionService#_doActivateExtension vscode.github, startup: true, activationEvent: '*'
2026-09-29 17:28:03.110 [info] Eager extensions activated
2026-09-29 17:28:03.112 [info] ExtensionService#_doActivateExtension vscode.debug-auto-launch, startup: false, activationEvent: 'onStartupFinished'
2026-09-29 17:28:03.114 [info] ExtensionService#_doActivateExtension vscode.merge-conflict, startup: false, activationEvent: 'onStartupFinished'
2026-09-29 17:28:04.021 [info] ExtensionService#_doActivateExtension vscode.markdown-math, startup: false, activationEvent: 'api', root cause: vscode.markdown-language-features
2026-09-29 17:28:04.025 [info] ExtensionService#_doActivateExtension vscode.mermaid-markdown-features, startup: false, activationEvent: 'api', root cause: vscode.markdown-language-features
2026-09-29 17:28:08.287 [info] ExtensionService#_doActivateExtension vscode.terminal-suggest, startup: false, activationEvent: 'onTerminalShellIntegration:*'
2026-09-29 18:01:01.955 [error] [vscode.markdown-language-features] provider FAILED
2026-09-29 18:01:01.982 [error] Error: Request markdown/getUpdatePastedLinksEdit failed with message: Cannot read properties of undefined (reading 'line')
	at Bt (/data/data/com.termux/files/usr/lib/code-server/lib/vscode/extensions/markdown-language-features/dist/extension.js:4:232)
	at ve (/data/data/com.termux/files/usr/lib/code-server/lib/vscode/extensions/markdown-language-features/dist/extension.js:3:6864)
	at Immediate.<anonymous> (/data/data/com.termux/files/usr/lib/code-server/lib/vscode/extensions/markdown-language-features/dist/extension.js:3:6711)
	at process.processImmediate (node:internal/timers:504:21)
2026-09-29 18:33:16.737 [info] Extension host terminating: received terminate message from renderer
2026-09-29 18:33:17.444 [info] Extension host with pid 21381 exiting with code 0
